
  [30;42;1m PASS [39;49;22m[39m Tests\Unit\AdminNavigationServiceTest[39m
  [32;1m✓[39;22m[90m [39m[37mdashboardMenu[39m[90m → it returns empty array when user is not authenticated[39m[90m                                       [39m [90m1.17s[39m  
  [32;1m✓[39;22m[90m [39m[37mdashboardMenu[39m[90m → it returns basic menu items for authenticated user without special roles[39m[90m                    [39m [90m0.05s[39m  
  [32;1m✓[39;22m[90m [39m[37mdashboardMenu[39m[90m → it includes super admin menu item for super_admin role[39m[90m                                      [39m [90m0.03s[39m  
  [32;1m✓[39;22m[90m [39m[37mdashboardMenu[39m[90m → it includes register system menu item for admin role[39m[90m                                        [39m [90m0.03s[39m  
  [32;1m✓[39;22m[90m [39m[37mdashboardMenu[39m[90m → it includes register system menu item for register_admin role[39m[90m                               [39m [90m0.05s[39m  
  [32;1m✓[39;22m[90m [39m[37mdashboardMenu[39m[90m → it truncates long user names to 17 characters[39m[90m                                               [39m [90m0.03s[39m  
  [32;1m✓[39;22m[90m [39m[37mdashboardMenu[39m[90m → it includes all menu items for user with multiple roles[39m[90m                                     [39m [90m0.03s[39m  
  [32;1m✓[39;22m[90m [39m[37mdashboardMenu[39m[90m → it ensures Home is always first menu item[39m[90m                                                   [39m [90m0.04s[39m  
  [32;1m✓[39;22m[90m [39m[37mdashboardMenu[39m[90m → it ensures logout is always last menu item[39m[90m                                                  [39m [90m0.03s[39m  
  [32;1m✓[39;22m[90m [39m[37mprofileMenu[39m[90m → it returns menu items for admin role[39m[90m                                                          [39m [90m0.03s[39m  
  [32;1m✓[39;22m[90m [39m[37mprofileMenu[39m[90m → it returns menu items for user role[39m[90m                                                           [39m [90m0.04s[39m  
  [32;1m✓[39;22m[90m [39m[37mprofileMenu[39m[90m → it returns menu items for register_user role[39m[90m                                                  [39m [90m0.02s[39m  
  [32;1m✓[39;22m[90m [39m[37mprofileMenu[39m[90m → it returns menu items for register_admin role[39m[90m                                                 [39m [90m0.04s[39m  
  [32;1m✓[39;22m[90m [39m[37mprofileMenu[39m[90m → it includes home menu item with correct properties[39m[90m                                            [39m [90m0.05s[39m  
  [32;1m✓[39;22m[90m [39m[37mprofileMenu[39m[90m → it includes password change menu item with correct properties[39m[90m                                 [39m [90m0.03s[39m  
  [32;1m✓[39;22m[90m [39m[37mprofileMenu[39m[90m → it includes 2FA menu item with correct properties[39m[90m                                             [39m [90m0.03s[39m  
  [32;1m✓[39;22m[90m [39m[37mprofileMenu[39m[90m → it returns empty array for user without proper roles[39m[90m                                          [39m [90m0.03s[39m  
  [32;1m✓[39;22m[90m [39m[37mprofileMenu[39m[90m → it all menu items have empty title field[39m[90m                                                      [39m [90m0.04s[39m  
  [32;1m✓[39;22m[90m [39m[37mprofileMenu[39m[90m → it all menu items have secondary color[39m[90m                                                        [39m [90m0.02s[39m  
  [32;1m✓[39;22m[90m [39m[37muserMenu[39m[90m → it returns home menu item for all users[39m[90m                                                          [39m [90m0.02s[39m  
  [32;1m✓[39;22m[90m [39m[37muserMenu[39m[90m → it includes roles menu item for super_admin[39m[90m                                                      [39m [90m0.02s[39m  
  [32;1m✓[39;22m[90m [39m[37muserMenu[39m[90m → it does not include roles menu item for non super_admin[39m[90m                                          [39m [90m0.02s[39m  
  [32;1m✓[39;22m[90m [39m[37muserMenu[39m[90m → it home menu item has correct structure[39m[90m                                                          [39m [90m0.02s[39m  
  [32;1m✓[39;22m[90m [39m[37muserSelection[39m[90m → it returns user selection for admin role[39m[90m                                                    [39m [90m0.04s[39m  
  [32;1m✓[39;22m[90m [39m[37muserSelection[39m[90m → it returns empty array for non-admin users[39m[90m                                                  [39m [90m0.05s[39m  
  [32;1m✓[39;22m[90m [39m[37muserSelection[39m[90m → it user selection item has correct structure[39m[90m                                                [39m [90m0.03s[39m  
  [32;1m✓[39;22m[90m [39m[37mHasRoleTrait integration[39m[90m → it properly checks for multiple roles[39m[90m                                            [39m [90m0.04s[39m  
  [32;1m✓[39;22m[90m [39m[37mHasRoleTrait integration[39m[90m → it handles unauthenticated users gracefully[39m[90m                                      [39m [90m0.04s[39m  
  [32;1m✓[39;22m[90m [39m[37mmenu item consistency[39m[90m → it all dashboard menu items have required keys[39m[90m                                      [39m [90m0.02s[39m  
  [32;1m✓[39;22m[90m [39m[37mmenu item consistency[39m[90m → it menu items use consistent icon prefix[39m[90m                                            [39m [90m0.05s[39m  

  [30;42;1m PASS [39;49;22m[39m Tests\Unit\AdminServiceTest[39m
  [32;1m✓[39;22m[90m [39m[37mcheckRegister[39m[90m → it returns null when user does not exist[39m[90m                                                    [39m [90m0.04s[39m  
  [32;1m✓[39;22m[90m [39m[37mcheckRegister[39m[90m → it aborts when user exists but registration not started[39m[90m                                     [39m [90m0.03s[39m  
  [32;1m✓[39;22m[90m [39m[37mcheckRegister[39m[90m → it validates token for REGISTER_ENTER_TOKEN step[39m[90m                                            [39m [90m0.03s[39m  
  [32;1m✓[39;22m[90m [39m[37mcheckRegister[39m[90m → it aborts when token is invalid for REGISTER_ENTER_TOKEN step[39m[90m                               [39m [90m0.03s[39m  
  [32;1m✓[39;22m[90m [39m[37mcheckRegister[39m[90m → it validates all fields for REGISTER_ENTER_FIELDS step[39m[90m                                      [39m [90m0.03s[39m  
  [32;1m✓[39;22m[90m [39m[37mcheckRegister[39m[90m → it aborts when last name is empty for REGISTER_ENTER_FIELDS step[39m[90m                            [39m [90m0.02s[39m  
  [32;1m✓[39;22m[90m [39m[37mcheckRegister[39m[90m → it aborts when passwords do not match for REGISTER_ENTER_FIELDS step[39m[90m                        [39m [90m0.03s[39m  
  [32;1m✓[39;22m[90m [39m[37mcreateRegisterUser[39m[90m → it creates a new user with registration data[39m[90m                                           [39m [90m0.03s[39m  
  [32;1m✓[39;22m[90m [39m[37mcreateRegisterUser[39m[90m → it hashes password during user creation[39m[90m                                                [39m [90m0.02s[39m  
  [32;1m✓[39;22m[90m [39m[37mcreateRegisterUser[39m[90m → it sets register_as to admin[39m[90m                                                           [39m [90m0.04s[39m  
  [32;1m✓[39;22m[90m [39m[37mcreateRegisterUser[39m[90m → it sets user as inactive by default[39m[90m                                                    [39m [90m0.02s[39m  
  [32;1m✓[39;22m[90m [39m[37mupdateRegisterUser[39m[90m → it updates user with registration data[39m[90m                                                 [39m [90m0.03s[39m  
  [32;1m✓[39;22m[90m [39m[37mupdateRegisterUser[39m[90m → it sets confirmed_at when confirmation not required[39m[90m                                    [39m [90m0.04s[39m  
  [32;1m✓[39;22m[90m [39m[37mupdateRegisterUser[39m[90m → it does not set confirmed_at when confirmation required[39m[90m                                [39m [90m0.03s[39m  
  [32;1m✓[39;22m[90m [39m[37mupdateRegisterUser[39m[90m → it hashes the password correctly[39m[90m                                                       [39m [90m0.03s[39m  
  [32;1m✓[39;22m[90m [39m[37mupdateRegisterUser[39m[90m → it handles null first_name[39m[90m                                                             [39m [90m0.03s[39m  
  [32;1m✓[39;22m[90m [39m[37mlogin[39m[90m → it logs in user and regenerates session[39m[90m                                                             [39m [90m0.06s[39m  
  [32;1m✓[39;22m[90m [39m[37mlogin[39m[90m → it returns the authenticated user[39m[90m                                                                   [39m [90m0.05s[39m  
  [32;1m✓[39;22m[90m [39m[37mlogin2Fa[39m[90m → it logs in user with valid 2FA token[39m[90m                                                             [39m [90m0.03s[39m  
  [32;1m✓[39;22m[90m [39m[37mlogin2Fa[39m[90m → it clears 2FA token after successful login[39m[90m                                                       [39m [90m0.03s[39m  
  [32;1m✓[39;22m[90m [39m[37mlogin2Fa[39m[90m → it aborts when token is invalid[39m[90m                                                                  [39m [90m0.03s[39m  
  [32;1m✓[39;22m[90m [39m[37mlogin2Fa[39m[90m → it aborts when token is expired[39m[90m                                                                  [39m [90m0.03s[39m  
  [32;1m✓[39;22m[90m [39m[37mcheckEmail[39m[90m → it returns schools for email with multiple schools[39m[90m                                             [39m [90m0.04s[39m  
  [32;1m✓[39;22m[90m [39m[37mcheckEmail[39m[90m → it sends token for email with single school[39m[90m                                                    [39m [90m0.02s[39m  
  [32;1m✓[39;22m[90m [39m[37mcheckEmail[39m[90m → it orders schools alphabetically by long_name[39m[90m                                                  [39m [90m0.04s[39m  
  [32;1m✓[39;22m[90m [39m[37mpasswordUnkownSendToken[39m[90m → it sends token to user and returns data with school[39m[90m                               [39m [90m0.03s[39m  
  [32;1m✓[39;22m[90m [39m[37mpasswordUnkownSendToken[39m[90m → it aborts when user not found[39m[90m                                                     [39m [90m0.02s[39m  
  [32;1m✓[39;22m[90m [39m[37mpasswordUnkownCheckToken[39m[90m → it validates token successfully[39m[90m                                                  [39m [90m0.04s[39m  
  [32;1m✓[39;22m[90m [39m[37mpasswordUnkownCheckToken[39m[90m → it aborts when token is wrong[39m[90m                                                    [39m [90m0.02s[39m  
  [32;1m✓[39;22m[90m [39m[37mpasswordUnkownCheckToken[39m[90m → it aborts when token is expired[39m[90m                                                  [39m [90m0.04s[39m  
  [32;1m✓[39;22m[90m [39m[37mpasswordUnkownCheckToken[39m[90m → it aborts when user not found[39m[90m                                                    [39m [90m0.03s[39m  
  [32;1m✓[39;22m[90m [39m[37mpasswordUnkownSetPassword[39m[90m → it updates user password successfully[39m[90m                                           [39m [90m0.04s[39m  
  [32;1m✓[39;22m[90m [39m[37mcheck2Fa[39m[90m → it requires 2FA for user with 2FA enabled[39m[90m                                                        [39m [90m0.03s[39m  
  [32;1m✓[39;22m[90m [39m[37mcheck2Fa[39m[90m → it skips 2FA for user without 2FA enabled[39m[90m                                                        [39m [90m0.03s[39m  
  [32;1m✓[39;22m[90m [39m[37msetToken2Fa[39m[90m → it generates and saves 2FA token[39m[90m                                                              [39m [90m0.03s[39m  
  [32;1m✓[39;22m[90m [39m[37msetToken2Fa[39m[90m → it sends notification email[39m[90m                                                                   [39m [90m0.03s[39m  
  [32;1m✓[39;22m[90m [39m[37mcheckLogin[39m[90m → it validates successful login with correct credentials[39m[90m                                         [39m [90m0.04s[39m  
  [32;1m✓[39;22m[90m [39m[37mcheckLogin[39m[90m → it aborts when user does not exist[39m[90m                                                             [39m [90m0.03s[39m  
  [32;1m✓[39;22m[90m [39m[37mcheckLogin[39m[90m → it aborts when user is not confirmed[39m[90m                                                           [39m [90m0.05s[39m  
  [32;1m✓[39;22m[90m [39m[37mcheckLogin[39m[90m → it aborts when user is not active[39m[90m                                                              [39m [90m0.03s[39m  
  [32;1m✓[39;22m[90m [39m[37mcheckLogin[39m[90m → it aborts when user lacks required roles[39m[90m                                                       [39m [90m0.04s[39m  
  [32;1m✓[39;22m[90m [39m[37mcheckLogin[39m[90m → it aborts when password is incorrect[39m[90m                                                           [39m [90m0.04s[39m  
  [32;1m✓[39;22m[90m [39m[37mcheckLogin[39m[90m → it accepts admin role for login[39m[90m                                                                [39m [90m0.05s[39m  
  [32;1m✓[39;22m[90m [39m[37mcheckLogin[39m[90m → it accepts super_admin role for login[39m[90m                                                          [39m [90m0.03s[39m  
  [32;1m✓[39;22m[90m [39m[37mcheckLogin[39m[90m → it accepts register_admin role for login[39m[90m                                                       [39m [90m0.05s[39m  
  [32;1m✓[39;22m[90m [39m[37mcheckUserLogin[39m[90m → it validates user login with password step[39m[90m                                                 [39m [90m0.03s[39m  
  [32;1m✓[39;22m[90m [39m[37mcheckUserLogin[39m[90m → it validates user login with token step[39m[90m                                                    [39m [90m0.04s[39m  
  [32;1m✓[39;22m[90m [39m[37mcheckUserLogin[39m[90m → it aborts when user does not exist[39m[90m                                                         [39m [90m0.03s[39m  
  [32;1m✓[39;22m[90m [39m[37mcheckUserLogin[39m[90m → it aborts when user is not confirmed[39m[90m                                                       [39m [90m0.03s[39m  
  [32;1m✓[39;22m[90m [39m[37mcheckUserLogin[39m[90m → it aborts when user is not active[39m[90m                                                          [39m [90m0.03s[39m  
  [32;1m✓[39;22m[90m [39m[37mcheckUserLogin[39m[90m → it aborts when password is incorrect for password step[39m[90m                                     [39m [90m0.04s[39m  
  [32;1m✓[39;22m[90m [39m[37mcheckUserLogin[39m[90m → it aborts when token is invalid for token step[39m[90m                                             [39m [90m0.03s[39m  
  [32;1m✓[39;22m[90m [39m[37mcheckUserLogin[39m[90m → it accepts user role for login[39m[90m                                                             [39m [90m0.03s[39m  
  [32;1m✓[39;22m[90m [39m[37mcheckUserLogin[39m[90m → it accepts admin role for user login[39m[90m                                                       [39m [90m0.05s[39m  
  [32;1m✓[39;22m[90m [39m[37msendRegisterToken[39m[90m → it sends registration token via email[39m[90m                                                   [39m [90m0.02s[39m  
  [32;1m✓[39;22m[90m [39m[37msendRegisterToken[39m[90m → it sets token on user model[39m[90m                                                             [39m [90m0.02s[39m  
  [32;1m✓[39;22m[90m [39m[37msendRegisterToken[39m[90m → it uses correct email subject[39m[90m                                                           [39m [90m0.05s[39m  

  [30;42;1m PASS [39;49;22m[39m Tests\Unit\AuthServiceTest[39m
  [32;1m✓[39;22m[90m [39m[37mgetAuth[39m[90m → it returns is_auth false when user is not authenticated[39m[90m                                           [39m [90m0.04s[39m  
  [32;1m✓[39;22m[90m [39m[37mgetAuth[39m[90m → it returns is_auth true when user is authenticated[39m[90m                                                [39m [90m0.05s[39m  
  [32;1m✓[39;22m[90m [39m[37mgetAuth[39m[90m → it returns user data with correct structure when authenticated[39m[90m                                    [39m [90m0.03s[39m  
  [32;1m✓[39;22m[90m [39m[37mgetAuth[39m[90m → it returns user with default tutoring_filter when not set[39m[90m                                         [39m [90m0.03s[39m  
  [32;1m✓[39;22m[90m [39m[37mgetAuth[39m[90m → it returns user with custom tutoring_filter when set[39m[90m                                              [39m [90m0.04s[39m  
  [32;1m✓[39;22m[90m [39m[37mgetAuth[39m[90m → it returns empty roles collection when user has no roles[39m[90m                                          [39m [90m0.04s[39m  
  [32;1m✓[39;22m[90m [39m[37mgetAuth[39m[90m → it returns roles array when user has single role[39m[90m                                                  [39m [90m0.03s[39m  
  [32;1m✓[39;22m[90m [39m[37mgetAuth[39m[90m → it returns roles array when user has multiple roles[39m[90m                                               [39m [90m0.02s[39m  
  [32;1m✓[39;22m[90m [39m[37mgetAuth[39m[90m → it returns correct role structure with id and name[39m[90m                                                [39m [90m0.02s[39m  
  [32;1m✓[39;22m[90m [39m[37mgetAuth[39m[90m → it handles authentication state changes correctly[39m[90m                                                 [39m [90m0.03s[39m  
  [32;1m✓[39;22m[90m [39m[37mgetAuth[39m[90m → it returns consistent structure for different users[39m[90m                                               [39m [90m0.04s[39m  
  [32;1m✓[39;22m[90m [39m[37mgetAuth[39m[90m → it does not expose sensitive user data[39m[90m                                                            [39m [90m0.05s[39m  
  [32;1m✓[39;22m[90m [39m[37mgetAuth[39m[90m → it handles users with null optional fields[39m[90m                                                        [39m [90m0.05s[39m  
  [32;1m✓[39;22m[90m [39m[37mgetAuth[39m[90m → it returns user with all available role types[39m[90m                                                     [39m [90m0.04s[39m  
  [32;1m✓[39;22m[90m [39m[37mgetAuth[39m[90m → it returns UserResource instance for user field[39m[90m                                                   [39m [90m0.04s[39m  
  [32;1m✓[39;22m[90m [39m[37mgetAuth[39m[90m → it returns AnonymousResourceCollection for roles field[39m[90m                                            [39m [90m0.04s[39m  
  [32;1m✓[39;22m[90m [39m[37mgetAuth[39m[90m → it returns auth structure matches expected API format[39m[90m                                             [39m [90m0.03s[39m  

  [30;42;1m PASS [39;49;22m[39m Tests\Unit\HomepageRoutingServiceTest[39m
  [32;1m✓[39;22m[90m [39m[37mcheckRoute without school parameter[39m[90m → it returns default homepage redirect when no school is provided[39m[90m       [39m [90m0.05s[39m  
  [32;1m✓[39;22m[90m [39m[37mcheckRoute without school parameter[39m[90m → it returns default homepage redirect when school is empty string[39m[90m      [39m [90m0.03s[39m  
  [32;1m✓[39;22m[90m [39m[37mcheckRoute without school parameter[39m[90m → it returns default homepage redirect when school is false[39m[90m             [39m [90m0.03s[39m  
  [32;1m✓[39;22m[90m [39m[37mcheckRoute without school parameter[39m[90m → it ignores licence parameter when no school is provided[39m[90m               [39m [90m0.03s[39m  
  [32;1m✓[39;22m[90m [39m[37mcheckRoute with invalid school[39m[90m → it returns error when school does not exist[39m[90m                                [39m [90m0.03s[39m  
  [32;1m✓[39;22m[90m [39m[37mcheckRoute with invalid school[39m[90m → it returns error for school with special characters[39m[90m                        [39m [90m0.03s[39m  
  [32;1m✓[39;22m[90m [39m[37mcheckRoute with invalid school[39m[90m → it is case insensitive for school short_name[39m[90m                               [39m [90m0.04s[39m  
  [32;1m✓[39;22m[90m [39m[37mcheckRoute with valid school only[39m[90m → it returns success with school parameter when school exists[39m[90m             [39m [90m0.03s[39m  
  [32;1m✓[39;22m[90m [39m[37mcheckRoute with valid school only[39m[90m → it handles school with single letter short_name[39m[90m                         [39m [90m0.03s[39m  
  [32;1m✓[39;22m[90m [39m[37mcheckRoute with valid school only[39m[90m → it handles school with long short_name[39m[90m                                  [39m [90m0.03s[39m  
  [32;1m✓[39;22m[90m [39m[37mcheckRoute with valid school only[39m[90m → it handles school with numbers in short_name[39m[90m                            [39m [90m0.02s[39m  
  [32;1m✓[39;22m[90m [39m[37mcheckRoute with valid school only[39m[90m → it ignores licence when licence parameter is empty[39m[90m                      [39m [90m0.03s[39m  
  [32;1m✓[39;22m[90m [39m[37mcheckRoute with valid school only[39m[90m → it ignores licence when licence parameter is false[39m[90m                      [39m [90m0.03s[39m  
  [32;1m✓[39;22m[90m [39m[37mcheckRoute with school and invalid licence[39m[90m → it returns error when licence does not exist[39m[90m                   [39m [90m0.03s[39m  
  [32;1m✓[39;22m[90m [39m[37mcheckRoute with school and invalid licence[39m[90m → it returns error when school does not have the licence[39m[90m         [39m [90m0.02s[39m  
  [32;1m✓[39;22m[90m [39m[37mcheckRoute with school and invalid licence[39m[90m → it returns error when school licence has expired[39m[90m               [39m [90m0.03s[39m  
  [32;1m✓[39;22m[90m [39m[37mcheckRoute with school and invalid licence[39m[90m → it returns error when school licence expired today[39m[90m             [39m [90m0.02s[39m  
  [32;1m✓[39;22m[90m [39m[37mcheckRoute with school and valid licence[39m[90m → it returns success with both school and licence parameters[39m[90m       [39m [90m0.03s[39m  
  [32;1m✓[39;22m[90m [39m[37mcheckRoute with school and valid licence[39m[90m → it returns success when licence is valid in far future[39m[90m           [39m [90m0.03s[39m  
  [32;1m✓[39;22m[90m [39m[37mcheckRoute with school and valid licence[39m[90m → it returns success when licence expires later today[39m[90m              [39m [90m0.03s[39m  
  [32;1m✓[39;22m[90m [39m[37mcheckRoute with school and valid licence[39m[90m → it handles licence with hyphenated name[39m[90m                          [39m [90m0.05s[39m  
  [32;1m✓[39;22m[90m [39m[37mcheckRoute with school and valid licence[39m[90m → it handles licence with underscore in name[39m[90m                       [39m [90m0.02s[39m  
  [32;1m✓[39;22m[90m [39m[37mcheckRoute with null valid_until[39m[90m → it handles school licence with null valid_until[39m[90m                          [39m [90m0.02s[39m  
  [32;1m✓[39;22m[90m [39m[37mcheckRoute integration tests[39m[90m → it handles multiple schools with same licence name[39m[90m                           [39m [90m0.04s[39m  
  [32;1m✓[39;22m[90m [39m[37mcheckRoute integration tests[39m[90m → it handles school with multiple licences[39m[90m                                     [39m [90m0.04s[39m  
  [32;1m✓[39;22m[90m [39m[37mcheckRoute integration tests[39m[90m → it handles school with expired and valid licences[39m[90m                            [39m [90m0.03s[39m  
  [32;1m✓[39;22m[90m [39m[37mcheckRoute integration tests[39m[90m → it uses LicenceService internally for licence validation[39m[90m                     [39m [90m0.03s[39m  
  [32;1m✓[39;22m[90m [39m[37mcheckRoute edge cases[39m[90m → it handles whitespace in school parameter[39m[90m                                           [39m [90m0.05s[39m  
  [32;1m✓[39;22m[90m [39m[37mcheckRoute edge cases[39m[90m → it handles null values correctly[39m[90m                                                    [39m [90m0.03s[39m  
  [32;1m✓[39;22m[90m [39m[37mcheckRoute edge cases[39m[90m → it returns consistent response structure on success[39m[90m                                 [39m [90m0.03s[39m  
  [32;1m✓[39;22m[90m [39m[37mcheckRoute edge cases[39m[90m → it returns consistent response structure on error[39m[90m                                   [39m [90m0.04s[39m  
  [32;1m✓[39;22m[90m [39m[37mcheckRoute edge cases[39m[90m → it handles URL special characters in school name[39m[90m                                    [39m [90m0.03s[39m  
  [32;1m✓[39;22m[90m [39m[37mcheckRoute return value validation[39m[90m → it always returns an array[39m[90m                                             [39m [90m0.04s[39m  
  [32;1m✓[39;22m[90m [39m[37mcheckRoute return value validation[39m[90m → it always includes status key[39m[90m                                          [39m [90m0.03s[39m  
  [32;1m✓[39;22m[90m [39m[37mcheckRoute return value validation[39m[90m → it status is either ok or error[39m[90m                                        [39m [90m0.03s[39m  
  [32;1m✓[39;22m[90m [39m[37mcheckRoute return value validation[39m[90m → it includes redirect on success and msg on error[39m[90m                       [39m [90m0.02s[39m  

  [30;42;1m PASS [39;49;22m[39m Tests\Unit\InstallUpdateServiceTest[39m
  [32;1m✓[39;22m[90m [39m[37mcreateRoles[39m[90m → it creates a single role[39m[90m                                                                      [39m [90m0.05s[39m  
  [32;1m✓[39;22m[90m [39m[37mcreateRoles[39m[90m → it creates multiple roles[39m[90m                                                                     [39m [90m0.04s[39m  
  [32;1m✓[39;22m[90m [39m[37mcreateRoles[39m[90m → it sets web as guard name for all roles[39m[90m                                                       [39m [90m0.03s[39m  
  [32;1m✓[39;22m[90m [39m[37mcreateRoles[39m[90m → it does not duplicate roles if they already exist[39m[90m                                             [39m [90m0.03s[39m  
  [32;1m✓[39;22m[90m [39m[37mcreateRoles[39m[90m → it handles empty array gracefully[39m[90m                                                             [39m [90m0.03s[39m  
  [32;1m✓[39;22m[90m [39m[37mcreateRoles[39m[90m → it creates roles with special characters in name[39m[90m                                              [39m [90m0.02s[39m  
  [32;1m✓[39;22m[90m [39m[37mcreateRoles[39m[90m → it creates many roles efficiently[39m[90m                                                             [39m [90m0.02s[39m  
  [32;1m✓[39;22m[90m [39m[37mcreateRoles[39m[90m → it maintains existing roles when creating new ones[39m[90m                                            [39m [90m0.03s[39m  
  [32;1m✓[39;22m[90m [39m[37mcheckSuperAdmins[39m[90m → it creates super admin for school without one[39m[90m                                            [39m [90m0.03s[39m  
  [32;1m✓[39;22m[90m [39m[37mcheckSuperAdmins[39m[90m → it creates super admin with correct attributes[39m[90m                                           [39m [90m0.04s[39m  
  [32;1m✓[39;22m[90m [39m[37mcheckSuperAdmins[39m[90m → it uses default password when SA_PW is not set[39m[90m                                           [39m [90m0.03s[39m  
  [32;1m✓[39;22m[90m [39m[37mcheckSuperAdmins[39m[90m → it does not create duplicate super admin if one exists[39m[90m                                   [39m [90m0.03s[39m  
  [32;1m✓[39;22m[90m [39m[37mcheckSuperAdmins[39m[90m → it handles multiple schools correctly[39m[90m                                                    [39m [90m0.05s[39m  
  [32;1m✓[39;22m[90m [39m[37mcheckSuperAdmins[39m[90m → it creates super admin only for schools missing one[39m[90m                                      [39m [90m0.03s[39m  
  [32;1m✓[39;22m[90m [39m[37mcheckSuperAdmins[39m[90m → it does nothing when no schools exist[39m[90m                                                    [39m [90m0.04s[39m  
  [32;1m✓[39;22m[90m [39m[37mcheckSuperAdmins[39m[90m → it assigns super_admin role to created user[39m[90m                                              [39m [90m0.04s[39m  
  [32;1m✓[39;22m[90m [39m[37mcheckSuperAdmins[39m[90m → it creates super admin with school relationship[39m[90m                                          [39m [90m0.03s[39m  
  [32;1m✓[39;22m[90m [39m[37mfindOrCreateFolders[39m[90m → it creates per-school temp directories for all schools[39m[90m                                [39m [90m0.03s[39m  
  [32;1m✓[39;22m[90m [39m[37mfindOrCreateFolders[39m[90m → it creates per-school excel directories for all schools[39m[90m                               [39m [90m0.06s[39m  
  [32;1m✓[39;22m[90m [39m[37mfindOrCreateFolders[39m[90m → it creates per-school pdf directories for all schools[39m[90m                                 [39m [90m0.05s[39m  
  [32;1m✓[39;22m[90m [39m[37mfindOrCreateFolders[39m[90m → it creates images directory in public disk if it does not exist[39m[90m                       [39m [90m0.04s[39m  
  [32;1m✓[39;22m[90m [39m[37mfindOrCreateFolders[39m[90m → it creates all required directories for each school[39m[90m                                   [39m [90m0.04s[39m  
  [32;1m✓[39;22m[90m [39m[37mfindOrCreateFolders[39m[90m → it cleans existing temp directory for each school[39m[90m                                     [39m [90m0.03s[39m  
  [32;1m✓[39;22m[90m [39m[37mfindOrCreateFolders[39m[90m → it cleans existing excel directory for each school[39m[90m                                    [39m [90m0.05s[39m  
  [32;1m✓[39;22m[90m [39m[37mfindOrCreateFolders[39m[90m → it cleans existing pdf directory for each school[39m[90m                                      [39m [90m0.05s[39m  
  [32;1m✓[39;22m[90m [39m[37mfindOrCreateFolders[39m[90m → it does not clean images directory in public disk[39m[90m                                     [39m [90m0.05s[39m  
  [32;1m✓[39;22m[90m [39m[37mfindOrCreateFolders[39m[90m → it removes subdirectories in temp directory for each school[39m[90m                           [39m [90m0.05s[39m  
  [32;1m✓[39;22m[90m [39m[37mfindOrCreateFolders[39m[90m → it removes subdirectories in excel directory for each school[39m[90m                          [39m [90m0.05s[39m  
  [32;1m✓[39;22m[90m [39m[37mfindOrCreateFolders[39m[90m → it removes subdirectories in pdf directory for each school[39m[90m                            [39m [90m0.05s[39m  
  [32;1m✓[39;22m[90m [39m[37mfindOrCreateFolders[39m[90m → it handles multiple files in directories for each school[39m[90m                              [39m [90m0.07s[39m  
  [32;1m✓[39;22m[90m [39m[37mfindOrCreateFolders[39m[90m → it handles nested subdirectories for each school[39m[90m                                      [39m [90m0.06s[39m  
  [32;1m✓[39;22m[90m [39m[37mfindOrCreateFolders[39m[90m → it can be called multiple times safely[39m[90m                                                [39m [90m0.05s[39m  
  [32;1m✓[39;22m[90m [39m[37mfindOrCreateFolders[39m[90m → it handles when no schools exist[39m[90m                                                      [39m [90m0.05s[39m  
  [32;1m✓[39;22m[90m [39m[37mfindOrCreateFolders[39m[90m → it creates folders for multiple schools independently[39m[90m                                 [39m [90m0.05s[39m  
  [32;1m✓[39;22m[90m [39m[37mcreateOrCleanDirectory (private method testing)[39m[90m → it creates directory when it does not exist[39m[90m               [39m [90m0.04s[39m  
  [32;1m✓[39;22m[90m [39m[37mcreateOrCleanDirectory (private method testing)[39m[90m → it cleans directory when it exists[39m[90m                        [39m [90m0.04s[39m  
  [32;1m✓[39;22m[90m [39m[37mcreateOrCleanDirectory (private method testing)[39m[90m → it preserves directory structure while cleaning content[39m[90m   [39m [90m0.05s[39m  
  [32;1m✓[39;22m[90m [39m[37mintegration tests[39m[90m → it sets up complete installation environment[39m[90m                                            [39m [90m0.04s[39m  
  [32;1m✓[39;22m[90m [39m[37mintegration tests[39m[90m → it handles multiple schools in installation[39m[90m                                             [39m [90m0.05s[39m  
  [32;1m✓[39;22m[90m [39m[37mintegration tests[39m[90m → it can safely rerun installation process[39m[90m                                                [39m [90m0.07s[39m  
  [32;1m✓[39;22m[90m [39m[37mintegration tests[39m[90m → it cleans temporary directories while preserving system state[39m[90m                           [39m [90m0.05s[39m  
  [32;1m✓[39;22m[90m [39m[37medge cases and error handling[39m[90m → it handles schools without users relationship[39m[90m                               [39m [90m0.04s[39m  
  [32;1m✓[39;22m[90m [39m[37medge cases and error handling[39m[90m → it handles empty role array[39m[90m                                                 [39m [90m0.04s[39m  
  [32;1m✓[39;22m[90m [39m[37medge cases and error handling[39m[90m → it handles role names with spaces[39m[90m                                           [39m [90m0.02s[39m  
  [32;1m✓[39;22m[90m [39m[37medge cases and error handling[39m[90m → it handles concurrent directory operations[39m[90m                                  [39m [90m0.05s[39m  

  [30;42;1m PASS [39;49;22m[39m Tests\Unit\LicenceServiceTest[39m
  [32;1m✓[39;22m[90m [39m[37mselectableSchoolLicences[39m[90m → it returns all licences for a given school[39m[90m                                       [39m [90m0.06s[39m  
  [32;1m✓[39;22m[90m [39m[37mselectableSchoolLicences[39m[90m → it returns empty collection when school has no licences[39m[90m                          [39m [90m0.05s[39m  
  [32;1m✓[39;22m[90m [39m[37mselectableSchoolLicences[39m[90m → it only returns licences for the specified school[39m[90m                                [39m [90m0.02s[39m  
  [32;1m✓[39;22m[90m [39m[37misLicenceValid[39m[90m → it returns true when licence is valid and has no expiration date[39m[90m                           [39m [90m0.02s[39m  
  [32;1m✓[39;22m[90m [39m[37misLicenceValid[39m[90m → it returns true when licence is valid and expires in the future[39m[90m                            [39m [90m0.04s[39m  
  [32;1m✓[39;22m[90m [39m[37misLicenceValid[39m[90m → it returns false when school does not exist[39m[90m                                                [39m [90m0.05s[39m  
  [32;1m✓[39;22m[90m [39m[37misLicenceValid[39m[90m → it returns false when licence does not exist[39m[90m                                               [39m [90m0.04s[39m  
  [32;1m✓[39;22m[90m [39m[37misLicenceValid[39m[90m → it returns false when school does not have the licence[39m[90m                                     [39m [90m0.05s[39m  
  [32;1m✓[39;22m[90m [39m[37misLicenceValid[39m[90m → it returns false when licence has expired[39m[90m                                                  [39m [90m0.03s[39m  
  [32;1m✓[39;22m[90m [39m[37misLicenceValid[39m[90m → it returns true when licence expires today but in the future[39m[90m                               [39m [90m0.02s[39m  
  [32;1m✓[39;22m[90m [39m[37misLicenceValid[39m[90m → it returns true when licence expires tomorrow[39m[90m                                              [39m [90m0.05s[39m  
  [32;1m✓[39;22m[90m [39m[37mschoolAddLicence[39m[90m → it creates a new school licence when it does not exist[39m[90m                                   [39m [90m0.03s[39m  
  [32;1m✓[39;22m[90m [39m[37mschoolAddLicence[39m[90m → it updates existing school licence when it already exists[39m[90m                                [39m [90m0.03s[39m  
  [32;1m✓[39;22m[90m [39m[37mschoolAddLicence[39m[90m → it handles null valid_until date[39m[90m                                                         [39m [90m0.03s[39m  
  [32;1m✓[39;22m[90m [39m[37mschoolAddLicence[39m[90m → it accepts school array with id[39m[90m                                                          [39m [90m0.03s[39m  
  [32;1m✓[39;22m[90m [39m[37mdeleteLicences[39m[90m → it deletes licences when they are not assigned to any school[39m[90m                               [39m [90m0.03s[39m  
  [32;1m✓[39;22m[90m [39m[37mdeleteLicences[39m[90m → it deletes single licence by id[39m[90m                                                            [39m [90m0.05s[39m  
  [32;1m✓[39;22m[90m [39m[37mdeleteLicences[39m[90m → it aborts when trying to delete licence assigned to a school[39m[90m                               [39m [90m0.03s[39m  
  [32;1m✓[39;22m[90m [39m[37mdeleteLicences[39m[90m → it aborts when at least one licence in the array is assigned to a school[39m[90m                   [39m [90m0.03s[39m  
  [32;1m✓[39;22m[90m [39m[37mdeleteLicences[39m[90m → it does not delete any licences when one is assigned[39m[90m                                       [39m [90m0.02s[39m  
  [32;1m✓[39;22m[90m [39m[37mcheckLicence[39m[90m → it returns success status when licence is valid[39m[90m                                              [39m [90m0.03s[39m  
  [32;1m✓[39;22m[90m [39m[37mcheckLicence[39m[90m → it returns error when licence has no expiration date set[39m[90m                                     [39m [90m0.02s[39m  
  [32;1m✓[39;22m[90m [39m[37mcheckLicence[39m[90m → it returns error when licence does not exist[39m[90m                                                 [39m [90m0.03s[39m  
  [32;1m✓[39;22m[90m [39m[37mcheckLicence[39m[90m → it returns error when school does not have the licence[39m[90m                                       [39m [90m0.03s[39m  
  [32;1m✓[39;22m[90m [39m[37mcheckLicence[39m[90m → it returns error when licence has expired[39m[90m                                                    [39m [90m0.03s[39m  
  [32;1m✓[39;22m[90m [39m[37mcheckLicence[39m[90m → it returns error when licence expires today[39m[90m                                                  [39m [90m0.03s[39m  
  [32;1m✓[39;22m[90m [39m[37mcheckLicence[39m[90m → it includes licence name in redirect parameter[39m[90m                                               [39m [90m0.03s[39m  
  [32;1m✓[39;22m[90m [39m[37mcheckLicence[39m[90m → it handles edge case where valid_until is shortly in future[39m[90m                                  [39m [90m0.03s[39m  

  [30;42;1m PASS [39;49;22m[39m Tests\Unit\PrintRegisterDateJobTest[39m
  [32;1m✓[39;22m[90m [39m[90mjob can be instantiated[39m[90m                                                                                     [39m [90m0.05s[39m  
  [32;1m✓[39;22m[90m [39m[90mjob implements ShouldQueue interface[39m[90m                                                                        [39m [90m0.05s[39m  
  [32;1m✓[39;22m[90m [39m[90mjob can be dispatched to queue[39m[90m                                                                              [39m [90m0.04s[39m  
  [32;1m✓[39;22m[90m [39m[90mjob sends notification email when handled[39m[90m                                                                   [39m [90m0.06s[39m  
  [32;1m✓[39;22m[90m [39m[90mjob notification contains correct email data[39m[90m                                                                [39m [90m0.06s[39m  
  [32;1m✓[39;22m[90m [39m[90mjob uses PrintRegisterService to generate PDF[39m[90m                                                               [39m [90m0.05s[39m  
  [32;1m✓[39;22m[90m [39m[90mjob retrieves correct register from data[39m[90m                                                                    [39m [90m0.05s[39m  
  [32;1m✓[39;22m[90m [39m[90mjob accesses user selected school[39m[90m                                                                           [39m [90m0.03s[39m  
  [32;1m✓[39;22m[90m [39m[90mjob notification routes to correct email address[39m[90m                                                            [39m [90m0.04s[39m  
  [32;1m✓[39;22m[90m [39m[90mjob handles multiple register dates[39m[90m                                                                         [39m [90m0.05s[39m  
  [32;1m✓[39;22m[90m [39m[90mjob attaches PDF file to notification[39m[90m                                                                       [39m [90m0.05s[39m  
  [32;1m✓[39;22m[90m [39m[90mjob uses school logo in email[39m[90m                                                                               [39m [90m0.03s[39m  
  [32;1m✓[39;22m[90m [39m[90mjob throws exception when register not found[39m[90m                                                                [39m [90m0.05s[39m  
  [32;1m✓[39;22m[90m [39m[90mjob can be serialized and unserialized[39m[90m                                                                      [39m [90m0.02s[39m  
  [32;1m✓[39;22m[90m [39m[90mjob subject line includes register name and date indicator[39m[90m                                                  [39m [90m0.05s[39m  

  [30;42;1m PASS [39;49;22m[39m Tests\Unit\PrintRegisterExcelJobTest[39m
  [32;1m✓[39;22m[90m [39m[90mjob can be instantiated[39m[90m                                                                                     [39m [90m0.05s[39m  
  [32;1m✓[39;22m[90m [39m[90mjob implements ShouldQueue interface[39m[90m                                                                        [39m [90m0.05s[39m  
  [32;1m✓[39;22m[90m [39m[90mjob can be dispatched to queue[39m[90m                                                                              [39m [90m0.03s[39m  
  [32;1m✓[39;22m[90m [39m[90mjob sends notification email when handled[39m[90m                                                                   [39m [90m0.06s[39m  
  [32;1m✓[39;22m[90m [39m[90mjob notification contains correct email data[39m[90m                                                                [39m [90m0.06s[39m  
  [32;1m✓[39;22m[90m [39m[90mjob uses PrintRegisterService to generate Excel file[39m[90m                                                        [39m [90m0.05s[39m  
  [32;1m✓[39;22m[90m [39m[90mjob retrieves correct register from data[39m[90m                                                                    [39m [90m0.06s[39m  
  [32;1m✓[39;22m[90m [39m[90mjob accesses user selected school[39m[90m                                                                           [39m [90m0.07s[39m  
  [32;1m✓[39;22m[90m [39m[90mjob notification routes to correct email address[39m[90m                                                            [39m [90m0.05s[39m  
  [32;1m✓[39;22m[90m [39m[90mjob handles multiple register dates with bookings[39m[90m                                                           [39m [90m0.07s[39m  
  [32;1m✓[39;22m[90m [39m[90mjob attaches Excel file to notification[39m[90m                                                                     [39m [90m0.05s[39m  
  [32;1m✓[39;22m[90m [39m[90mjob uses school logo in email[39m[90m                                                                               [39m [90m0.05s[39m  
  [32;1m✓[39;22m[90m [39m[90mjob throws exception when register not found[39m[90m                                                                [39m [90m0.05s[39m  
  [32;1m✓[39;22m[90m [39m[90mjob can be serialized and unserialized[39m[90m                                                                      [39m [90m0.04s[39m  
  [32;1m✓[39;22m[90m [39m[90mjob subject line includes register name and Excel indicator[39m[90m                                                 [39m [90m0.05s[39m  
  [32;1m✓[39;22m[90m [39m[90mjob creates Excel file with correct filename format[39m[90m                                                         [39m [90m0.06s[39m  
  [32;1m✓[39;22m[90m [39m[90mjob generates Excel file in correct directory[39m[90m                                                               [39m [90m0.05s[39m  
  [32;1m✓[39;22m[90m [39m[90mjob handles empty register with no bookings[39m[90m                                                                 [39m [90m0.05s[39m  
  [32;1m✓[39;22m[90m [39m[90mjob Excel file has correct structure with bookings[39m[90m                                                          [39m [90m0.06s[39m  
  [32;1m✓[39;22m[90m [39m[90mjob uses correct email template[39m[90m                                                                             [39m [90m0.06s[39m  
  [32;1m✓[39;22m[90m [39m[90mjob handles register with special characters in name[39m[90m                                                        [39m [90m0.06s[39m  
  [32;1m✓[39;22m[90m [39m[90mjob attaches file with correct path[39m[90m                                                                         [39m [90m0.06s[39m  

  [30;42;1m PASS [39;49;22m[39m Tests\Unit\PrintRegisterServiceTest[39m
  [32;1m✓[39;22m[90m [39m[37mprintSupervisor[39m[90m → it throws exception when register does not exist[39m[90m                                          [39m [90m0.06s[39m  
  [32;1m✓[39;22m[90m [39m[37mprintSupervisor[39m[90m → it generates PDF file for supervisor view[39m[90m                                                 [39m [90m0.03s[39m  
  [32;1m✓[39;22m[90m [39m[37mprintSupervisor[39m[90m → it generates PDF with correct filename format[39m[90m                                             [39m [90m0.04s[39m  
  [32;1m✓[39;22m[90m [39m[37mprintSupervisor[39m[90m → it retrieves bookings with correct relationships[39m[90m                                          [39m [90m0.05s[39m  
  [32;1m✓[39;22m[90m [39m[37mprintSupervisor[39m[90m → it orders bookings by supervisor, date, time, and last name[39m[90m                               [39m [90m0.04s[39m  
  [32;1m✓[39;22m[90m [39m[37mprintSupervisor[39m[90m → it calculates totals by supervisor correctly[39m[90m                                              [39m [90m0.05s[39m  
  [32;1m✓[39;22m[90m [39m[37mprintSupervisor[39m[90m → it passes correct data structure to PDF view[39m[90m                                              [39m [90m0.04s[39m  
  [32;1m✓[39;22m[90m [39m[37mprintSupervisor[39m[90m → it uses correct header view with title[39m[90m                                                    [39m [90m0.04s[39m  
  [32;1m✓[39;22m[90m [39m[37mprintSupervisor[39m[90m → it uses correct footer view with school name[39m[90m                                              [39m [90m0.05s[39m  
  [32;1m✓[39;22m[90m [39m[37mprintDate[39m[90m → it throws exception when register does not exist[39m[90m                                                [39m [90m0.05s[39m  
  [32;1m✓[39;22m[90m [39m[37mprintDate[39m[90m → it generates PDF file for date view[39m[90m                                                             [39m [90m0.04s[39m  
  [32;1m✓[39;22m[90m [39m[37mprintDate[39m[90m → it generates PDF with correct filename format[39m[90m                                                   [39m [90m0.05s[39m  
  [32;1m✓[39;22m[90m [39m[37mprintDate[39m[90m → it orders bookings by date, supervisor, time, and last name[39m[90m                                     [39m [90m0.03s[39m  
  [32;1m✓[39;22m[90m [39m[37mprintDate[39m[90m → it calculates totals by date correctly[39m[90m                                                          [39m [90m0.06s[39m  
  [32;1m✓[39;22m[90m [39m[37mprintDate[39m[90m → it passes correct data structure to PDF view[39m[90m                                                    [39m [90m0.04s[39m  
  [32;1m✓[39;22m[90m [39m[37mprintDate[39m[90m → it uses correct view for date format[39m[90m                                                            [39m [90m0.05s[39m  
  [32;1m✓[39;22m[90m [39m[37mprintDate[39m[90m → it uses correct header view with title[39m[90m                                                          [39m [90m0.05s[39m  
  [32;1m✓[39;22m[90m [39m[37mprintDate[39m[90m → it uses correct footer view with school name[39m[90m                                                    [39m [90m0.03s[39m  
  [32;1m✓[39;22m[90m [39m[37mprintExcel[39m[90m → it throws exception when register does not exist[39m[90m                                               [39m [90m0.03s[39m  
  [32;1m✓[39;22m[90m [39m[37mprintExcel[39m[90m → it generates Excel file with correct filename format[39m[90m                                           [39m [90m0.06s[39m  
  [32;1m✓[39;22m[90m [39m[37mprintExcel[39m[90m → it creates Excel file at correct path[39m[90m                                                          [39m [90m0.06s[39m  
  [32;1m✓[39;22m[90m [39m[37mprintExcel[39m[90m → it orders bookings by date, time, supervisor, and last name[39m[90m                                    [39m [90m0.07s[39m  
  [32;1m✓[39;22m[90m [39m[37mprintExcel[39m[90m → it includes correct headers in Excel file[39m[90m                                                      [39m [90m0.06s[39m  
  [32;1m✓[39;22m[90m [39m[37mprintExcel[39m[90m → it exports booking data with all required fields[39m[90m                                               [39m [90m0.07s[39m  
  [32;1m✓[39;22m[90m [39m[37mprintExcel[39m[90m → it includes user information in Excel export[39m[90m                                                   [39m [90m0.09s[39m  
  [32;1m✓[39;22m[90m [39m[37mprintExcel[39m[90m → it handles empty bookings gracefully[39m[90m                                                           [39m [90m0.06s[39m  
  [32;1m✓[39;22m[90m [39m[37mprintExcel[39m[90m → it handles multiple bookings correctly[39m[90m                                                         [39m [90m0.07s[39m  
  [32;1m✓[39;22m[90m [39m[37medge cases[39m[90m → it handles register with null supervisor gracefully in printSupervisor[39m[90m                         [39m [90m0.05s[39m  
  [32;1m✓[39;22m[90m [39m[37medge cases[39m[90m → it handles register with null date gracefully in printDate[39m[90m                                     [39m [90m0.05s[39m  
  [32;1m✓[39;22m[90m [39m[37medge cases[39m[90m → it handles special characters in register name for filename[39m[90m                                    [39m [90m0.04s[39m  

  [30;42;1m PASS [39;49;22m[39m Tests\Unit\PrintRegisterSupervisorJobTest[39m
  [32;1m✓[39;22m[90m [39m[90mjob can be instantiated[39m[90m                                                                                     [39m [90m0.07s[39m  
  [32;1m✓[39;22m[90m [39m[90mjob implements ShouldQueue interface[39m[90m                                                                        [39m [90m0.04s[39m  
  [32;1m✓[39;22m[90m [39m[90mjob can be dispatched to queue[39m[90m                                                                              [39m [90m0.03s[39m  
  [32;1m✓[39;22m[90m [39m[90mjob sends notification email when handled[39m[90m                                                                   [39m [90m0.04s[39m  
  [32;1m✓[39;22m[90m [39m[90mjob notification contains correct email data[39m[90m                                                                [39m [90m0.03s[39m  
  [32;1m✓[39;22m[90m [39m[90mjob uses PrintRegisterService to generate PDF[39m[90m                                                               [39m [90m0.03s[39m  
  [32;1m✓[39;22m[90m [39m[90mjob retrieves correct register from data[39m[90m                                                                    [39m [90m0.05s[39m  
  [32;1m✓[39;22m[90m [39m[90mjob accesses user selected school[39m[90m                                                                           [39m [90m0.05s[39m  
  [32;1m✓[39;22m[90m [39m[90mjob notification routes to correct email address[39m[90m                                                            [39m [90m0.05s[39m  
  [32;1m✓[39;22m[90m [39m[90mjob handles multiple supervisors with bookings[39m[90m                                                              [39m [90m0.06s[39m  
  [32;1m✓[39;22m[90m [39m[90mjob attaches PDF file to notification[39m[90m                                                                       [39m [90m0.04s[39m  
  [32;1m✓[39;22m[90m [39m[90mjob uses school logo in email[39m[90m                                                                               [39m [90m0.05s[39m  
  [32;1m✓[39;22m[90m [39m[90mjob throws exception when register not found[39m[90m                                                                [39m [90m0.03s[39m  
  [32;1m✓[39;22m[90m [39m[90mjob can be serialized and unserialized[39m[90m                                                                      [39m [90m0.03s[39m  
  [32;1m✓[39;22m[90m [39m[90mjob subject line includes register name and supervisor indicator[39m[90m                                            [39m [90m0.03s[39m  
  [32;1m✓[39;22m[90m [39m[90mjob groups bookings by supervisor correctly[39m[90m                                                                 [39m [90m0.06s[39m  
  [32;1m✓[39;22m[90m [39m[90mjob handles bookings with null supervisor[39m[90m                                                                   [39m [90m0.05s[39m  
  [32;1m✓[39;22m[90m [39m[90mjob orders bookings by supervisor then date[39m[90m                                                                 [39m [90m0.04s[39m  
  [32;1m✓[39;22m[90m [39m[90mjob creates PDF with supervisor totals[39m[90m                                                                      [39m [90m0.05s[39m  
  [32;1m✓[39;22m[90m [39m[90mjob uses correct email template[39m[90m                                                                             [39m [90m0.04s[39m  
  [32;1m✓[39;22m[90m [39m[90mjob handles empty register with no bookings[39m[90m                                                                 [39m [90m0.05s[39m  
  [32;1m✓[39;22m[90m [39m[90mjob creates PDF with correct filename pattern[39m[90m                                                               [39m [90m0.04s[39m  
  [32;1m✓[39;22m[90m [39m[90mjob PDF includes header with supervisor title[39m[90m                                                               [39m [90m0.05s[39m  
  [32;1m✓[39;22m[90m [39m[90mjob PDF includes footer with school name[39m[90m                                                                    [39m [90m0.05s[39m  
  [32;1m✓[39;22m[90m [39m[90mjob handles register with special characters in name[39m[90m                                                        [39m [90m0.03s[39m  
  [32;1m✓[39;22m[90m [39m[90mjob attaches file with correct path[39m[90m                                                                         [39m [90m0.05s[39m  

  [30;42;1m PASS [39;49;22m[39m Tests\Unit\RecordsCreateServiceTest[39m
  [32;1m✓[39;22m[90m [39m[37minitRecords[39m[90m → it creates initial school when database is empty[39m[90m                                              [39m [90m0.06s[39m  
  [32;1m✓[39;22m[90m [39m[37minitRecords[39m[90m → it creates initial schoolyear for new school[39m[90m                                                  [39m [90m0.05s[39m  
  [32;1m✓[39;22m[90m [39m[37minitRecords[39m[90m → it creates admin roles[39m[90m                                                                        [39m [90m0.05s[39m  
  [32;1m✓[39;22m[90m [39m[37minitRecords[39m[90m → it creates super admin user for school[39m[90m                                                        [39m [90m0.04s[39m  
  [32;1m✓[39;22m[90m [39m[37minitRecords[39m[90m → it does not create duplicate school on multiple calls[39m[90m                                         [39m [90m0.05s[39m  
  [32;1m✓[39;22m[90m [39m[37minitRecords[39m[90m → it processes all existing schools[39m[90m                                                             [39m [90m0.07s[39m  
  [32;1m✓[39;22m[90m [39m[37minitRecords[39m[90m → it creates schoolyears from config for each school[39m[90m                                            [39m [90m0.05s[39m  
  [32;1m✓[39;22m[90m [39m[37minitRecords[39m[90m → it sets user as active and confirmed[39m[90m                                                          [39m [90m0.05s[39m  
  [32;1m✓[39;22m[90m [39m[37mfirstOrCreateSchool (private method behavior)[39m[90m → it creates school with correct attributes when none exists[39m[90m  [39m [90m0.04s[39m  
  [32;1m✓[39;22m[90m [39m[37mfirstOrCreateSchool (private method behavior)[39m[90m → it returns existing school when one already exists[39m[90m          [39m [90m0.05s[39m  
  [32;1m✓[39;22m[90m [39m[37mfirstOrCreateSchoolyear (private method behavior)[39m[90m → it creates schoolyear with default values[39m[90m               [39m [90m0.05s[39m  
  [32;1m✓[39;22m[90m [39m[37mfirstOrCreateSchoolyear (private method behavior)[39m[90m → it associates schoolyear with correct school[39m[90m            [39m [90m0.05s[39m  
  [32;1m✓[39;22m[90m [39m[37mfirstOrCreateSchoolyear (private method behavior)[39m[90m → it does not create duplicate schoolyear for same school[39m[90m [39m [90m0.03s[39m  
  [32;1m✓[39;22m[90m [39m[37mcheckOrCreateAdminRoles (private method behavior)[39m[90m → it creates super_admin role[39m[90m                             [39m [90m0.04s[39m  
  [32;1m✓[39;22m[90m [39m[37mcheckOrCreateAdminRoles (private method behavior)[39m[90m → it creates admin role[39m[90m                                   [39m [90m0.05s[39m  
  [32;1m✓[39;22m[90m [39m[37mcheckOrCreateAdminRoles (private method behavior)[39m[90m → it does not duplicate roles on multiple calls[39m[90m           [39m [90m0.07s[39m  
  [32;1m✓[39;22m[90m [39m[37mcheckOrCreateAdmins (private method behavior)[39m[90m → it creates admin with super_admin role[39m[90m                      [39m [90m0.05s[39m  
  [32;1m✓[39;22m[90m [39m[37mcheckOrCreateAdmins (private method behavior)[39m[90m → it creates admin for each school[39m[90m                            [39m [90m0.06s[39m  
  [32;1m✓[39;22m[90m [39m[37mcheckOrCreateAdmins (private method behavior)[39m[90m → it associates admin with schoolyear when available[39m[90m          [39m [90m0.06s[39m  
  [32;1m✓[39;22m[90m [39m[37mcheckOrCreateAdmin (private method behavior)[39m[90m → it creates user with correct attributes[39m[90m                      [39m [90m0.03s[39m  
  [32;1m✓[39;22m[90m [39m[37mcheckOrCreateAdmin (private method behavior)[39m[90m → it sets password from environment variable[39m[90m                   [39m [90m0.05s[39m  
  [32;1m✓[39;22m[90m [39m[37mcheckOrCreateAdmin (private method behavior)[39m[90m → it verifies and confirms user email[39m[90m                          [39m [90m0.04s[39m  
  [32;1m✓[39;22m[90m [39m[37mcheckOrCreateAdmin (private method behavior)[39m[90m → it does not duplicate user when called multiple times[39m[90m        [39m [90m0.05s[39m  
  [32;1m✓[39;22m[90m [39m[37mcheckOrCreateAdmin (private method behavior)[39m[90m → it assigns role to existing user[39m[90m                             [39m [90m0.05s[39m  
  [32;1m✓[39;22m[90m [39m[37mcheckOrCreateAdmin (private method behavior)[39m[90m → it handles null schoolyear gracefully[39m[90m                        [39m [90m0.04s[39m  
  [32;1m✓[39;22m[90m [39m[37mcheckOrCreateSchoolyears (private method behavior)[39m[90m → it creates multiple schoolyears from config[39m[90m            [39m [90m0.03s[39m  
  [32;1m✓[39;22m[90m [39m[37mcheckOrCreateSchoolyears (private method behavior)[39m[90m → it sets correct dates from config[39m[90m                      [39m [90m0.05s[39m  
  [32;1m✓[39;22m[90m [39m[37mcheckOrCreateSchoolyears (private method behavior)[39m[90m → it does not duplicate schoolyears on multiple calls[39m[90m    [39m [90m0.05s[39m  
  [32;1m✓[39;22m[90m [39m[37mintegration scenarios[39m[90m → it handles complete initialization from empty database[39m[90m                              [39m [90m0.05s[39m  
  [32;1m✓[39;22m[90m [39m[37mintegration scenarios[39m[90m → it is idempotent when called multiple times[39m[90m                                         [39m [90m0.06s[39m  
  [32;1m✓[39;22m[90m [39m[37mintegration scenarios[39m[90m → it creates complete user with all relationships[39m[90m                                     [39m [90m0.05s[39m  
  [32;1m✓[39;22m[90m [39m[37mintegration scenarios[39m[90m → it handles partial existing data correctly[39m[90m                                          [39m [90m0.06s[39m  
  [32;1m✓[39;22m[90m [39m[37mintegration scenarios[39m[90m → it maintains data integrity across multiple schools[39m[90m                                 [39m [90m0.08s[39m  
  [32;1m✓[39;22m[90m [39m[37medge cases[39m[90m → it handles empty schoolyears config[39m[90m                                                            [39m [90m0.04s[39m  
  [32;1m✓[39;22m[90m [39m[37medge cases[39m[90m → it handles missing environment password[39m[90m                                                        [39m [90m0.05s[39m  
  [32;1m✓[39;22m[90m [39m[37medge cases[39m[90m → it preserves existing school attributes[39m[90m                                                        [39m [90m0.05s[39m  
  [32;1m✓[39;22m[90m [39m[37medge cases[39m[90m → it handles user without schoolyear assignment[39m[90m                                                  [39m [90m0.04s[39m  
  [32;1m✓[39;22m[90m [39m[37mcheckOrCreateSchoolTool[39m[90m → it creates a SchoolTool when none exists for the school[39m[90m                           [39m [90m0.04s[39m  
  [32;1m✓[39;22m[90m [39m[37mcheckOrCreateSchoolTool[39m[90m → it returns existing SchoolTool when one already exists[39m[90m                            [39m [90m0.02s[39m  
  [32;1m✓[39;22m[90m [39m[37mcheckOrCreateSchoolTool[39m[90m → it does not create duplicate SchoolTools for same school[39m[90m                          [39m [90m0.04s[39m  
  [32;1m✓[39;22m[90m [39m[37mcheckOrCreateSchoolTool[39m[90m → it creates separate SchoolTools for different schools[39m[90m                             [39m [90m0.04s[39m  

  [30;42;1m PASS [39;49;22m[39m Tests\Unit\RegisterDateBookingServiceTest[39m
  [32;1m✓[39;22m[90m [39m[37mdeleteBookings[39m[90m → it deletes a single booking without notification[39m[90m                                           [39m [90m0.05s[39m  
  [32;1m✓[39;22m[90m [39m[37mdeleteBookings[39m[90m → it deletes a single booking with notification[39m[90m                                              [39m [90m0.03s[39m  
  [32;1m✓[39;22m[90m [39m[37mdeleteBookings[39m[90m → it deletes multiple bookings[39m[90m                                                               [39m [90m0.04s[39m  
  [32;1m✓[39;22m[90m [39m[37mdeleteBookings[39m[90m → it sends notification email with correct subject and template[39m[90m                              [39m [90m0.04s[39m  
  [32;1m✓[39;22m[90m [39m[37mdeleteBookings[39m[90m → it includes all booking details in notification[39m[90m                                            [39m [90m0.05s[39m  
  [32;1m✓[39;22m[90m [39m[37mdeleteBookings[39m[90m → it only deletes bookings for current school and register[39m[90m                                   [39m [90m0.04s[39m  
  [32;1m✓[39;22m[90m [39m[37mdeleteBookings[39m[90m → it handles empty booking array gracefully[39m[90m                                                  [39m [90m0.03s[39m  
  [32;1m✓[39;22m[90m [39m[37mdeleteBookings[39m[90m → it uses school information in notification[39m[90m                                                 [39m [90m0.05s[39m  
  [32;1m✓[39;22m[90m [39m[37mupdateOrCreateUser[39m[90m → it creates new user when email does not exist[39m[90m                                          [39m [90m0.03s[39m  
  [32;1m✓[39;22m[90m [39m[37mupdateOrCreateUser[39m[90m → it sets email_verified_at and confirmed_at for new user[39m[90m                                [39m [90m0.05s[39m  
  [32;1m✓[39;22m[90m [39m[37mupdateOrCreateUser[39m[90m → it sets password for new user[39m[90m                                                          [39m [90m0.03s[39m  
  [32;1m✓[39;22m[90m [39m[37mupdateOrCreateUser[39m[90m → it assigns register_user role to new user[39m[90m                                              [39m [90m0.05s[39m  
  [32;1m✓[39;22m[90m [39m[37mupdateOrCreateUser[39m[90m → it updates existing user when email exists[39m[90m                                             [39m [90m0.05s[39m  
  [32;1m✓[39;22m[90m [39m[37mupdateOrCreateUser[39m[90m → it sets email_verified_at if null on existing user[39m[90m                                     [39m [90m0.03s[39m  
  [32;1m✓[39;22m[90m [39m[37mupdateOrCreateUser[39m[90m → it sets confirmed_at if null on existing user[39m[90m                                          [39m [90m0.03s[39m  
  [32;1m✓[39;22m[90m [39m[37mupdateOrCreateUser[39m[90m → it does not overwrite email_verified_at if already set[39m[90m                                 [39m [90m0.03s[39m  
  [32;1m✓[39;22m[90m [39m[37mupdateOrCreateUser[39m[90m → it assigns register_user role to existing user[39m[90m                                         [39m [90m0.04s[39m  
  [32;1m✓[39;22m[90m [39m[37mupdateOrCreateUser[39m[90m → it only affects users in specified school[39m[90m                                              [39m [90m0.05s[39m  
  [32;1m✓[39;22m[90m [39m[37mcreateBooking[39m[90m → it creates booking with all required fields[39m[90m                                                 [39m [90m0.05s[39m  
  [32;1m✓[39;22m[90m [39m[37mcreateBooking[39m[90m → it creates booking without notification when is_notify is false[39m[90m                             [39m [90m0.04s[39m  
  [32;1m✓[39;22m[90m [39m[37mcreateBooking[39m[90m → it creates booking without notification when is_notify is not set[39m[90m                           [39m [90m0.03s[39m  
  [32;1m✓[39;22m[90m [39m[37mcreateBooking[39m[90m → it sends notification when is_notify is true[39m[90m                                                [39m [90m0.05s[39m  
  [32;1m✓[39;22m[90m [39m[37mcreateBooking[39m[90m → it sends notification with correct subject and template[39m[90m                                     [39m [90m0.05s[39m  
  [32;1m✓[39;22m[90m [39m[37mcreateBooking[39m[90m → it includes all booking details in notification[39m[90m                                             [39m [90m0.03s[39m  
  [32;1m✓[39;22m[90m [39m[37mcreateBooking[39m[90m → it removes is_notify from booking data[39m[90m                                                      [39m [90m0.05s[39m  
  [32;1m✓[39;22m[90m [39m[37mcreateBooking[39m[90m → it uses school information in notification[39m[90m                                                  [39m [90m0.04s[39m  
  [32;1m✓[39;22m[90m [39m[37mcreateBooking[39m[90m → it returns booking with loaded relationships[39m[90m                                                [39m [90m0.05s[39m  
  [32;1m✓[39;22m[90m [39m[37mintegration scenarios[39m[90m → it handles complete booking workflow with new user[39m[90m                                  [39m [90m0.04s[39m  
  [32;1m✓[39;22m[90m [39m[37mintegration scenarios[39m[90m → it handles booking deletion workflow[39m[90m                                                [39m [90m0.03s[39m  
  [32;1m✓[39;22m[90m [39m[37mintegration scenarios[39m[90m → it handles updating existing user and creating booking[39m[90m                              [39m [90m0.03s[39m  
  [32;1m✓[39;22m[90m [39m[37medge cases[39m[90m → it handles booking with minimal data[39m[90m                                                           [39m [90m0.05s[39m  
  [32;1m✓[39;22m[90m [39m[37medge cases[39m[90m → it handles user creation with only email and name[39m[90m                                              [39m [90m0.04s[39m  
  [32;1m✓[39;22m[90m [39m[37medge cases[39m[90m → it handles null note in booking notification[39m[90m                                                   [39m [90m0.05s[39m  
  [32;1m✓[39;22m[90m [39m[37medge cases[39m[90m → it handles booking with optional fields[39m[90m                                                        [39m [90m0.05s[39m  

  [30;42;1m PASS [39;49;22m[39m Tests\Unit\RegisterDateServiceTest[39m
  [32;1m✓[39;22m[90m [39m[37mloadDays[39m[90m → it returns empty array when no dates exist[39m[90m                                                       [39m [90m0.05s[39m  
  [32;1m✓[39;22m[90m [39m[37mloadDays[39m[90m → it returns dates for register[39m[90m                                                                    [39m [90m0.02s[39m  
  [32;1m✓[39;22m[90m [39m[37mloadDays[39m[90m → it groups multiple times on same date[39m[90m                                                            [39m [90m0.03s[39m  
  [32;1m✓[39;22m[90m [39m[37mloadDays[39m[90m → it includes bookings count for each date[39m[90m                                                         [39m [90m0.04s[39m  
  [32;1m✓[39;22m[90m [39m[37mloadDays[39m[90m → it sums bookings count for same date[39m[90m                                                             [39m [90m0.03s[39m  
  [32;1m✓[39;22m[90m [39m[37mloadDays[39m[90m → it orders dates chronologically[39m[90m                                                                  [39m [90m0.04s[39m  
  [32;1m✓[39;22m[90m [39m[37mloadDays[39m[90m → it adds day name to each date[39m[90m                                                                    [39m [90m0.03s[39m  
  [32;1m✓[39;22m[90m [39m[37mloadDays[39m[90m → it filters out dates with null date value[39m[90m                                                        [39m [90m0.03s[39m  
  [32;1m✓[39;22m[90m [39m[37mloadDays[39m[90m → it only loads dates for specified register[39m[90m                                                       [39m [90m0.05s[39m  
  [32;1m✓[39;22m[90m [39m[37mcreateDates[39m[90m → it creates dates for single day[39m[90m                                                               [39m [90m0.03s[39m  
  [32;1m✓[39;22m[90m [39m[37mcreateDates[39m[90m → it creates dates for multiple days[39m[90m                                                            [39m [90m0.05s[39m  
  [32;1m✓[39;22m[90m [39m[37mcreateDates[39m[90m → it creates multiple time slots per day[39m[90m                                                        [39m [90m0.03s[39m  
  [32;1m✓[39;22m[90m [39m[37mcreateDates[39m[90m → it respects pause between slots[39m[90m                                                               [39m [90m0.02s[39m  
  [32;1m✓[39;22m[90m [39m[37mcreateDates[39m[90m → it creates dates for multiple supervisors[39m[90m                                                     [39m [90m0.03s[39m  
  [32;1m✓[39;22m[90m [39m[37mcreateDates[39m[90m → it accepts checkbox format for days[39m[90m                                                           [39m [90m0.04s[39m  
  [32;1m✓[39;22m[90m [39m[37mcreateDates[39m[90m → it accepts legacy supervisor_1 to supervisor_5 format[39m[90m                                         [39m [90m0.05s[39m  
  [32;1m✓[39;22m[90m [39m[37mcreateDates[39m[90m → it returns false when min_per_date is zero[39m[90m                                                    [39m [90m0.03s[39m  
  [32;1m✓[39;22m[90m [39m[37mcreateDates[39m[90m → it returns false when no days specified[39m[90m                                                       [39m [90m0.04s[39m  
  [32;1m✓[39;22m[90m [39m[37mcreateDates[39m[90m → it returns false when no supervisors specified[39m[90m                                                [39m [90m0.03s[39m  
  [32;1m✓[39;22m[90m [39m[37mcreateDates[39m[90m → it auto-swaps reversed date range[39m[90m                                                             [39m [90m0.03s[39m  
  [32;1m✓[39;22m[90m [39m[37mcreateDates[39m[90m → it uses upsert to avoid duplicates[39m[90m                                                            [39m [90m0.02s[39m  
  [32;1m✓[39;22m[90m [39m[37mcreateDates[39m[90m → it sets max_registrations correctly[39m[90m                                                           [39m [90m0.04s[39m  
  [32;1m✓[39;22m[90m [39m[37mcreateDates[39m[90m → it defaults date_until to date_from[39m[90m                                                           [39m [90m0.05s[39m  
  [32;1m✓[39;22m[90m [39m[37mcreateDates[39m[90m → it handles overnight time windows[39m[90m                                                             [39m [90m0.02s[39m  
  [32;1m✓[39;22m[90m [39m[37mcreateDates[39m[90m → it filters days case-insensitively[39m[90m                                                            [39m [90m0.03s[39m  
  [32;1m✓[39;22m[90m [39m[37mcreateDates[39m[90m → it removes empty supervisor values[39m[90m                                                            [39m [90m0.02s[39m  
  [32;1m✓[39;22m[90m [39m[37mdeleteRegisterDates[39m[90m → it deletes dates without bookings[39m[90m                                                     [39m [90m0.03s[39m  
  [32;1m✓[39;22m[90m [39m[37mdeleteRegisterDates[39m[90m → it does not delete dates with bookings[39m[90m                                                [39m [90m0.04s[39m  
  [32;1m✓[39;22m[90m [39m[37mdeleteRegisterDates[39m[90m → it selectively deletes dates based on bookings[39m[90m                                        [39m [90m0.05s[39m  
  [32;1m✓[39;22m[90m [39m[37mdeleteRegisterDates[39m[90m → it only deletes dates for specified school[39m[90m                                            [39m [90m0.05s[39m  
  [32;1m✓[39;22m[90m [39m[37mdeleteRegisterDates[39m[90m → it only deletes dates for specified register[39m[90m                                          [39m [90m0.05s[39m  
  [32;1m✓[39;22m[90m [39m[37mdeleteRegisterDates[39m[90m → it handles empty date array gracefully[39m[90m                                                [39m [90m0.05s[39m  
  [32;1m✓[39;22m[90m [39m[37mdeleteRegisterDates[39m[90m → it returns true even when no dates match[39m[90m                                              [39m [90m0.05s[39m  
  [32;1m✓[39;22m[90m [39m[37mintegration scenarios[39m[90m → it creates and loads dates workflow[39m[90m                                                 [39m [90m0.05s[39m  
  [32;1m✓[39;22m[90m [39m[37mintegration scenarios[39m[90m → it creates, loads, and deletes dates workflow[39m[90m                                       [39m [90m0.04s[39m  
  [32;1m✓[39;22m[90m [39m[37mintegration scenarios[39m[90m → it handles complex multi-supervisor multi-day scenario[39m[90m                              [39m [90m0.04s[39m  
  [32;1m✓[39;22m[90m [39m[37medge cases[39m[90m → it handles single minute time slot[39m[90m                                                             [39m [90m0.02s[39m  
  [32;1m✓[39;22m[90m [39m[37medge cases[39m[90m → it handles year-end to new-year date range[39m[90m                                                     [39m [90m0.03s[39m  
  [32;1m✓[39;22m[90m [39m[37medge cases[39m[90m → it handles dates with no matching weekdays[39m[90m                                                     [39m [90m0.03s[39m  
  [32;1m✓[39;22m[90m [39m[37medge cases[39m[90m → it handles loading dates for non-existent register[39m[90m                                             [39m [90m0.02s[39m  

  [30;42;1m PASS [39;49;22m[39m Tests\Unit\RegisterServiceTest[39m
  [32;1m✓[39;22m[90m [39m[37mbook[39m[90m → it creates a booking successfully[39m[90m                                                                    [39m [90m0.06s[39m  
  [32;1m✓[39;22m[90m [39m[37mbook[39m[90m → it throws exception when register is not active[39m[90m                                                      [39m [90m0.03s[39m  
  [32;1m✓[39;22m[90m [39m[37mbook[39m[90m → it throws exception when register date is locked[39m[90m                                                     [39m [90m0.05s[39m  
  [32;1m✓[39;22m[90m [39m[37mbook[39m[90m → it throws exception when register date is fully booked[39m[90m                                               [39m [90m0.04s[39m  
  [32;1m✓[39;22m[90m [39m[37mbook[39m[90m → it throws exception when register is fully booked[39m[90m                                                    [39m [90m0.03s[39m  
  [32;1m✓[39;22m[90m [39m[37mbook[39m[90m → it throws exception when user already has a booking[39m[90m                                                  [39m [90m0.05s[39m  
  [32;1m✓[39;22m[90m [39m[37mbook[39m[90m → it allows unlimited bookings when max_registrations is 0[39m[90m                                             [39m [90m0.05s[39m  
  [32;1m✓[39;22m[90m [39m[37mbook[39m[90m → it returns data with booking_id[39m[90m                                                                      [39m [90m0.05s[39m  
  [32;1m✓[39;22m[90m [39m[37mcheckLicenceAndSchool[39m[90m → it validates school exists[39m[90m                                                          [39m [90m0.05s[39m  
  [32;1m✓[39;22m[90m [39m[37mcheckLicenceAndSchool[39m[90m → it returns school when valid[39m[90m                                                        [39m [90m0.05s[39m  
  [32;1m✓[39;22m[90m [39m[37mcheckLicenceAndSchool[39m[90m → it checks for invalid school[39m[90m                                                        [39m [90m0.03s[39m  
  [32;1m✓[39;22m[90m [39m[37mcheckLicenceAndSchool[39m[90m → it returns result array with keys[39m[90m                                                   [39m [90m0.04s[39m  
  [32;1m✓[39;22m[90m [39m[37msetToUser[39m[90m → it assigns register to user[39m[90m                                                                     [39m [90m0.05s[39m  
  [32;1m✓[39;22m[90m [39m[37msetToUser[39m[90m → it returns the register[39m[90m                                                                         [39m [90m0.05s[39m  
  [32;1m✓[39;22m[90m [39m[37msetToUser[39m[90m → it throws exception for non-existent register[39m[90m                                                   [39m [90m0.05s[39m  
  [32;1m✓[39;22m[90m [39m[37msetToUser[39m[90m → it updates user register_id[39m[90m                                                                     [39m [90m0.04s[39m  
  [32;1m✓[39;22m[90m [39m[37mtoggle[39m[90m → it toggles register is_active from true to false[39m[90m                                                   [39m [90m0.05s[39m  
  [32;1m✓[39;22m[90m [39m[37mtoggle[39m[90m → it toggles register is_active from false to true[39m[90m                                                   [39m [90m0.02s[39m  
  [32;1m✓[39;22m[90m [39m[37mtoggle[39m[90m → it persists the toggle to database[39m[90m                                                                 [39m [90m0.06s[39m  
  [32;1m✓[39;22m[90m [39m[37mtoggle[39m[90m → it returns the register[39m[90m                                                                            [39m [90m0.05s[39m  
  [32;1m✓[39;22m[90m [39m[37mtoggle[39m[90m → it throws exception for non-existent register[39m[90m                                                      [39m [90m0.03s[39m  
  [32;1m✓[39;22m[90m [39m[37mcreateUserAndSendToken[39m[90m → it creates a new user[39m[90m                                                              [39m [90m0.03s[39m  
  [32;1m✓[39;22m[90m [39m[37mcreateUserAndSendToken[39m[90m → it sets default names for new user[39m[90m                                                 [39m [90m0.05s[39m  
  [32;1m✓[39;22m[90m [39m[37mcreateUserAndSendToken[39m[90m → it generates password for new user[39m[90m                                                 [39m [90m0.05s[39m  
  [32;1m✓[39;22m[90m [39m[37mcreateUserAndSendToken[39m[90m → it returns user_id and step EMAIL_TOKEN[39m[90m                                            [39m [90m0.04s[39m  
  [32;1m✓[39;22m[90m [39m[37mcreateUserAndSendToken[39m[90m → it assigns register to new user[39m[90m                                                    [39m [90m0.05s[39m  
  [32;1m✓[39;22m[90m [39m[37mcreateUserAndSendToken[39m[90m → it throws exception for non-existent school[39m[90m                                        [39m [90m0.05s[39m  
  [32;1m✓[39;22m[90m [39m[37msendTokenForLogin[39m[90m → it returns user_id and step LOGIN_TOKEN[39m[90m                                                 [39m [90m0.05s[39m  
  [32;1m✓[39;22m[90m [39m[37msendTokenForLogin[39m[90m → it preserves original data[39m[90m                                                              [39m [90m0.04s[39m  
  [32;1m✓[39;22m[90m [39m[37msendTokenForLogin[39m[90m → it throws exception for non-existent school[39m[90m                                             [39m [90m0.05s[39m  
  [32;1m✓[39;22m[90m [39m[37mcheckToken[39m[90m → it returns true for valid token and future expiry[39m[90m                                              [39m [90m0.03s[39m  
  [32;1m✓[39;22m[90m [39m[37mcheckToken[39m[90m → it returns false for invalid token[39m[90m                                                             [39m [90m0.04s[39m  
  [32;1m✓[39;22m[90m [39m[37mcheckToken[39m[90m → it returns false for expired token[39m[90m                                                             [39m [90m0.04s[39m  
  [32;1m✓[39;22m[90m [39m[37mcheckToken[39m[90m → it returns false when token matches but is expired[39m[90m                                             [39m [90m0.05s[39m  
  [32;1m✓[39;22m[90m [39m[37mcheckToken[39m[90m → it returns true when token is exactly at expiry boundary[39m[90m                                       [39m [90m0.04s[39m  
  [32;1m✓[39;22m[90m [39m[37mintegration scenarios[39m[90m → it handles complete registration flow[39m[90m                                               [39m [90m0.03s[39m  
  [32;1m✓[39;22m[90m [39m[37mintegration scenarios[39m[90m → it handles register toggle and booking attempt[39m[90m                                      [39m [90m0.05s[39m  
  [32;1m✓[39;22m[90m [39m[37medge cases[39m[90m → it handles booking with minimal data[39m[90m                                                           [39m [90m0.05s[39m  
  [32;1m✓[39;22m[90m [39m[37medge cases[39m[90m → it handles multiple toggles[39m[90m                                                                    [39m [90m0.04s[39m  
  [32;1m✓[39;22m[90m [39m[37medge cases[39m[90m → it checks token returns false with null expiry[39m[90m                                                 [39m [90m0.03s[39m  

  [30;42;1m PASS [39;49;22m[39m Tests\Unit\RegisterTestRecordsServiceTest[39m
  [32;1m✓[39;22m[90m [39m[37mcheckRequirement[39m[90m → it returns false when school with id 1 does not exist[39m[90m                                    [39m [90m0.05s[39m  
  [32;1m✓[39;22m[90m [39m[37mcheckRequirement[39m[90m → it returns false when schoolyear with id 1 does not exist[39m[90m                                [39m [90m0.03s[39m  
  [32;1m✓[39;22m[90m [39m[37mcheckRequirement[39m[90m → it returns true when both school and schoolyear exist[39m[90m                                    [39m [90m0.03s[39m  
  [32;1m✓[39;22m[90m [39m[37mcheckRequirement[39m[90m → it returns false when schoolyear exists but wrong school_id[39m[90m                              [39m [90m0.03s[39m  
  [32;1m✓[39;22m[90m [39m[37mcheckRequirement[39m[90m → it validates specific IDs are required[39m[90m                                                   [39m [90m0.02s[39m  
  [32;1m✓[39;22m[90m [39m[37mcheckOrCreateUsers[39m[90m → it creates 500 users when none exist[39m[90m                                                   [39m [90m0.54s[39m  
  [32;1m✓[39;22m[90m [39m[37mcheckOrCreateUsers[39m[90m → it returns false when 500 or more users exist[39m[90m                                          [39m [90m0.21s[39m  
  [32;1m✓[39;22m[90m [39m[37mcheckOrCreateUsers[39m[90m → it creates users when less than 500 exist[39m[90m                                              [39m [90m0.62s[39m  
  [32;1m✓[39;22m[90m [39m[37mcheckOrCreateUsers[39m[90m → it returns false when exactly 500 users exist[39m[90m                                          [39m [90m0.19s[39m  
  [32;1m✓[39;22m[90m [39m[37mcheckOrCreateUsers[39m[90m → it returns false when more than 500 users exist[39m[90m                                        [39m [90m0.26s[39m  
  [32;1m✓[39;22m[90m [39m[37mcheckOrCreateUsers[39m[90m → it creates users when 499 users exist[39m[90m                                                  [39m [90m0.77s[39m  
  [32;1m✓[39;22m[90m [39m[37mcreateRegisterEntries[39m[90m → it creates a register with correct data[39m[90m                                             [39m [90m0.44s[39m  
  [32;1m✓[39;22m[90m [39m[37mcreateRegisterEntries[39m[90m → it creates register with all required fields[39m[90m                                        [39m [90m0.50s[39m  
  [32;1m✓[39;22m[90m [39m[37mcreateRegisterEntries[39m[90m → it creates register dates for three days[39m[90m                                            [39m [90m0.47s[39m  
  [32;1m✓[39;22m[90m [39m[37mcreateRegisterEntries[39m[90m → it creates register dates for Monday, Tuesday, Wednesday[39m[90m                            [39m [90m0.47s[39m  
  [32;1m✓[39;22m[90m [39m[37mcreateRegisterEntries[39m[90m → it creates 24 register dates total[39m[90m                                                  [39m [90m0.51s[39m  
  [32;1m✓[39;22m[90m [39m[37mcreateRegisterEntries[39m[90m → it creates 8 register dates per day[39m[90m                                                 [39m [90m0.44s[39m  
  [32;1m✓[39;22m[90m [39m[37mcreateRegisterEntries[39m[90m → it creates register dates with two groups[39m[90m                                           [39m [90m0.46s[39m  
  [32;1m✓[39;22m[90m [39m[37mcreateRegisterEntries[39m[90m → it creates register dates with time slots[39m[90m                                           [39m [90m0.46s[39m  
  [32;1m✓[39;22m[90m [39m[37mcreateRegisterEntries[39m[90m → it sets max_registrations to 20 for each date[39m[90m                                       [39m [90m0.44s[39m  
  [32;1m✓[39;22m[90m [39m[37mcreateRegisterEntries[39m[90m → it creates bookings for all 500 users[39m[90m                                               [39m [90m0.44s[39m  
  [32;1m✓[39;22m[90m [39m[37mcreateRegisterEntries[39m[90m → it creates 20 bookings per register date[39m[90m                                            [39m [90m0.43s[39m  
  [32;1m✓[39;22m[90m [39m[37mcreateRegisterEntries[39m[90m → it assigns unique users to bookings[39m[90m                                                 [39m [90m0.42s[39m  
  [32;1m✓[39;22m[90m [39m[37mcreateRegisterEntries[39m[90m → it creates bookings with student data[39m[90m                                               [39m [90m0.44s[39m  
  [32;1m✓[39;22m[90m [39m[37mcreateRegisterEntries[39m[90m → it creates bookings with school and schoolyear[39m[90m                                      [39m [90m0.42s[39m  
  [32;1m✓[39;22m[90m [39m[37mcreateRegisterEntries[39m[90m → it returns true after successful creation[39m[90m                                           [39m [90m0.45s[39m  
  [32;1m✓[39;22m[90m [39m[37mcreateRegisterEntries[39m[90m → it creates register with description[39m[90m                                                [39m [90m0.44s[39m  
  [32;1m✓[39;22m[90m [39m[37mintegration scenarios[39m[90m → it completes full workflow from requirement check to creation[39m[90m                       [39m [90m0.81s[39m  
  [32;1m✓[39;22m[90m [39m[37mintegration scenarios[39m[90m → it handles re-running createRegisterEntries[39m[90m                                         [39m [90m0.70s[39m  
  [32;1m✓[39;22m[90m [39m[37mintegration scenarios[39m[90m → it handles workflow when users already exist[39m[90m                                        [39m [90m0.49s[39m  
  [32;1m✓[39;22m[90m [39m[37mdata validation[39m[90m → it creates register dates with correct time ranges[39m[90m                                        [39m [90m0.43s[39m  
  [32;1m✓[39;22m[90m [39m[37mdata validation[39m[90m → it creates bookings with valid birthdates[39m[90m                                                 [39m [90m0.45s[39m  
  [32;1m✓[39;22m[90m [39m[37mdata validation[39m[90m → it assigns correct register_id to all dates[39m[90m                                               [39m [90m0.44s[39m  
  [32;1m✓[39;22m[90m [39m[37mdata validation[39m[90m → it assigns correct register_date_id to bookings[39m[90m                                           [39m [90m0.47s[39m  
  [32;1m✓[39;22m[90m [39m[37medge cases[39m[90m → it handles checkRequirement with missing school gracefully[39m[90m                                     [39m [90m0.02s[39m  
  [32;1m✓[39;22m[90m [39m[37medge cases[39m[90m → it handles checkOrCreateUsers when exactly at threshold[39m[90m                                        [39m [90m0.22s[39m  
  [32;1m✓[39;22m[90m [39m[37medge cases[39m[90m → it creates users even when 1 user exists[39m[90m                                                       [39m [90m0.62s[39m  
  [32;1m✓[39;22m[90m [39m[37medge cases[39m[90m → it handles users with high IDs correctly[39m[90m                                                       [39m [90m0.49s[39m  
  [32;1m✓[39;22m[90m [39m[37mdate calculations[39m[90m → it calculates next Monday correctly[39m[90m                                                     [39m [90m0.49s[39m  
  [32;1m✓[39;22m[90m [39m[37mdate calculations[39m[90m → it creates dates in chronological order[39m[90m                                                 [39m [90m0.43s[39m  
  [32;1m✓[39;22m[90m [39m[37msupervisor distribution[39m[90m → it distributes dates evenly between groups[39m[90m                                        [39m [90m0.41s[39m  
  [32;1m✓[39;22m[90m [39m[37msupervisor distribution[39m[90m → it creates alternating groups per time slot[39m[90m                                       [39m [90m0.44s[39m  
  [32;1m✓[39;22m[90m [39m[37mbooking distribution[39m[90m → it uses different users for each booking[39m[90m                                             [39m [90m0.44s[39m  
  [32;1m✓[39;22m[90m [39m[37mbooking distribution[39m[90m → it assigns users from highest ID downward[39m[90m                                            [39m [90m0.41s[39m  
  [32;1m✓[39;22m[90m [39m[37mbooking distribution[39m[90m → it copies user last_name to student_last_name[39m[90m                                        [39m [90m0.45s[39m  

  [30;42;1m PASS [39;49;22m[39m Tests\Unit\RegisterUserServiceTest[39m
  [32;1m✓[39;22m[90m [39m[37mdeleteRegisterUsers[39m[90m → it deletes users with only register_user role and no bookings[39m[90m                         [39m [90m0.07s[39m  
  [32;1m✓[39;22m[90m [39m[37mdeleteRegisterUsers[39m[90m → it does not delete users with multiple roles[39m[90m                                          [39m [90m0.05s[39m  
  [32;1m✓[39;22m[90m [39m[37mdeleteRegisterUsers[39m[90m → it does not delete users with bookings[39m[90m                                                [39m [90m0.04s[39m  
  [32;1m✓[39;22m[90m [39m[37mdeleteRegisterUsers[39m[90m → it does not delete users without register_user role[39m[90m                                   [39m [90m0.04s[39m  
  [32;1m✓[39;22m[90m [39m[37mdeleteRegisterUsers[39m[90m → it returns zero when no deletable users exist[39m[90m                                         [39m [90m0.03s[39m  
  [32;1m✓[39;22m[90m [39m[37mdeleteRegisterUsers[39m[90m → it deletes multiple eligible users and returns correct count[39m[90m                          [39m [90m0.05s[39m  
  [32;1m✓[39;22m[90m [39m[37mdeleteRegisterUsers[39m[90m → it only deletes users from specified school[39m[90m                                           [39m [90m0.05s[39m  
  [32;1m✓[39;22m[90m [39m[37mdeleteRegisterUsers[39m[90m → it removes register_user role before deleting user[39m[90m                                    [39m [90m0.05s[39m  
  [32;1m✓[39;22m[90m [39m[37mdeleteRegisterUsers[39m[90m → it handles mixed scenario with deletable and non-deletable users[39m[90m                      [39m [90m0.04s[39m  
  [32;1m✓[39;22m[90m [39m[37medge cases[39m[90m → it handles school with no users[39m[90m                                                                [39m [90m0.04s[39m  
  [32;1m✓[39;22m[90m [39m[37medge cases[39m[90m → it handles user with no roles[39m[90m                                                                  [39m [90m0.04s[39m  
  [32;1m✓[39;22m[90m [39m[37medge cases[39m[90m → it handles user with exactly one role that is not register_user[39m[90m                                [39m [90m0.06s[39m  

  [30;42;1m PASS [39;49;22m[39m Tests\Unit\RouteServiceTest[39m
  [32;1m✓[39;22m[90m [39m[37mcheckWebRoles[39m[90m → [39m[37mroute group extraction[39m[90m → it extracts route group from path correctly[39m[90m                        [39m [90m0.04s[39m  
  [32;1m✓[39;22m[90m [39m[37mcheckWebRoles[39m[90m → [39m[37mroute group extraction[39m[90m → it handles empty path as homepage[39m[90m                                  [39m [90m0.04s[39m  
  [32;1m✓[39;22m[90m [39m[37mcheckWebRoles[39m[90m → [39m[37mroute group extraction[39m[90m → it handles path with leading slash[39m[90m                                 [39m [90m0.04s[39m  
  [32;1m✓[39;22m[90m [39m[37mcheckWebRoles[39m[90m → [39m[37mroute group extraction[39m[90m → it handles path without leading slash[39m[90m                              [39m [90m0.06s[39m  
  [32;1m✓[39;22m[90m [39m[37mcheckWebRoles[39m[90m → [39m[37mroute group extraction[39m[90m → it uses homepage as default for empty string[39m[90m                       [39m [90m0.04s[39m  
  [32;1m✓[39;22m[90m [39m[37mcheckWebRoles[39m[90m → [39m[37mroute file loading[39m[90m → it returns NOT_FOUND when route file does not exist[39m[90m                    [39m [90m0.05s[39m  
  [32;1m✓[39;22m[90m [39m[37mcheckWebRoles[39m[90m → [39m[37mroute file loading[39m[90m → it loads route file based on first path segment[39m[90m                        [39m [90m0.04s[39m  
  [32;1m✓[39;22m[90m [39m[37mcheckWebRoles[39m[90m → [39m[37mroute matching[39m[90m → it returns NOT_FOUND when route is not defined in meta file[39m[90m                [39m [90m0.06s[39m  
  [32;1m✓[39;22m[90m [39m[37mcheckWebRoles[39m[90m → [39m[37mroute matching[39m[90m → it returns ALLOWED for public routes without roles[39m[90m                         [39m [90m0.03s[39m  
  [32;1m✓[39;22m[90m [39m[37mcheckWebRoles[39m[90m → [39m[37mroute matching[39m[90m → it returns ALLOWED for public routes without user[39m[90m                          [39m [90m0.05s[39m  
  [32;1m✓[39;22m[90m [39m[37mcheckWebRoles[39m[90m → [39m[37mroute matching[39m[90m → it returns ALLOWED when user has required role[39m[90m                             [39m [90m0.04s[39m  
  [32;1m✓[39;22m[90m [39m[37mcheckWebRoles[39m[90m → [39m[37mroute matching[39m[90m → it returns NOT_ALLOWED when user lacks required role[39m[90m                       [39m [90m0.05s[39m  
  [32;1m✓[39;22m[90m [39m[37mcheckWebRoles[39m[90m → [39m[37mroute matching[39m[90m → it returns ALLOWED when user has one of multiple required roles[39m[90m            [39m [90m0.05s[39m  
  [32;1m✓[39;22m[90m [39m[37mcheckWebRoles[39m[90m → [39m[37mroute matching[39m[90m → it returns ALLOWED when super_admin accesses any protected route[39m[90m           [39m [90m0.04s[39m  
  [32;1m✓[39;22m[90m [39m[37mcheckWebRoles[39m[90m → [39m[37mroute matching[39m[90m → it returns NOT_EXISTS when no user and route requires auth[39m[90m                 [39m [90m0.04s[39m  
  [32;1m✓[39;22m[90m [39m[37mcheckWebRoles[39m[90m → [39m[37mwildcard matching[39m[90m → it matches wildcard routes with suffix path[39m[90m                             [39m [90m0.06s[39m  
  [32;1m✓[39;22m[90m [39m[37mcheckWebRoles[39m[90m → [39m[37mwildcard matching[39m[90m → it matches wildcard routes at exact prefix[39m[90m                              [39m [90m0.05s[39m  
  [32;1m✓[39;22m[90m [39m[37mcheckWebRoles[39m[90m → [39m[37mwildcard matching[39m[90m → it matches wildcard routes with deep nested paths[39m[90m                       [39m [90m0.05s[39m  
  [32;1m✓[39;22m[90m [39m[37mcheckWebRoles[39m[90m → [39m[37mwildcard matching[39m[90m → it does not match wildcard when user lacks role[39m[90m                         [39m [90m0.05s[39m  
  [32;1m✓[39;22m[90m [39m[37mmatchRouteRoles[39m[90m → it returns roles for exact path match[39m[90m                                                     [39m [90m0.04s[39m  
  [32;1m✓[39;22m[90m [39m[37mmatchRouteRoles[39m[90m → it returns null when no match found[39m[90m                                                       [39m [90m0.03s[39m  
  [32;1m✓[39;22m[90m [39m[37mmatchRouteRoles[39m[90m → it matches wildcard pattern with suffix[39m[90m                                                   [39m [90m0.04s[39m  
  [32;1m✓[39;22m[90m [39m[37mmatchRouteRoles[39m[90m → it matches wildcard pattern at exact prefix[39m[90m                                               [39m [90m0.04s[39m  
  [32;1m✓[39;22m[90m [39m[37mmatchRouteRoles[39m[90m → it prefers exact match over wildcard[39m[90m                                                      [39m [90m0.04s[39m  
  [32;1m✓[39;22m[90m [39m[37mmatchRouteRoles[39m[90m → it returns empty array for public routes[39m[90m                                                  [39m [90m0.06s[39m  
  [32;1m✓[39;22m[90m [39m[37mmatchRouteRoles[39m[90m → it matches first wildcard when multiple patterns exist[39m[90m                                    [39m [90m0.04s[39m  
  [32;1m✓[39;22m[90m [39m[37mcheckApiRoles[39m[90m → [39m[37minput validation[39m[90m → it returns NOT_FOUND when to path is missing[39m[90m                             [39m [90m0.05s[39m  
  [32;1m✓[39;22m[90m [39m[37mcheckApiRoles[39m[90m → [39m[37minput validation[39m[90m → it returns NOT_FOUND when to path is null[39m[90m                                [39m [90m0.04s[39m  
  [32;1m✓[39;22m[90m [39m[37mcheckApiRoles[39m[90m → [39m[37minput validation[39m[90m → it defaults to GET method when not specified[39m[90m                             [39m [90m0.04s[39m  
  [32;1m✓[39;22m[90m [39m[37mcheckApiRoles[39m[90m → [39m[37minput validation[39m[90m → it converts method to uppercase[39m[90m                                          [39m [90m0.05s[39m  
  [32;1m✓[39;22m[90m [39m[37mcheckApiRoles[39m[90m → [39m[37mpath normalization[39m[90m → it removes /api prefix from path[39m[90m                                       [39m [90m0.04s[39m  
  [32;1m✓[39;22m[90m [39m[37mcheckApiRoles[39m[90m → [39m[37mpath normalization[39m[90m → it handles path without /api prefix[39m[90m                                    [39m [90m0.05s[39m  
  [32;1m✓[39;22m[90m [39m[37mcheckApiRoles[39m[90m → [39m[37mroute matching[39m[90m → it returns NOT_EXISTS when route is not defined[39m[90m                            [39m [90m0.04s[39m  
  [32;1m✓[39;22m[90m [39m[37mcheckApiRoles[39m[90m → [39m[37mroute matching[39m[90m → it returns ALLOWED for public routes without roles[39m[90m                         [39m [90m0.06s[39m  
  [32;1m✓[39;22m[90m [39m[37mcheckApiRoles[39m[90m → [39m[37mroute matching[39m[90m → it returns ALLOWED when user has required role[39m[90m                             [39m [90m0.05s[39m  
  [32;1m✓[39;22m[90m [39m[37mcheckApiRoles[39m[90m → [39m[37mroute matching[39m[90m → it returns NOT_ALLOWED when user lacks required role[39m[90m                       [39m [90m0.04s[39m  
  [32;1m✓[39;22m[90m [39m[37mcheckApiRoles[39m[90m → [39m[37mroute matching[39m[90m → it returns NOT_ALLOWED when no user provided for protected route[39m[90m           [39m [90m0.03s[39m  
  [32;1m✓[39;22m[90m [39m[37mcheckApiRoles[39m[90m → [39m[37mroute matching[39m[90m → it returns ALLOWED when super_admin accesses any protected route[39m[90m           [39m [90m0.05s[39m  
  [32;1m✓[39;22m[90m [39m[37mcheckApiRoles[39m[90m → [39m[37mroute matching[39m[90m → it returns ALLOWED when user has one of multiple required roles[39m[90m            [39m [90m0.05s[39m  
  [32;1m✓[39;22m[90m [39m[37mcheckApiRoles[39m[90m → [39m[37mwildcard method matching[39m[90m → it matches any method with * wildcard[39m[90m                            [39m [90m0.05s[39m  
  [32;1m✓[39;22m[90m [39m[37mcheckApiRoles[39m[90m → [39m[37mwildcard method matching[39m[90m → it matches GET with * wildcard[39m[90m                                   [39m [90m0.04s[39m  
  [32;1m✓[39;22m[90m [39m[37mcheckApiRoles[39m[90m → [39m[37mwildcard method matching[39m[90m → it matches DELETE with * wildcard[39m[90m                                [39m [90m0.06s[39m  
  [32;1m✓[39;22m[90m [39m[37mcheckApiRoles[39m[90m → [39m[37mpath parameter matching[39m[90m → it matches route with :id parameter[39m[90m                               [39m [90m0.03s[39m  
  [32;1m✓[39;22m[90m [39m[37mcheckApiRoles[39m[90m → [39m[37mpath parameter matching[39m[90m → it matches route with multiple parameters[39m[90m                         [39m [90m0.06s[39m  
  [32;1m✓[39;22m[90m [39m[37mcheckApiRoles[39m[90m → [39m[37mpath parameter matching[39m[90m → it does not match when path segment count differs[39m[90m                 [39m [90m0.04s[39m  
  [32;1m✓[39;22m[90m [39m[37mcheckApiRoles[39m[90m → [39m[37mpath parameter matching[39m[90m → it matches numeric IDs with :id parameter[39m[90m                         [39m [90m0.06s[39m  
  [32;1m✓[39;22m[90m [39m[37mmatchesPath[39m[90m → it matches exact paths[39m[90m                                                                        [39m [90m0.03s[39m  
  [32;1m✓[39;22m[90m [39m[37mmatchesPath[39m[90m → it does not match different paths[39m[90m                                                             [39m [90m0.05s[39m  
  [32;1m✓[39;22m[90m [39m[37mmatchesPath[39m[90m → it matches path with :id wildcard[39m[90m                                                             [39m [90m0.05s[39m  
  [32;1m✓[39;22m[90m [39m[37mmatchesPath[39m[90m → it matches path with multiple wildcards[39m[90m                                                       [39m [90m0.03s[39m  
  [32;1m✓[39;22m[90m [39m[37mmatchesPath[39m[90m → it does not match when segment count differs[39m[90m                                                  [39m [90m0.06s[39m  
  [32;1m✓[39;22m[90m [39m[37mmatchesPath[39m[90m → it does not match when non-wildcard segments differ[39m[90m                                           [39m [90m0.04s[39m  
  [32;1m✓[39;22m[90m [39m[37mmatchesPath[39m[90m → it handles paths with trailing slashes[39m[90m                                                        [39m [90m0.04s[39m  
  [32;1m✓[39;22m[90m [39m[37mmatchesPath[39m[90m → it handles paths with leading slashes[39m[90m                                                         [39m [90m0.04s[39m  
  [32;1m✓[39;22m[90m [39m[37mmatchesPath[39m[90m → it matches wildcard with string values[39m[90m                                                        [39m [90m0.02s[39m  
  [32;1m✓[39;22m[90m [39m[37mmatchesPath[39m[90m → it matches complex nested paths with wildcards[39m[90m                                                [39m [90m0.04s[39m  
  [32;1m✓[39;22m[90m [39m[37mmatchesRoute[39m[90m → it matches exact method and path[39m[90m                                                             [39m [90m0.04s[39m  
  [32;1m✓[39;22m[90m [39m[37mmatchesRoute[39m[90m → it does not match different methods[39m[90m                                                          [39m [90m0.03s[39m  
  [32;1m✓[39;22m[90m [39m[37mmatchesRoute[39m[90m → it does not match different paths[39m[90m                                                            [39m [90m0.03s[39m  
  [32;1m✓[39;22m[90m [39m[37mmatchesRoute[39m[90m → it matches wildcard method with any method[39m[90m                                                   [39m [90m0.05s[39m  
  [32;1m✓[39;22m[90m [39m[37mmatchesRoute[39m[90m → it matches route with path parameters[39m[90m                                                        [39m [90m0.03s[39m  
  [32;1m✓[39;22m[90m [39m[37mmatchesRoute[39m[90m → it matches wildcard method with path parameters[39m[90m                                              [39m [90m0.04s[39m  
  [32;1m✓[39;22m[90m [39m[37mmatchesRoute[39m[90m → it returns false when pattern is missing method[39m[90m                                              [39m [90m0.03s[39m  
  [32;1m✓[39;22m[90m [39m[37mmatchesRoute[39m[90m → it returns false when route key is missing method[39m[90m                                            [39m [90m0.05s[39m  
  [32;1m✓[39;22m[90m [39m[37mmatchesRoute[39m[90m → it is case insensitive for methods[39m[90m                                                           [39m [90m0.04s[39m  
  [32;1m✓[39;22m[90m [39m[37mmatchesRoute[39m[90m → it matches complex routes with multiple parameters[39m[90m                                           [39m [90m0.03s[39m  
  [32;1m✓[39;22m[90m [39m[37mintegration scenarios[39m[90m → it allows super_admin to access all web routes[39m[90m                                      [39m [90m0.04s[39m  
  [32;1m✓[39;22m[90m [39m[37mintegration scenarios[39m[90m → it allows super_admin to access all API routes[39m[90m                                      [39m [90m0.05s[39m  
  [32;1m✓[39;22m[90m [39m[37mintegration scenarios[39m[90m → it restricts user without roles from accessing protected routes[39m[90m                     [39m [90m0.05s[39m  
  [32;1m✓[39;22m[90m [39m[37mintegration scenarios[39m[90m → it handles guest users correctly for public routes[39m[90m                                  [39m [90m0.04s[39m  
  [32;1m✓[39;22m[90m [39m[37mintegration scenarios[39m[90m → it handles guest users correctly for protected routes[39m[90m                               [39m [90m0.04s[39m  
  [32;1m✓[39;22m[90m [39m[37mintegration scenarios[39m[90m → it handles user with multiple roles accessing routes[39m[90m                                [39m [90m0.05s[39m  
  [32;1m✓[39;22m[90m [39m[37medge cases[39m[90m → it handles empty route_roles gracefully for web[39m[90m                                                [39m [90m0.04s[39m  
  [32;1m✓[39;22m[90m [39m[37medge cases[39m[90m → it handles empty route_roles gracefully for API[39m[90m                                                [39m [90m0.06s[39m  
  [32;1m✓[39;22m[90m [39m[37medge cases[39m[90m → it handles malformed API data gracefully[39m[90m                                                       [39m [90m0.04s[39m  
  [32;1m✓[39;22m[90m [39m[37medge cases[39m[90m → it handles very long paths[39m[90m                                                                     [39m [90m0.04s[39m  
  [32;1m✓[39;22m[90m [39m[37medge cases[39m[90m → it handles paths with special characters[39m[90m                                                       [39m [90m0.05s[39m  
  [32;1m✓[39;22m[90m [39m[37medge cases[39m[90m → it handles case sensitivity in paths[39m[90m                                                           [39m [90m0.06s[39m  

  [30;42;1m PASS [39;49;22m[39m Tests\Unit\SchoolServiceTest[39m
  [32;1m✓[39;22m[90m [39m[37mcreate[39m[90m → it creates a school with basic data[39m[90m                                                                [39m [90m0.06s[39m  
  [32;1m✓[39;22m[90m [39m[37mcreate[39m[90m → it creates default schoolyear when creating school[39m[90m                                                 [39m [90m0.05s[39m  
  [32;1m✓[39;22m[90m [39m[37mcreate[39m[90m → it creates super admin user when creating school[39m[90m                                                   [39m [90m0.04s[39m  
  [32;1m✓[39;22m[90m [39m[37mcreate[39m[90m → it creates SchoolTool record when creating school[39m[90m                                                  [39m [90m0.04s[39m  
  [32;1m✓[39;22m[90m [39m[37mcreate[39m[90m → it creates required storage directories[39m[90m                                                            [39m [90m0.03s[39m  
  [32;1m✓[39;22m[90m [39m[37mcreate[39m[90m → it handles logo upload when upload_file is provided[39m[90m                                                [39m [90m0.03s[39m  
  [32;1m✓[39;22m[90m [39m[37mupdate[39m[90m → it updates school basic data[39m[90m                                                                       [39m [90m0.05s[39m  
  [32;1m✓[39;22m[90m [39m[37mupdate[39m[90m → it handles logo upload when updating[39m[90m                                                               [39m [90m0.05s[39m  
  [32;1m✓[39;22m[90m [39m[37mupdate[39m[90m → it removes upload_file from data array[39m[90m                                                             [39m [90m0.05s[39m  
  [32;1m✓[39;22m[90m [39m[37mdeleteSchools[39m[90m → it deletes multiple schools by ids[39m[90m                                                          [39m [90m0.06s[39m  
  [32;1m✓[39;22m[90m [39m[37mdeleteSchool[39m[90m → it cannot delete school with id 1[39m[90m                                                            [39m [90m0.05s[39m  
  [32;1m✓[39;22m[90m [39m[37mdeleteSchool[39m[90m → it cannot delete school with registers[39m[90m                                                       [39m [90m0.04s[39m  
  [32;1m✓[39;22m[90m [39m[37mdeleteSchool[39m[90m → it cannot delete school with more than one user[39m[90m                                              [39m [90m0.04s[39m  
  [32;1m✓[39;22m[90m [39m[37mdeleteSchool[39m[90m → it deletes school with single user successfully[39m[90m                                              [39m [90m0.05s[39m  
  [32;1m✓[39;22m[90m [39m[37mdeleteSchool[39m[90m → it detaches licences when deleting school[39m[90m                                                    [39m [90m0.04s[39m  
  [32;1m✓[39;22m[90m [39m[37mdeleteSchool[39m[90m → it removes user roles when deleting school[39m[90m                                                   [39m [90m0.05s[39m  
  [32;1m✓[39;22m[90m [39m[37mdeleteSchool[39m[90m → it deletes storage directories when deleting school[39m[90m                                          [39m [90m0.04s[39m  
  [32;1m✓[39;22m[90m [39m[37mschoolInfos[39m[90m → it returns licences for school[39m[90m                                                                [39m [90m0.05s[39m  
  [32;1m✓[39;22m[90m [39m[37mschoolInfos[39m[90m → it returns admin users for school[39m[90m                                                             [39m [90m0.06s[39m  
  [32;1m✓[39;22m[90m [39m[37mschoolInfos[39m[90m → it returns teacher counts[39m[90m                                                                     [39m [90m0.05s[39m  
  [32;1m✓[39;22m[90m [39m[37mschoolInfos[39m[90m → it includes all admin role types[39m[90m                                                              [39m [90m0.04s[39m  
  [32;1m✓[39;22m[90m [39m[37mloadSwitchableSchools[39m[90m → it returns schools where user has accounts[39m[90m                                          [39m [90m0.04s[39m  
  [32;1m✓[39;22m[90m [39m[37mloadSwitchableSchools[39m[90m → it returns schools sorted by long_name[39m[90m                                              [39m [90m0.04s[39m  
  [32;1m✓[39;22m[90m [39m[37mloadSwitchableSchools[39m[90m → it returns unique schools only[39m[90m                                                      [39m [90m0.04s[39m  
  [32;1m✓[39;22m[90m [39m[37mswitchSchool[39m[90m → it switches user to different school successfully[39m[90m                                            [39m [90m0.04s[39m  
  [32;1m✓[39;22m[90m [39m[37mswitchSchool[39m[90m → it aborts when user does not exist in target school[39m[90m                                          [39m [90m0.03s[39m  
  [32;1m✓[39;22m[90m [39m[37mswitchSchool[39m[90m → it logs out current user before switching[39m[90m                                                    [39m [90m0.03s[39m  
  [32;1m✓[39;22m[90m [39m[37maddAdmin[39m[90m → it creates admin user with valid data[39m[90m                                                            [39m [90m0.03s[39m  
  [32;1m✓[39;22m[90m [39m[37maddAdmin[39m[90m → it assigns multiple roles to admin[39m[90m                                                               [39m [90m0.05s[39m  
  [32;1m✓[39;22m[90m [39m[37maddAdmin[39m[90m → it aborts when admin email already exists in school[39m[90m                                              [39m [90m0.03s[39m  
  [32;1m✓[39;22m[90m [39m[37maddAdmin[39m[90m → it aborts when adding super_admin but one already exists[39m[90m                                         [39m [90m0.03s[39m  
  [32;1m✓[39;22m[90m [39m[37maddAdmin[39m[90m → it generates password for new admin[39m[90m                                                              [39m [90m0.03s[39m  
  [32;1m✓[39;22m[90m [39m[37mdeleteAdmin[39m[90m → it removes admin and register_admin roles[39m[90m                                                     [39m [90m0.03s[39m  
  [32;1m✓[39;22m[90m [39m[37mdeleteAdmin[39m[90m → it deletes user completely when is_delete_complete is true[39m[90m                                    [39m [90m0.05s[39m  
  [32;1m✓[39;22m[90m [39m[37mdeleteAdmin[39m[90m → it only removes roles when is_delete_complete is false[39m[90m                                        [39m [90m0.04s[39m  
  [32;1m✓[39;22m[90m [39m[37mdeleteAdmin[39m[90m → it cannot delete user id 1[39m[90m                                                                    [39m [90m0.04s[39m  
  [32;1m✓[39;22m[90m [39m[37mdeleteAdmin[39m[90m → it aborts when user has bookings and delete_complete is true[39m[90m                                  [39m [90m0.07s[39m  

  [30;42;1m PASS [39;49;22m[39m Tests\Unit\SchoolyearServiceTest[39m
  [32;1m✓[39;22m[90m [39m[37msetToUser[39m[90m → it sets schoolyear to user successfully[39m[90m                                                         [39m [90m0.03s[39m  
  [32;1m✓[39;22m[90m [39m[37msetToUser[39m[90m → it updates existing schoolyear_id on user[39m[90m                                                       [39m [90m0.04s[39m  
  [32;1m✓[39;22m[90m [39m[37msetToUser[39m[90m → it returns the schoolyear that was set[39m[90m                                                          [39m [90m0.04s[39m  
  [32;1m✓[39;22m[90m [39m[37msetToUser[39m[90m → it throws exception when schoolyear does not exist[39m[90m                                              [39m [90m0.04s[39m  
  [32;1m✓[39;22m[90m [39m[37msetToUser[39m[90m → it persists the change to database[39m[90m                                                              [39m [90m0.03s[39m  
  [32;1m✓[39;22m[90m [39m[37msetToUser[39m[90m → it can set schoolyear from different school to user[39m[90m                                             [39m [90m0.02s[39m  
  [32;1m✓[39;22m[90m [39m[37msetToUser[39m[90m → it handles multiple users set to same schoolyear[39m[90m                                                [39m [90m0.06s[39m  
  [32;1m✓[39;22m[90m [39m[37msetToUser[39m[90m → it works with schoolyear having all fields populated[39m[90m                                            [39m [90m0.02s[39m  
  [32;1m✓[39;22m[90m [39m[37msetToUser[39m[90m → it does not modify other user attributes[39m[90m                                                        [39m [90m0.04s[39m  
  [32;1m✓[39;22m[90m [39m[37msetToUser[39m[90m → it works when user model is fresh from database[39m[90m                                                 [39m [90m0.02s[39m  
  [32;1m✓[39;22m[90m [39m[37msetToUser[39m[90m → it works when user model has relationships loaded[39m[90m                                               [39m [90m0.04s[39m  
  [32;1m✓[39;22m[90m [39m[37msetToUser[39m[90m → it can switch between multiple schoolyears sequentially[39m[90m                                         [39m [90m0.05s[39m  
  [32;1m✓[39;22m[90m [39m[37msetToUser[39m[90m → it returns correct schoolyear even when user already has that schoolyear[39m[90m                        [39m [90m0.02s[39m  
  [32;1m✓[39;22m[90m [39m[37msetToUser[39m[90m → it works with schoolyear ID as string[39m[90m                                                           [39m [90m0.02s[39m  
  [32;1m✓[39;22m[90m [39m[37msetToUser[39m[90m → it saves user model correctly triggering model events[39m[90m                                           [39m [90m1.03s[39m  
  [32;1m✓[39;22m[90m [39m[37msetToUser[39m[90m → it handles schoolyear with minimal data[39m[90m                                                         [39m [90m0.04s[39m  
  [32;1m✓[39;22m[90m [39m[37msetToUser[39m[90m → it does not load unnecessary relationships on returned schoolyear[39m[90m                               [39m [90m0.05s[39m  

  [30;42;1m PASS [39;49;22m[39m Tests\Unit\SubjectServiceTest[39m
  [32;1m✓[39;22m[90m [39m[37mcreate[39m[90m → it creates a new subject with all fields[39m[90m                                                           [39m [90m0.03s[39m  
  [32;1m✓[39;22m[90m [39m[37mcreate[39m[90m → it creates a subject with must_be_accepted defaulting to false[39m[90m                                     [39m [90m0.04s[39m  
  [32;1m✓[39;22m[90m [39m[37mcreate[39m[90m → it creates multiple subjects at once[39m[90m                                                               [39m [90m0.02s[39m  
  [32;1m✓[39;22m[90m [39m[37mcreate[39m[90m → it does not create subject when short_name is missing[39m[90m                                              [39m [90m0.03s[39m  
  [32;1m✓[39;22m[90m [39m[37mcreate[39m[90m → it does not create subject when long_name is missing[39m[90m                                               [39m [90m0.05s[39m  
  [32;1m✓[39;22m[90m [39m[37mcreate[39m[90m → it does not create subject when both short_name and long_name are missing[39m[90m                          [39m [90m0.04s[39m  
  [32;1m✓[39;22m[90m [39m[37mcreate[39m[90m → it filters out empty emails from email_mentors array[39m[90m                                               [39m [90m0.06s[39m  
  [32;1m✓[39;22m[90m [39m[37mcreate[39m[90m → it handles email_mentors as empty array when all emails are empty[39m[90m                                  [39m [90m0.03s[39m  
  [32;1m✓[39;22m[90m [39m[37mcreate[39m[90m → it creates subject with empty email_mentors array when not provided[39m[90m                                [39m [90m0.05s[39m  
  [32;1m✓[39;22m[90m [39m[37mcreate[39m[90m → it uses firstOrCreate to avoid duplicates[39m[90m                                                          [39m [90m0.04s[39m  
  [32;1m✓[39;22m[90m [39m[37mcreate[39m[90m → it creates subjects for different schools with same short_name[39m[90m                                     [39m [90m0.04s[39m  
  [32;1m✓[39;22m[90m [39m[37mcreate[39m[90m → it re-indexes email_mentors array after filtering[39m[90m                                                  [39m [90m0.02s[39m  
  [32;1m✓[39;22m[90m [39m[37mcreate[39m[90m → it handles mixed valid and invalid subjects[39m[90m                                                        [39m [90m0.04s[39m  

  [30;42;1m PASS [39;49;22m[39m Tests\Unit\TeacherListServiceTest[39m
  [32;1m✓[39;22m[90m [39m[37mcreate[39m[90m → it creates a teacher with valid data[39m[90m                                                               [39m [90m0.03s[39m  
  [32;1m✓[39;22m[90m [39m[37mcreate[39m[90m → it aborts when short is already used in same school[39m[90m                                                [39m [90m0.05s[39m  
  [32;1m✓[39;22m[90m [39m[37mcreate[39m[90m → it aborts when email is already used in same school[39m[90m                                                [39m [90m0.03s[39m  
  [32;1m✓[39;22m[90m [39m[37mcreate[39m[90m → it allows same short in different schools[39m[90m                                                          [39m [90m0.05s[39m  
  [32;1m✓[39;22m[90m [39m[37mcreate[39m[90m → it allows same email in different schools[39m[90m                                                          [39m [90m0.04s[39m  
  [32;1m✓[39;22m[90m [39m[37mcreate[39m[90m → it sets school_id from parameter not from data[39m[90m                                                     [39m [90m0.02s[39m  
  [32;1m✓[39;22m[90m [39m[37mupdate[39m[90m → it updates teacher data successfully[39m[90m                                                               [39m [90m0.04s[39m  
  [32;1m✓[39;22m[90m [39m[37mupdate[39m[90m → it throws exception when teacher does not exist[39m[90m                                                    [39m [90m0.02s[39m  
  [32;1m✓[39;22m[90m [39m[37mupdate[39m[90m → it aborts when school_id does not match[39m[90m                                                            [39m [90m0.04s[39m  
  [32;1m✓[39;22m[90m [39m[37mupdate[39m[90m → it aborts when updating short to existing one in same school[39m[90m                                       [39m [90m0.02s[39m  
  [32;1m✓[39;22m[90m [39m[37mupdate[39m[90m → it aborts when updating email to existing one in same school[39m[90m                                       [39m [90m0.04s[39m  
  [32;1m✓[39;22m[90m [39m[37mupdate[39m[90m → it allows updating to same short when not changed[39m[90m                                                  [39m [90m0.05s[39m  
  [32;1m✓[39;22m[90m [39m[37mupdate[39m[90m → it allows updating to same email when not changed[39m[90m                                                  [39m [90m0.05s[39m  
  [32;1m✓[39;22m[90m [39m[37mdeleteTeachers[39m[90m → it deletes multiple teachers by ids[39m[90m                                                        [39m [90m0.04s[39m  
  [32;1m✓[39;22m[90m [39m[37mdeleteTeachers[39m[90m → it does not delete teacher from different school[39m[90m                                           [39m [90m0.05s[39m  
  [32;1m✓[39;22m[90m [39m[37mdeleteTeachers[39m[90m → it handles empty array[39m[90m                                                                     [39m [90m0.04s[39m  
  [32;1m✓[39;22m[90m [39m[37mgetAllTeachersNotInUsers[39m[90m → it returns step NEW_TEACHER_NO_TEACHER when no teachers exist[39m[90m                    [39m [90m0.04s[39m  
  [32;1m✓[39;22m[90m [39m[37mgetAllTeachersNotInUsers[39m[90m → it returns step NEW_TEACHER_INPUT_CODE when one teacher exists[39m[90m                   [39m [90m0.04s[39m  
  [32;1m✓[39;22m[90m [39m[37mgetAllTeachersNotInUsers[39m[90m → it returns step NEW_TEACHER_SELECT_SCHOOL when multiple teachers in different sc[39m[90m…[39m [90m0.04s[39m  
  [32;1m✓[39;22m[90m [39m[37mgetAllTeachersNotInUsers[39m[90m → it filters out teachers that already have user accounts[39m[90m                          [39m [90m0.06s[39m  
  [32;1m✓[39;22m[90m [39m[37mgetAllTeachersNotInUsers[39m[90m → it returns NO_TEACHER when all teachers have user accounts[39m[90m                       [39m [90m0.05s[39m  
  [32;1m✓[39;22m[90m [39m[37msendCode[39m[90m → it sends code to teacher email[39m[90m                                                                   [39m [90m0.05s[39m  
  [32;1m✓[39;22m[90m [39m[37msendCode[39m[90m → it generates 6-digit token[39m[90m                                                                       [39m [90m0.04s[39m  
  [32;1m✓[39;22m[90m [39m[37msendCode[39m[90m → it sets token expiration time[39m[90m                                                                    [39m [90m0.04s[39m  
  [32;1m✓[39;22m[90m [39m[37mcheckToken[39m[90m → it returns truthy value when token matches and is valid[39m[90m                                        [39m [90m0.04s[39m  
  [32;1m✓[39;22m[90m [39m[37mcheckToken[39m[90m → it returns falsy value when token does not match[39m[90m                                               [39m [90m0.02s[39m  
  [32;1m✓[39;22m[90m [39m[37mcheckToken[39m[90m → it returns falsy value when token is expired[39m[90m                                                   [39m [90m0.02s[39m  
  [32;1m✓[39;22m[90m [39m[37mcreateUserFromTeacher[39m[90m → it creates user from teacher data[39m[90m                                                   [39m [90m0.04s[39m  
  [32;1m✓[39;22m[90m [39m[37mcreateUserFromTeacher[39m[90m → it sets login_ip from request[39m[90m                                                       [39m [90m0.06s[39m  
  [32;1m✓[39;22m[90m [39m[37mcreateUserFromTeacher[39m[90m → it generates password for new user[39m[90m                                                  [39m [90m0.04s[39m  

  [30;42;1m PASS [39;49;22m[39m Tests\Unit\TeacherServiceTest[39m
  [32;1m✓[39;22m[90m [39m[37mcreate[39m[90m → it creates a teacher with valid data[39m[90m                                                               [39m [90m0.06s[39m  
  [32;1m✓[39;22m[90m [39m[37mcreate[39m[90m → it assigns teacher role to created user[39m[90m                                                            [39m [90m0.05s[39m  
  [32;1m✓[39;22m[90m [39m[37mcreate[39m[90m → it sets email_verified_at and confirmed_at timestamps[39m[90m                                              [39m [90m0.03s[39m  
  [32;1m✓[39;22m[90m [39m[37mcreate[39m[90m → it throws 409 exception when short is already taken[39m[90m                                                [39m [90m0.05s[39m  
  [32;1m✓[39;22m[90m [39m[37mcreate[39m[90m → it throws 409 exception when email is already taken[39m[90m                                                [39m [90m0.05s[39m  
  [32;1m✓[39;22m[90m [39m[37mcreate[39m[90m → it allows same short in different schools[39m[90m                                                          [39m [90m0.05s[39m  
  [32;1m✓[39;22m[90m [39m[37mcreate[39m[90m → it hashes the password[39m[90m                                                                             [39m [90m0.05s[39m  
  [32;1m✓[39;22m[90m [39m[37mupdate[39m[90m → it updates teacher with valid data[39m[90m                                                                 [39m [90m0.05s[39m  
  [32;1m✓[39;22m[90m [39m[37mupdate[39m[90m → it throws 401 when school_id does not match[39m[90m                                                        [39m [90m0.04s[39m  
  [32;1m✓[39;22m[90m [39m[37mupdate[39m[90m → it throws 409 when new short is already taken by another teacher[39m[90m                                   [39m [90m0.04s[39m  
  [32;1m✓[39;22m[90m [39m[37mupdate[39m[90m → it throws 409 when new email is already taken by another teacher[39m[90m                                   [39m [90m0.04s[39m  
  [32;1m✓[39;22m[90m [39m[37mupdate[39m[90m → it allows updating to same short[39m[90m                                                                   [39m [90m0.05s[39m  
  [32;1m✓[39;22m[90m [39m[37mupdate[39m[90m → it throws ModelNotFoundException when teacher does not exist[39m[90m                                       [39m [90m0.05s[39m  
  [32;1m✓[39;22m[90m [39m[37mdeleteTeachers[39m[90m → it deletes multiple teachers[39m[90m                                                               [39m [90m0.05s[39m  
  [32;1m✓[39;22m[90m [39m[37mdeleteTeachers[39m[90m → it does not delete teacher from different school[39m[90m                                           [39m [90m0.06s[39m  
  [32;1m✓[39;22m[90m [39m[37mdeleteTeachers[39m[90m → it does not delete teacher with dependencies[39m[90m                                               [39m [90m0.03s[39m  
  [32;1m✓[39;22m[90m [39m[37mdeleteTeachers[39m[90m → it does not delete teacher with multiple roles[39m[90m                                             [39m [90m0.03s[39m  
  [32;1m✓[39;22m[90m [39m[37mdeleteTeachers[39m[90m → it removes teacher role when deleting[39m[90m                                                      [39m [90m0.04s[39m  

  [30;42;1m PASS [39;49;22m[39m Tests\Unit\TeachersListImportFinishedEventTest[39m
  [32;1m✓[39;22m[90m [39m[37mTeachersListImportFinishedEvent[39m[90m → it can be instantiated with all parameters[39m[90m                                [39m [90m0.04s[39m  
  [32;1m✓[39;22m[90m [39m[37mTeachersListImportFinishedEvent[39m[90m → it can be instantiated with empty data[39m[90m                                    [39m [90m0.04s[39m  
  [32;1m✓[39;22m[90m [39m[37mTeachersListImportFinishedEvent[39m[90m → it broadcasts on correct private channel[39m[90m                                  [39m [90m0.04s[39m  
  [32;1m✓[39;22m[90m [39m[37mTeachersListImportFinishedEvent[39m[90m → it broadcasts on different channel for different users[39m[90m                    [39m [90m0.04s[39m  
  [32;1m✓[39;22m[90m [39m[37mTeachersListImportFinishedEvent[39m[90m → it implements ShouldBroadcast interface[39m[90m                                   [39m [90m0.06s[39m  
  [32;1m✓[39;22m[90m [39m[37mTeachersListImportFinishedEvent[39m[90m → it stores success status[39m[90m                                                  [39m [90m0.03s[39m  
  [32;1m✓[39;22m[90m [39m[37mTeachersListImportFinishedEvent[39m[90m → it stores error status[39m[90m                                                    [39m [90m0.03s[39m  
  [32;1m✓[39;22m[90m [39m[37mTeachersListImportFinishedEvent[39m[90m → it can be dispatched[39m[90m                                                      [39m [90m0.03s[39m  
  [32;1m✓[39;22m[90m [39m[37mTeachersListImportFinishedEvent[39m[90m → it contains German success message structure[39m[90m                              [39m [90m0.04s[39m  
  [32;1m✓[39;22m[90m [39m[37mTeachersListImportFinishedEvent[39m[90m → it contains German error message structure[39m[90m                                [39m [90m0.04s[39m  
  [32;1m✓[39;22m[90m [39m[37mTeachersListImportFinishedEvent[39m[90m → it preserves all data fields[39m[90m                                              [39m [90m0.05s[39m  

  [30;42;1m PASS [39;49;22m[39m Tests\Unit\TutoringOfferServiceTest[39m
  [32;1m✓[39;22m[90m [39m[37misCreatingPossible[39m[90m → it returns status true with code 200[39m[90m                                                   [39m [90m0.04s[39m  
  [32;1m✓[39;22m[90m [39m[37misCreatingPossible[39m[90m → it returns the original data in the response[39m[90m                                           [39m [90m0.04s[39m  
  [32;1m✓[39;22m[90m [39m[37misCreatingPossible[39m[90m → it works with empty data[39m[90m                                                               [39m [90m0.03s[39m  
  [32;1m✓[39;22m[90m [39m[37mcreate[39m[90m → it creates an offer with subject that does not require acceptance[39m[90m                                  [39m [90m0.03s[39m  
  [32;1m✓[39;22m[90m [39m[37mcreate[39m[90m → it creates an offer with subject that requires acceptance[39m[90m                                          [39m [90m0.04s[39m  
  [32;1m✓[39;22m[90m [39m[37mcreate[39m[90m → it sets school_id and user_id from parameters[39m[90m                                                      [39m [90m0.03s[39m  
  [32;1m✓[39;22m[90m [39m[37mcreate[39m[90m → it inherits must_be_accepted from subject[39m[90m                                                          [39m [90m0.03s[39m  
  [32;1m✓[39;22m[90m [39m[37mcreate[39m[90m → it sets is_active to true when must_be_accepted is false[39m[90m                                           [39m [90m0.05s[39m  
  [32;1m✓[39;22m[90m [39m[37mcreate[39m[90m → it sets is_active to false when must_be_accepted is true[39m[90m                                           [39m [90m0.04s[39m  
  [32;1m✓[39;22m[90m [39m[37mcreate[39m[90m → it sets accepted_at to now when must_be_accepted is false[39m[90m                                          [39m [90m0.05s[39m  
  [32;1m✓[39;22m[90m [39m[37mcreate[39m[90m → it does not set accepted_at when must_be_accepted is true[39m[90m                                          [39m [90m0.06s[39m  
  [32;1m✓[39;22m[90m [39m[37mcreate[39m[90m → it persists offer to database[39m[90m                                                                      [39m [90m0.05s[39m  
  [32;1m✓[39;22m[90m [39m[37mcreate[39m[90m → it preserves additional data fields[39m[90m                                                                [39m [90m0.03s[39m  
  [32;1m✓[39;22m[90m [39m[37mcreate[39m[90m → it throws exception when subject does not exist[39m[90m                                                    [39m [90m0.04s[39m  
  [32;1m✓[39;22m[90m [39m[37mcreate[39m[90m → it creates multiple offers for same user and school[39m[90m                                                [39m [90m0.05s[39m  
  [32;1m✓[39;22m[90m [39m[37mcreate[39m[90m → it creates offers for different users in same school[39m[90m                                               [39m [90m0.03s[39m  

  [30;42;1m PASS [39;49;22m[39m Tests\Unit\TutoringServiceTest[39m
  [32;1m✓[39;22m[90m [39m[37mcheckEmail[39m[90m → it returns NEW_USER status when email does not exist[39m[90m                                           [39m [90m0.05s[39m  
  [32;1m✓[39;22m[90m [39m[37mcheckEmail[39m[90m → it returns USER_FOUND status when email exists in school[39m[90m                                       [39m [90m0.04s[39m  
  [32;1m✓[39;22m[90m [39m[37mcheckEmail[39m[90m → it returns NEW_USER when email exists in different school[39m[90m                                      [39m [90m0.04s[39m  
  [32;1m✓[39;22m[90m [39m[37mcheckEmail[39m[90m → it preserves original data in result[39m[90m                                                           [39m [90m0.02s[39m  
  [32;1m✓[39;22m[90m [39m[37mcreateUser[39m[90m → it creates a new user when status is NEW_USER[39m[90m                                                  [39m [90m0.02s[39m  
  [32;1m✓[39;22m[90m [39m[37mcreateUser[39m[90m → it sets a hashed password for new user[39m[90m                                                         [39m [90m0.03s[39m  
  [32;1m✓[39;22m[90m [39m[37mcreateUser[39m[90m → it throws 409 exception when user already exists[39m[90m                                               [39m [90m0.02s[39m  
  [32;1m✓[39;22m[90m [39m[37mcreateUser[39m[90m → it does not include status field in created user[39m[90m                                               [39m [90m0.02s[39m  
  [32;1m✓[39;22m[90m [39m[37massignTutoringRole[39m[90m → it assigns tutoring_user role to user[39m[90m                                                  [39m [90m0.03s[39m  
  [32;1m✓[39;22m[90m [39m[37massignTutoringRole[39m[90m → it returns the user after assigning role[39m[90m                                               [39m [90m0.05s[39m  
  [32;1m✓[39;22m[90m [39m[37massignTutoringRole[39m[90m → it throws exception for non-existent user[39m[90m                                              [39m [90m0.04s[39m  
  [32;1m✓[39;22m[90m [39m[37msendCodeToUser[39m[90m → it generates and saves 6-digit token[39m[90m                                                       [39m [90m0.06s[39m  
  [32;1m✓[39;22m[90m [39m[37msendCodeToUser[39m[90m → it sets token expiration time based on config[39m[90m                                              [39m [90m0.05s[39m  
  [32;1m✓[39;22m[90m [39m[37msendCodeToUser[39m[90m → it sends notification email with token[39m[90m                                                     [39m [90m0.04s[39m  
  [32;1m✓[39;22m[90m [39m[37mconfirmEmail[39m[90m → it confirms email with valid token and future expiry[39m[90m                                         [39m [90m0.04s[39m  
  [32;1m✓[39;22m[90m [39m[37mconfirmEmail[39m[90m → it sends new code when token is invalid[39m[90m                                                      [39m [90m0.04s[39m  
  [32;1m✓[39;22m[90m [39m[37mconfirmEmail[39m[90m → it sends new code when token is expired[39m[90m                                                      [39m [90m0.05s[39m  
  [32;1m✓[39;22m[90m [39m[37mconfirmEmail[39m[90m → it throws exception for non-existent user[39m[90m                                                    [39m [90m0.04s[39m  
  [32;1m✓[39;22m[90m [39m[37mcheckUserConfirmation[39m[90m → it returns status when user must be confirmed[39m[90m                                       [39m [90m0.04s[39m  
  [32;1m✓[39;22m[90m [39m[37mcheckUserConfirmation[39m[90m → it sends confirmation email to confirmer when configured[39m[90m                            [39m [90m0.04s[39m  
  [32;1m✓[39;22m[90m [39m[37mcheckUserConfirmation[39m[90m → it does not set confirmed_at when user not confirmed and confirmation not required[39m[90m  [39m [90m0.06s[39m  
  [32;1m✓[39;22m[90m [39m[37mcheckUserConfirmation[39m[90m → it updates confirmed_at when user already confirmed[39m[90m                                 [39m [90m0.04s[39m  
  [32;1m✓[39;22m[90m [39m[37mconfirmUser[39m[90m → it confirms user with valid UUID[39m[90m                                                              [39m [90m0.04s[39m  
  [32;1m✓[39;22m[90m [39m[37mconfirmUser[39m[90m → it sends confirmation email to user after confirmation[39m[90m                                        [39m [90m0.03s[39m  
  [32;1m✓[39;22m[90m [39m[37mconfirmUser[39m[90m → it returns false with invalid UUID[39m[90m                                                            [39m [90m0.02s[39m  
  [32;1m✓[39;22m[90m [39m[37mconfirmUser[39m[90m → it returns false when user already confirmed[39m[90m                                                  [39m [90m0.05s[39m  
  [32;1m✓[39;22m[90m [39m[37mconfirmUser[39m[90m → it throws exception for non-existent user[39m[90m                                                     [39m [90m0.04s[39m  
  [32;1m✓[39;22m[90m [39m[37mcheckLoginRequirement[39m[90m → it returns USER_INACTIVE status for inactive user[39m[90m                                   [39m [90m0.05s[39m  
  [32;1m✓[39;22m[90m [39m[37mcheckLoginRequirement[39m[90m → it returns CONFIRM_EMAIL status when email not verified[39m[90m                             [39m [90m0.03s[39m  
  [32;1m✓[39;22m[90m [39m[37mcheckLoginRequirement[39m[90m → it sends verification code when email not verified[39m[90m                                  [39m [90m0.06s[39m  
  [32;1m✓[39;22m[90m [39m[37mcheckLoginRequirement[39m[90m → it checks user confirmation after email verification[39m[90m                                [39m [90m0.04s[39m  
  [32;1m✓[39;22m[90m [39m[37munknownPassword[39m[90m → it generates and sends login token[39m[90m                                                        [39m [90m0.03s[39m  
  [32;1m✓[39;22m[90m [39m[37munknownPassword[39m[90m → it sends email notification with login code[39m[90m                                               [39m [90m0.03s[39m  
  [32;1m✓[39;22m[90m [39m[37munknownPassword[39m[90m → it throws exception for non-existent user[39m[90m                                                 [39m [90m0.02s[39m  
  [32;1m✓[39;22m[90m [39m[37mloginWithToken[39m[90m → it logs in user with valid token[39m[90m                                                           [39m [90m0.05s[39m  
  [32;1m✓[39;22m[90m [39m[37mloginWithToken[39m[90m → it returns RETRY_LOGIN_WITH_TOKEN with invalid token[39m[90m                                       [39m [90m0.03s[39m  
  [32;1m✓[39;22m[90m [39m[37mloginWithToken[39m[90m → it returns RETRY_LOGIN_WITH_TOKEN with expired token[39m[90m                                       [39m [90m0.05s[39m  
  [32;1m✓[39;22m[90m [39m[37mloginWithToken[39m[90m → it records login IP address[39m[90m                                                                [39m [90m0.07s[39m  
  [32;1m✓[39;22m[90m [39m[37mloginWithToken[39m[90m → it throws exception for non-existent user[39m[90m                                                  [39m [90m0.02s[39m  
  [32;1m✓[39;22m[90m [39m[37mloginWithPassword[39m[90m → it logs in user with correct password[39m[90m                                                   [39m [90m0.03s[39m  
  [32;1m✓[39;22m[90m [39m[37mloginWithPassword[39m[90m → it logs in user with super admin password[39m[90m                                               [39m [90m0.05s[39m  
  [32;1m✓[39;22m[90m [39m[37mloginWithPassword[39m[90m → it returns RETRY_PASSWORD with incorrect password[39m[90m                                       [39m [90m0.19s[39m  
  [32;1m✓[39;22m[90m [39m[37mloginWithPassword[39m[90m → it records login IP address on successful login[39m[90m                                         [39m [90m0.03s[39m  
  [32;1m✓[39;22m[90m [39m[37mloginWithPassword[39m[90m → it throws exception for non-existent user[39m[90m                                               [39m [90m0.04s[39m  
  [32;1m✓[39;22m[90m [39m[37mintegration scenarios[39m[90m → it completes full tutoring user registration flow[39m[90m                                   [39m [90m0.05s[39m  
  [32;1m✓[39;22m[90m [39m[37mintegration scenarios[39m[90m → it completes full login flow for existing user with token[39m[90m                           [39m [90m0.03s[39m  
  [32;1m✓[39;22m[90m [39m[37mintegration scenarios[39m[90m → it completes full login flow for existing user with password[39m[90m                        [39m [90m0.05s[39m  

  [30;42;1m PASS [39;49;22m[39m Tests\Unit\UserServiceTest[39m
  [32;1m✓[39;22m[90m [39m[37mdelete[39m[90m → it deletes users without dependencies[39m[90m                                                              [39m [90m0.07s[39m  
  [32;1m✓[39;22m[90m [39m[37mdelete[39m[90m → it does not delete current user[39m[90m                                                                    [39m [90m0.05s[39m  
  [32;1m✓[39;22m[90m [39m[37mdelete[39m[90m → it removes roles before deleting user[39m[90m                                                              [39m [90m0.05s[39m  
  [32;1m✓[39;22m[90m [39m[37mdelete[39m[90m → it does not delete user with dependencies[39m[90m                                                          [39m [90m0.04s[39m  
  [32;1m✓[39;22m[90m [39m[37mstore[39m[90m → it creates user with valid data[39m[90m                                                                     [39m [90m0.04s[39m  
  [32;1m✓[39;22m[90m [39m[37mstore[39m[90m → it aborts when email already exists in school[39m[90m                                                       [39m [90m0.04s[39m  
  [32;1m✓[39;22m[90m [39m[37mstore[39m[90m → it assigns roles to user except super_admin[39m[90m                                                         [39m [90m0.03s[39m  
  [32;1m✓[39;22m[90m [39m[37mstore[39m[90m → it does not assign unchecked roles[39m[90m                                                                  [39m [90m0.04s[39m  
  [32;1m✓[39;22m[90m [39m[37mupdate[39m[90m → it updates user data successfully[39m[90m                                                                  [39m [90m0.03s[39m  
  [32;1m✓[39;22m[90m [39m[37mupdate[39m[90m → it aborts when email exists for another user in same school[39m[90m                                        [39m [90m0.03s[39m  
  [32;1m✓[39;22m[90m [39m[37mupdate[39m[90m → it adds checked roles[39m[90m                                                                              [39m [90m0.05s[39m  
  [32;1m✓[39;22m[90m [39m[37mupdate[39m[90m → it removes unchecked roles[39m[90m                                                                         [39m [90m0.05s[39m  
  [32;1m✓[39;22m[90m [39m[37mupdate[39m[90m → it does not remove register_user role when user has bookings[39m[90m                                       [39m [90m0.04s[39m  
  [32;1m✓[39;22m[90m [39m[37mupdate[39m[90m → it does not remove tutoring_user role when user has tutoring offers[39m[90m                                [39m [90m0.05s[39m  
  [32;1m✓[39;22m[90m [39m[37msetSchoolyearToNull[39m[90m → it sets schoolyear_id and register_id to null for all users in schoolyear[39m[90m             [39m [90m0.03s[39m  
  [32;1m✓[39;22m[90m [39m[37msetSchoolyearToNull[39m[90m → it only affects users in the same school[39m[90m                                              [39m [90m0.03s[39m  
  [32;1m✓[39;22m[90m [39m[37msetNewSchoolyear[39m[90m → it sets new schoolyear and clears register_id[39m[90m                                            [39m [90m0.03s[39m  
  [32;1m✓[39;22m[90m [39m[37mallUsersInfos[39m[90m → it returns correct user statistics[39m[90m                                                          [39m [90m0.04s[39m  
  [32;1m✓[39;22m[90m [39m[37msendVerificationEmail[39m[90m → it sends verification email to single user[39m[90m                                          [39m [90m0.04s[39m  
  [32;1m✓[39;22m[90m [39m[37msendVerificationEmail[39m[90m → it sends verification email to multiple users[39m[90m                                       [39m [90m0.04s[39m  
  [32;1m✓[39;22m[90m [39m[37mconfirm[39m[90m → it sends verification emails to unconfirmed users[39m[90m                                                 [39m [90m0.04s[39m  
  [32;1m✓[39;22m[90m [39m[37mconfirm[39m[90m → it aborts when all users are already confirmed[39m[90m                                                    [39m [90m0.04s[39m  
  [32;1m✓[39;22m[90m [39m[37mcheck2Fa[39m[90m → it returns TWO_FA_DELETE when 2FA not wanted[39m[90m                                                     [39m [90m0.06s[39m  
  [32;1m✓[39;22m[90m [39m[37mcheck2Fa[39m[90m → it returns TWO_FA_EMAIL_AND_2FA_EMAIL_MUST_NOT_BE_EQUAL when email_2fa equals user email[39m[90m         [39m [90m0.04s[39m  
  [32;1m✓[39;22m[90m [39m[37mcheck2Fa[39m[90m → it returns TWO_FA_OK when email_2fa exists and is verified[39m[90m                                       [39m [90m0.04s[39m  
  [32;1m✓[39;22m[90m [39m[37mcheck2Fa[39m[90m → it returns TWO_FA_EMAIL_MUST_BE_VERIFIED when email_2fa exists but not verified[39m[90m                  [39m [90m0.04s[39m  
  [32;1m✓[39;22m[90m [39m[37mcheck2Fa[39m[90m → it returns TWO_FA_EMAIL_MUST_BE_VERIFIED when email_2fa is null and user email_2fa is also null[39m[90m  [39m [90m0.05s[39m  
  [32;1m✓[39;22m[90m [39m[37mcheck2Fa[39m[90m → it returns TWO_FA_EMAIL_IS_NEW when email_2fa is new[39m[90m                                             [39m [90m0.05s[39m  
  [32;1m✓[39;22m[90m [39m[37misEmailInSchoolAvailable[39m[90m → it returns true when email is available[39m[90m                                          [39m [90m0.03s[39m  
  [32;1m✓[39;22m[90m [39m[37misEmailInSchoolAvailable[39m[90m → it returns false when email exists in school[39m[90m                                     [39m [90m0.03s[39m  
  [32;1m✓[39;22m[90m [39m[37misEmailInSchoolAvailable[39m[90m → it returns true when email exists in different school[39m[90m                            [39m [90m0.03s[39m  
  [32;1m✓[39;22m[90m [39m[37mcheckEmailVerification[39m[90m → it returns true when token matches and is valid[39m[90m                                    [39m [90m0.06s[39m  
  [32;1m✓[39;22m[90m [39m[37mcheckEmailVerification[39m[90m → it returns false when token does not match[39m[90m                                         [39m [90m0.04s[39m  
  [32;1m✓[39;22m[90m [39m[37mcheckEmailVerification[39m[90m → it returns false when token is expired[39m[90m                                             [39m [90m0.04s[39m  
  [32;1m✓[39;22m[90m [39m[37mdeleteTutoringUsers[39m[90m → it deletes tutoring users without dependencies[39m[90m                                        [39m [90m0.04s[39m  
  [32;1m✓[39;22m[90m [39m[37mdeleteTutoringUsers[39m[90m → it does not delete user with multiple roles[39m[90m                                           [39m [90m0.03s[39m  
  [32;1m✓[39;22m[90m [39m[37mdeleteTutoringUsers[39m[90m → it does not delete user with dependencies[39m[90m                                             [39m [90m0.03s[39m  
  [32;1m✓[39;22m[90m [39m[37mconfirmTutoringUsers[39m[90m → it confirms tutoring users with verified email[39m[90m                                       [39m [90m0.04s[39m  
  [32;1m✓[39;22m[90m [39m[37mconfirmTutoringUsers[39m[90m → it does not confirm user without verified email[39m[90m                                      [39m [90m0.05s[39m  
  [32;1m✓[39;22m[90m [39m[37mconfirmTutoringUsers[39m[90m → it does not confirm already confirmed user[39m[90m                                           [39m [90m0.05s[39m  
  [32;1m✓[39;22m[90m [39m[37mlogout[39m[90m → it logs out authenticated user[39m[90m                                                                     [39m [90m0.04s[39m  
  [32;1m✓[39;22m[90m [39m[37mlogout[39m[90m → it handles logout when no user is authenticated[39m[90m                                                    [39m [90m0.05s[39m  

  [30;42;1m PASS [39;49;22m[39m Tests\Feature\AdminControllerTest[39m
  [32;1m✓[39;22m[90m [39m[90mconfig returns json response with app configuration[39m[90m                                                         [39m [90m0.07s[39m  
  [32;1m✓[39;22m[90m [39m[90mconfig returns correct app information[39m[90m                                                                      [39m [90m0.06s[39m  
  [32;1m✓[39;22m[90m [39m[90mconfig returns user data when authenticated[39m[90m                                                                 [39m [90m0.03s[39m  
  [32;1m✓[39;22m[90m [39m[90mconfig returns selected school when user has one[39m[90m                                                            [39m [90m0.04s[39m  
  [32;1m✓[39;22m[90m [39m[90mconfig returns empty menu for unauthenticated user[39m[90m                                                          [39m [90m0.03s[39m  
  [32;1m✓[39;22m[90m [39m[90mconfig includes health check data[39m[90m                                                                           [39m [90m0.03s[39m  
  [32;1m✓[39;22m[90m [39m[90mlogin step email returns correct data for valid email[39m[90m                                                       [39m [90m0.05s[39m  
  [32;1m✓[39;22m[90m [39m[90mlogin step email rejects non-existent email[39m[90m                                                                 [39m [90m0.05s[39m  
  [32;1m✓[39;22m[90m [39m[90mlogin step 2 authenticates user with correct credentials[39m[90m                                                    [39m [90m0.07s[39m  
  [32;1m✓[39;22m[90m [39m[90mlogin step 2 rejects incorrect password[39m[90m                                                                     [39m [90m0.19s[39m  
  [32;1m✓[39;22m[90m [39m[90mlogin step 2 handles 2fa enabled users[39m[90m                                                                      [39m [90m0.07s[39m  
  [32;1m✓[39;22m[90m [39m[90mexecute logout logs out authenticated user[39m[90m                                                                  [39m [90m0.05s[39m  
  [32;1m✓[39;22m[90m [39m[90mexecute logout works for unauthenticated user[39m[90m                                                               [39m [90m0.04s[39m  
  [32;1m✓[39;22m[90m [39m[90mexecute logout returns config data[39m[90m                                                                          [39m [90m0.05s[39m  
  [32;1m✓[39;22m[90m [39m[90mload roles returns roles for super admin[39m[90m                                                                    [39m [90m0.06s[39m  
  [32;1m✓[39;22m[90m [39m[90mload roles denies access for non-super admin[39m[90m                                                                [39m [90m0.04s[39m  
  [32;1m✓[39;22m[90m [39m[90mload roles requires authentication[39m[90m                                                                          [39m [90m0.04s[39m  
  [32;1m✓[39;22m[90m [39m[90mpassword reset validates user exists and is active[39m[90m                                                          [39m [90m0.05s[39m  
  [32;1m✓[39;22m[90m [39m[90mregister step 2 validates token correctly[39m[90m                                                                   [39m [90m0.04s[39m  
  [32;1m✓[39;22m[90m [39m[90mregister step 2 rejects invalid token[39m[90m                                                                       [39m [90m0.04s[39m  
  [32;1m✓[39;22m[90m [39m[90mregister step 3 updates user with valid data[39m[90m                                                                [39m [90m0.03s[39m  
  [32;1m✓[39;22m[90m [39m[90mconfig reflects authentication state correctly[39m[90m                                                              [39m [90m0.06s[39m  
  [32;1m✓[39;22m[90m [39m[90mauthenticated user config includes navigation menu[39m[90m                                                          [39m [90m0.03s[39m  

  [30;42;1m PASS [39;49;22m[39m Tests\Feature\Controllers\Admin\Tutoring\OfferControllerTest[39m
  [32;1m✓[39;22m[90m [39m[37mindex[39m[90m → it returns 401 when user is not authenticated[39m[90m                                                       [39m [90m0.05s[39m  
  [32;1m✓[39;22m[90m [39m[37mindex[39m[90m → it returns 403 when user does not have required role[39m[90m                                                [39m [90m0.04s[39m  
  [32;1m✓[39;22m[90m [39m[37mindex[39m[90m → it returns offers for admin role[39m[90m                                                                    [39m [90m0.05s[39m  
  [32;1m✓[39;22m[90m [39m[37mindex[39m[90m → it returns offers for tutoring_admin role[39m[90m                                                           [39m [90m0.06s[39m  
  [32;1m✓[39;22m[90m [39m[37mindex[39m[90m → it returns offers for teacher role[39m[90m                                                                  [39m [90m0.05s[39m  
  [32;1m✓[39;22m[90m [39m[37mindex[39m[90m → it filters offers by search string in title[39m[90m                                                         [39m [90m0.05s[39m  
  [32;1m✓[39;22m[90m [39m[37mindex[39m[90m → it filters offers by accepted status yes[39m[90m                                                            [39m [90m0.05s[39m  
  [32;1m✓[39;22m[90m [39m[37mindex[39m[90m → it filters offers by accepted status no[39m[90m                                                             [39m [90m0.05s[39m  
  [32;1m✓[39;22m[90m [39m[37mindex[39m[90m → it filters offers by online status yes[39m[90m                                                              [39m [90m0.03s[39m  
  [32;1m✓[39;22m[90m [39m[37mindex[39m[90m → it filters offers by online status no[39m[90m                                                               [39m [90m0.07s[39m  
  [32;1m✓[39;22m[90m [39m[37mindex[39m[90m → it filters offers by only me concerning[39m[90m                                                             [39m [90m0.05s[39m  
  [32;1m✓[39;22m[90m [39m[37mindex[39m[90m → it only shows offers from same school[39m[90m                                                               [39m [90m0.04s[39m  
  [32;1m✓[39;22m[90m [39m[37mindex[39m[90m → it paginates results[39m[90m                                                                                [39m [90m0.04s[39m  
  [32;1m✓[39;22m[90m [39m[37mdestroy[39m[90m → it returns 401 when user is not authenticated[39m[90m                                                     [39m [90m0.05s[39m  
  [32;1m✓[39;22m[90m [39m[37mdestroy[39m[90m → it returns 403 when user does not have required role[39m[90m                                              [39m [90m0.04s[39m  
  [32;1m✓[39;22m[90m [39m[37mdestroy[39m[90m → it deletes offer for admin role[39m[90m                                                                   [39m [90m0.07s[39m  
  [32;1m✓[39;22m[90m [39m[37mdestroy[39m[90m → it deletes offer for tutoring_admin role[39m[90m                                                          [39m [90m0.05s[39m  
  [32;1m✓[39;22m[90m [39m[37mdestroy[39m[90m → it deletes offer for teacher role[39m[90m                                                                 [39m [90m0.05s[39m  
  [32;1m✓[39;22m[90m [39m[37mtoggleAcceptedOffer[39m[90m → it returns 401 when user is not authenticated[39m[90m                                         [39m [90m0.05s[39m  
  [32;1m✓[39;22m[90m [39m[37mtoggleAcceptedOffer[39m[90m → it returns 403 when user does not have required role[39m[90m                                  [39m [90m0.04s[39m  
  [32;1m✓[39;22m[90m [39m[37mtoggleAcceptedOffer[39m[90m → it accepts an unaccepted offer[39m[90m                                                        [39m [90m0.03s[39m  
  [32;1m✓[39;22m[90m [39m[37mtoggleAcceptedOffer[39m[90m → it unaccepts an accepted offer and sets is_active to false[39m[90m                            [39m [90m0.07s[39m  
  [32;1m✓[39;22m[90m [39m[37mtoggleAcceptedOffer[39m[90m → it validates id is required[39m[90m                                                           [39m [90m0.06s[39m  
  [32;1m✓[39;22m[90m [39m[37mtoggleAcceptedOffer[39m[90m → it validates id exists in database[39m[90m                                                    [39m [90m0.03s[39m  
  [32;1m✓[39;22m[90m [39m[37mtoggleActiveOffer[39m[90m → it returns 401 when user is not authenticated[39m[90m                                           [39m [90m0.05s[39m  
  [32;1m✓[39;22m[90m [39m[37mtoggleActiveOffer[39m[90m → it returns 403 when user does not have required role[39m[90m                                    [39m [90m0.05s[39m  
  [32;1m✓[39;22m[90m [39m[37mtoggleActiveOffer[39m[90m → it toggles offer from active to inactive[39m[90m                                                [39m [90m0.05s[39m  
  [32;1m✓[39;22m[90m [39m[37mtoggleActiveOffer[39m[90m → it toggles offer from inactive to active[39m[90m                                                [39m [90m0.07s[39m  
  [32;1m✓[39;22m[90m [39m[37mgetStats[39m[90m → it returns 401 when user is not authenticated[39m[90m                                                    [39m [90m0.04s[39m  
  [32;1m✓[39;22m[90m [39m[37mgetStats[39m[90m → it returns 403 when user does not have required role[39m[90m                                             [39m [90m0.05s[39m  
  [32;1m✓[39;22m[90m [39m[37mgetStats[39m[90m → it returns correct statistics for school[39m[90m                                                         [39m [90m0.06s[39m  
  [32;1m✓[39;22m[90m [39m[37mgetStats[39m[90m → it returns zero counts when no offers exist[39m[90m                                                      [39m [90m0.05s[39m  
  [32;1m✓[39;22m[90m [39m[37mgetStats[39m[90m → it only counts offers from same school[39m[90m                                                           [39m [90m0.03s[39m  

  [30;42;1m PASS [39;49;22m[39m Tests\Feature\Controllers\LogControllerTest[39m
  [32;1m✓[39;22m[90m [39m[37mgetLog[39m[90m → it returns 401 when user is not authenticated[39m[90m                                                      [39m [90m0.08s[39m  
  [32;1m✓[39;22m[90m [39m[37mgetLog[39m[90m → it returns 403 when user does not have super_admin role[39m[90m                                            [39m [90m0.06s[39m  
  [32;1m✓[39;22m[90m [39m[37mgetLog[39m[90m → it returns 404 when log file does not exist[39m[90m                                                        [39m [90m0.05s[39m  
  [32;1m✓[39;22m[90m [39m[37mgetLog[39m[90m → it returns log content with default parameters[39m[90m                                                     [39m [90m0.05s[39m  
  [32;1m✓[39;22m[90m [39m[37mgetLog[39m[90m → it returns first N lines when mode is first[39m[90m                                                        [39m [90m0.05s[39m  
  [32;1m✓[39;22m[90m [39m[37mgetLog[39m[90m → it returns last N lines when mode is last[39m[90m                                                          [39m [90m0.08s[39m  
  [32;1m✓[39;22m[90m [39m[37mgetLog[39m[90m → it limits max lines to 1000[39m[90m                                                                        [39m [90m0.04s[39m  
  [32;1m✓[39;22m[90m [39m[37mgetLog[39m[90m → it uses default 500 lines when lines parameter not provided[39m[90m                                        [39m [90m0.06s[39m  
  [32;1m✓[39;22m[90m [39m[37mgetLog[39m[90m → it returns all lines when file has fewer lines than requested[39m[90m                                      [39m [90m0.06s[39m  
  [32;1m✓[39;22m[90m [39m[37mgetLog[39m[90m → it handles empty log file[39m[90m                                                                          [39m [90m0.06s[39m  
  [32;1m✓[39;22m[90m [39m[37mgetLog[39m[90m → it handles log file with single line[39m[90m                                                               [39m [90m0.06s[39m  
  [32;1m✓[39;22m[90m [39m[37mgetLog[39m[90m → it preserves log formatting and special characters[39m[90m                                                 [39m [90m0.07s[39m  
  [32;1m✓[39;22m[90m [39m[37mgetLog[39m[90m → it accepts negative lines parameter and uses minimum[39m[90m                                               [39m [90m0.05s[39m  
  [32;1m✓[39;22m[90m [39m[37mgetLog[39m[90m → it allows super_admin role to access logs[39m[90m                                                          [39m [90m0.04s[39m  
  [32;1m✓[39;22m[90m [39m[37mgetLog[39m[90m → it handles multiline log entries correctly[39m[90m                                                         [39m [90m0.05s[39m  
  [32;1m✓[39;22m[90m [39m[37mdeleteLog[39m[90m → it returns 401 when user is not authenticated[39m[90m                                                   [39m [90m0.05s[39m  
  [32;1m✓[39;22m[90m [39m[37mdeleteLog[39m[90m → it returns 403 when user does not have super_admin role[39m[90m                                         [39m [90m0.04s[39m  
  [32;1m✓[39;22m[90m [39m[37mdeleteLog[39m[90m → it backs up and clears log file successfully[39m[90m                                                    [39m [90m0.07s[39m  
  [32;1m✓[39;22m[90m [39m[37mdeleteLog[39m[90m → it overwrites existing backup file[39m[90m                                                              [39m [90m0.04s[39m  
  [32;1m✓[39;22m[90m [39m[37mdeleteLog[39m[90m → it handles empty log file deletion[39m[90m                                                              [39m [90m0.05s[39m  
  [32;1m✓[39;22m[90m [39m[37mdeleteLog[39m[90m → it creates backup file even if it did not exist before[39m[90m                                          [39m [90m0.04s[39m  
  [32;1m✓[39;22m[90m [39m[37mdeleteLog[39m[90m → it preserves log file permissions after deletion[39m[90m                                                [39m [90m0.05s[39m  
  [32;1m✓[39;22m[90m [39m[37mdeleteLog[39m[90m → it allows only super_admin to delete logs[39m[90m                                                       [39m [90m0.07s[39m  
  [32;1m✓[39;22m[90m [39m[37mdeleteLog[39m[90m → it handles large log file backup and deletion[39m[90m                                                   [39m [90m0.05s[39m  
  [32;1m✓[39;22m[90m [39m[37mintegration tests[39m[90m → it can delete and retrieve log after recreation[39m[90m                                         [39m [90m0.06s[39m  
  [32;1m✓[39;22m[90m [39m[37mintegration tests[39m[90m → it maintains separate backup across multiple deletions[39m[90m                                  [39m [90m0.04s[39m  
  [32;1m✓[39;22m[90m [39m[37mintegration tests[39m[90m → it handles user switching between different roles[39m[90m                                       [39m [90m0.06s[39m  

  [30;42;1m PASS [39;49;22m[39m Tests\Feature\Controllers\Tutoring\OfferControllerTest[39m
  [32;1m✓[39;22m[90m [39m[37mindex[39m[90m → it returns 401 when user is not authenticated[39m[90m                                                       [39m [90m0.08s[39m  
  [32;1m✓[39;22m[90m [39m[37mindex[39m[90m → it returns 403 when user does not have tutoring_user role[39m[90m                                           [39m [90m0.05s[39m  
  [32;1m✓[39;22m[90m [39m[37mindex[39m[90m → it returns paginated list of offers for tutoring_user[39m[90m                                               [39m [90m0.06s[39m  
  [32;1m✓[39;22m[90m [39m[37mindex[39m[90m → it filters offers by search string[39m[90m                                                                  [39m [90m0.04s[39m  
  [32;1m✓[39;22m[90m [39m[37mindex[39m[90m → it returns only offers from users school[39m[90m                                                            [39m [90m0.06s[39m  
  [32;1m✓[39;22m[90m [39m[37mstore[39m[90m → it returns 401 when user is not authenticated[39m[90m                                                       [39m [90m0.04s[39m  
  [32;1m✓[39;22m[90m [39m[37mstore[39m[90m → it returns 403 when user does not have tutoring_user role[39m[90m                                           [39m [90m0.06s[39m  
  [32;1m✓[39;22m[90m [39m[37mstore[39m[90m → it creates a new tutoring offer with valid data[39m[90m                                                     [39m [90m0.04s[39m  
  [32;1m✓[39;22m[90m [39m[37mstore[39m[90m → it creates offer as active when subject does not require acceptance[39m[90m                                 [39m [90m0.03s[39m  
  [32;1m✓[39;22m[90m [39m[37mstore[39m[90m → it creates offer as inactive when subject requires acceptance[39m[90m                                       [39m [90m0.05s[39m  
  [32;1m✓[39;22m[90m [39m[37mstore[39m[90m → it validates required fields[39m[90m                                                                        [39m [90m0.04s[39m  
  [32;1m✓[39;22m[90m [39m[37mstore[39m[90m → it validates subject_id exists[39m[90m                                                                      [39m [90m0.05s[39m  
  [32;1m✓[39;22m[90m [39m[37mstore[39m[90m → it validates max_group_members is between 2 and 5[39m[90m                                                   [39m [90m0.06s[39m  
  [32;1m✓[39;22m[90m [39m[37mstore[39m[90m → it validates price_per_hour is between 0 and 100[39m[90m                                                    [39m [90m0.03s[39m  
  [32;1m✓[39;22m[90m [39m[37mupdate[39m[90m → it returns 401 when user is not authenticated[39m[90m                                                      [39m [90m0.04s[39m  
  [32;1m✓[39;22m[90m [39m[37mupdate[39m[90m → it returns 403 when user does not have tutoring_user role[39m[90m                                          [39m [90m0.04s[39m  
  [32;1m✓[39;22m[90m [39m[37mupdate[39m[90m → it updates an existing offer successfully[39m[90m                                                          [39m [90m0.05s[39m  
  [32;1m✓[39;22m[90m [39m[37mupdate[39m[90m → it resets acceptance when updating offer that must be accepted[39m[90m                                     [39m [90m0.06s[39m  
  [32;1m✓[39;22m[90m [39m[37mupdate[39m[90m → it validates required fields on update[39m[90m                                                             [39m [90m0.07s[39m  
  [32;1m✓[39;22m[90m [39m[37mloadMyOffers[39m[90m → it returns 401 when user is not authenticated[39m[90m                                                [39m [90m0.04s[39m  
  [32;1m✓[39;22m[90m [39m[37mloadMyOffers[39m[90m → it returns 403 when user does not have tutoring_user role[39m[90m                                    [39m [90m0.03s[39m  
  [32;1m✓[39;22m[90m [39m[37mloadMyOffers[39m[90m → it returns all offers for authenticated user[39m[90m                                                 [39m [90m0.05s[39m  
  [32;1m✓[39;22m[90m [39m[37mloadMyOffers[39m[90m → it returns only current users offers[39m[90m                                                         [39m [90m0.04s[39m  
  [32;1m✓[39;22m[90m [39m[37mloadMyOffers[39m[90m → it orders offers by subject long_name and created_at[39m[90m                                         [39m [90m0.04s[39m  
  [32;1m✓[39;22m[90m [39m[37mtoggleOffer[39m[90m → it returns 401 when user is not authenticated[39m[90m                                                 [39m [90m0.05s[39m  
  [32;1m✓[39;22m[90m [39m[37mtoggleOffer[39m[90m → it returns 403 when user does not have tutoring_user role[39m[90m                                     [39m [90m0.03s[39m  
  [32;1m✓[39;22m[90m [39m[37mtoggleOffer[39m[90m → it toggles offer from active to inactive[39m[90m                                                      [39m [90m0.06s[39m  
  [32;1m✓[39;22m[90m [39m[37mtoggleOffer[39m[90m → it toggles offer from inactive to active[39m[90m                                                      [39m [90m0.03s[39m  
  [32;1m✓[39;22m[90m [39m[37mtoggleOffer[39m[90m → it prevents activating when max offers limit is reached[39m[90m                                       [39m [90m0.03s[39m  
  [32;1m✓[39;22m[90m [39m[37mtoggleOffer[39m[90m → it allows activating when max limit is 0 (unlimited)[39m[90m                                          [39m [90m0.03s[39m  
  [32;1m✓[39;22m[90m [39m[37mtoggleOffer[39m[90m → it validates id is required[39m[90m                                                                   [39m [90m0.07s[39m  
  [32;1m✓[39;22m[90m [39m[37mtoggleOffer[39m[90m → it validates id exists in database[39m[90m                                                            [39m [90m0.06s[39m  
  [32;1m✓[39;22m[90m [39m[37mloadOffers[39m[90m → it loads offers for authenticated tutoring user[39m[90m                                                [39m [90m0.04s[39m  
  [32;1m✓[39;22m[90m [39m[37mloadOffers[39m[90m → it loads offers for non-authenticated user with school_name[39m[90m                                    [39m [90m0.06s[39m  
  [32;1m✓[39;22m[90m [39m[37mloadOffers[39m[90m → it returns 422 when school not found[39m[90m                                                           [39m [90m0.04s[39m  
  [32;1m✓[39;22m[90m [39m[37mloadOffers[39m[90m → it returns only accepted and active offers[39m[90m                                                     [39m [90m0.03s[39m  
  [32;1m✓[39;22m[90m [39m[37mloadOffers[39m[90m → it filters offers by search string for authenticated user[39m[90m                                      [39m [90m0.05s[39m  
  [32;1m✓[39;22m[90m [39m[37mloadOffers[39m[90m → it excludes expired offers[39m[90m                                                                     [39m [90m0.04s[39m  
  [32;1m✓[39;22m[90m [39m[37mclickCount[39m[90m → it increments click count for valid offer[39m[90m                                                      [39m [90m0.04s[39m  
  [32;1m✓[39;22m[90m [39m[37mclickCount[39m[90m → it does not increment for same IP within one hour[39m[90m                                              [39m [90m0.05s[39m  
  [32;1m✓[39;22m[90m [39m[37mclickCount[39m[90m → it validates offer_id is required[39m[90m                                                              [39m [90m0.04s[39m  
  [32;1m✓[39;22m[90m [39m[37mclickCount[39m[90m → it validates offer_id exists[39m[90m                                                                   [39m [90m0.06s[39m  
  [32;1m✓[39;22m[90m [39m[37msetUserSearchCriteria[39m[90m → it returns 403 when user is not authenticated[39m[90m                                       [39m [90m0.03s[39m  
  [32;1m✓[39;22m[90m [39m[37msetUserSearchCriteria[39m[90m → it returns 403 when user does not have tutoring_user role[39m[90m                           [39m [90m0.05s[39m  
  [32;1m✓[39;22m[90m [39m[37msetUserSearchCriteria[39m[90m → it saves search criteria to user tutoring_filter[39m[90m                                    [39m [90m0.04s[39m  
  [32;1m✓[39;22m[90m [39m[37msetUserSearchCriteria[39m[90m → it updates existing search criteria[39m[90m                                                 [39m [90m0.04s[39m  
  [32;1m✓[39;22m[90m [39m[37mloadOfferConfig[39m[90m → it returns config for authenticated tutoring user[39m[90m                                         [39m [90m0.04s[39m  
  [32;1m✓[39;22m[90m [39m[37mloadOfferConfig[39m[90m → it returns config for non-authenticated user with school_name[39m[90m                             [39m [90m0.04s[39m  
  [32;1m✓[39;22m[90m [39m[37mloadOfferConfig[39m[90m → it logs out user without tutoring_user role[39m[90m                                               [39m [90m0.05s[39m  

  [30;42;1m PASS [39;49;22m[39m Tests\Feature\Controllers\Tutoring\SubjectControllerTest[39m
  [32;1m✓[39;22m[90m [39m[37mindex[39m[90m → it returns 401 when user is not authenticated[39m[90m                                                       [39m [90m0.07s[39m  
  [32;1m✓[39;22m[90m [39m[37mindex[39m[90m → it returns 403 when user does not have tutoring_user role[39m[90m                                           [39m [90m0.03s[39m  
  [32;1m✓[39;22m[90m [39m[37mindex[39m[90m → it returns subjects for authenticated tutoring user[39m[90m                                                 [39m [90m0.03s[39m  
  [32;1m✓[39;22m[90m [39m[37mindex[39m[90m → it returns subjects only for users school[39m[90m                                                           [39m [90m0.04s[39m  
  [32;1m✓[39;22m[90m [39m[37mindex[39m[90m → it orders subjects by short_name[39m[90m                                                                    [39m [90m0.05s[39m  
  [32;1m✓[39;22m[90m [39m[37mindex[39m[90m → it returns correct subject data structure[39m[90m                                                           [39m [90m0.03s[39m  
  [32;1m✓[39;22m[90m [39m[37mindex[39m[90m → it returns subject with must_be_accepted true and email_mentors[39m[90m                                     [39m [90m0.07s[39m  
  [32;1m✓[39;22m[90m [39m[37mindex[39m[90m → it returns subject with multiple email_mentors[39m[90m                                                      [39m [90m0.03s[39m  
  [32;1m✓[39;22m[90m [39m[37mindex[39m[90m → it allows super_admin to access subjects[39m[90m                                                            [39m [90m0.05s[39m  
  [32;1m✓[39;22m[90m [39m[37mindex[39m[90m → it returns empty array when school has no subjects[39m[90m                                                  [39m [90m0.06s[39m  
  [32;1m✓[39;22m[90m [39m[37mindex[39m[90m → it returns updated subjects after new subject is added[39m[90m                                              [39m [90m0.05s[39m  
  [32;1m✓[39;22m[90m [39m[37mindex[39m[90m → it uses SubjectResource for response transformation[39m[90m                                                 [39m [90m0.03s[39m  

  [30;42;1m PASS [39;49;22m[39m Tests\Feature\HealthControllerTest[39m
  [32;1m✓[39;22m[90m [39m[90mtest queue creates queue test record[39m[90m                                                                        [39m [90m0.08s[39m  
  [32;1m✓[39;22m[90m [39m[90mtest queue returns valid test id[39m[90m                                                                            [39m [90m0.03s[39m  
  [32;1m✓[39;22m[90m [39m[90mtest queue requires authentication[39m[90m                                                                          [39m [90m0.05s[39m  
  [32;1m✓[39;22m[90m [39m[90mtest queue dispatches job correctly[39m[90m                                                                         [39m [90m0.04s[39m  
  [32;1m✓[39;22m[90m [39m[90mtest queue sets correct initial status[39m[90m                                                                      [39m [90m0.04s[39m  
  [32;1m✓[39;22m[90m [39m[90mtest queue includes dispatched timestamp[39m[90m                                                                    [39m [90m0.06s[39m  
  [32;1m✓[39;22m[90m [39m[90mcheck queue status returns status for valid test id[39m[90m                                                         [39m [90m0.06s[39m  
  [32;1m✓[39;22m[90m [39m[90mcheck queue status returns completed status[39m[90m                                                                 [39m [90m0.03s[39m  
  [32;1m✓[39;22m[90m [39m[90mcheck queue status calculates duration correctly[39m[90m                                                            [39m [90m0.03s[39m  
  [32;1m✓[39;22m[90m [39m[90mcheck queue status returns null duration for incomplete jobs[39m[90m                                                [39m [90m0.05s[39m  
  [32;1m✓[39;22m[90m [39m[90mcheck queue status returns 404 for non-existent test[39m[90m                                                        [39m [90m0.04s[39m  
  [32;1m✓[39;22m[90m [39m[90mcheck queue status returns 404 for another users test[39m[90m                                                       [39m [90m0.03s[39m  
  [32;1m✓[39;22m[90m [39m[90mcheck queue status requires authentication[39m[90m                                                                  [39m [90m0.04s[39m  
  [32;1m✓[39;22m[90m [39m[90mcheck queue status requires test_id parameter[39m[90m                                                               [39m [90m0.06s[39m  
  [32;1m✓[39;22m[90m [39m[90mfull queue test workflow works end to end[39m[90m                                                                   [39m [90m0.05s[39m  
  [32;1m✓[39;22m[90m [39m[90mmultiple queue tests can be created by same user[39m[90m                                                            [39m [90m0.04s[39m  
  [32;1m✓[39;22m[90m [39m[90mqueue test model uses uuid for primary key[39m[90m                                                                  [39m [90m0.04s[39m  
  [32;1m✓[39;22m[90m [39m[90mqueue test belongs to user[39m[90m                                                                                  [39m [90m0.04s[39m  
  [32;1m✓[39;22m[90m [39m[90mcheck queue status includes all timestamps[39m[90m                                                                  [39m [90m0.05s[39m  
  [32;1m✓[39;22m[90m [39m[90mtest queue response has correct json structure[39m[90m                                                              [39m [90m0.07s[39m  
  [32;1m✓[39;22m[90m [39m[90mcheck queue status response has correct json structure[39m[90m                                                      [39m [90m0.03s[39m  
  [32;1m✓[39;22m[90m [39m[90mcheck queue status handles missing processed_at for completed status[39m[90m                                        [39m [90m0.04s[39m  
  [32;1m✓[39;22m[90m [39m[90mtest queue creates record with current timestamp[39m[90m                                                            [39m [90m0.03s[39m  

  [30;43;1m WARN [39;49;22m[39m Tests\Feature\HomepageControllerTest[39m
  [33;1m-[39;22m[90m [39m[37mrouting[39m[90m → routing redirects to register for Anmeldetool licence[39m[90m [39m[33m→ Route /api/homepage/routing not implement[39m[90m…[39m [90m0.06s[39m  
  [33;1m-[39;22m[90m [39m[37mrouting[39m[90m → routing redirects to error on service error[39m[90m [39m[33m→ Route /api/homepage/routing not implemented yet[39m[90m     [39m [90m0.02s[39m  
  [33;1m-[39;22m[90m [39m[37mrouting[39m[90m → routing handles missing school parameter[39m[90m [39m[33m→ Route /api/homepage/routing not implemented yet[39m[90m        [39m [90m0.05s[39m  
  [33;1m-[39;22m[90m [39m[37mrouting[39m[90m → routing handles missing licence parameter[39m[90m [39m[33m→ Route /api/homepage/routing not implemented yet[39m[90m       [39m [90m0.04s[39m  
  [33;1m-[39;22m[90m [39m[37mrouting[39m[90m → routing falls back to redirect url for unknown licence[39m[90m [39m[33m→ Route /api/homepage/routing not implemen[39m[90m…[39m [90m0.04s[39m  
  [32;1m✓[39;22m[90m [39m[37mloadSchoolsForTool[39m[90m → load schools for tool returns licence and associated schools[39m[90m                           [39m [90m0.04s[39m  
  [32;1m✓[39;22m[90m [39m[37mloadSchoolsForTool[39m[90m → load schools for tool with multiple schools[39m[90m                                            [39m [90m0.04s[39m  
  [32;1m✓[39;22m[90m [39m[37mloadSchoolsForTool[39m[90m → load schools for tool returns empty schools for licence without schools[39m[90m                [39m [90m0.04s[39m  
  [32;1m✓[39;22m[90m [39m[37mloadSchoolsForTool[39m[90m → load schools for tool validates required tool parameter[39m[90m                                [39m [90m0.04s[39m  
  [32;1m✓[39;22m[90m [39m[37mconfig[39m[90m → config returns valid school and licence when both exist[39m[90m                                            [39m [90m0.03s[39m  
  [32;1m✓[39;22m[90m [39m[37mconfig[39m[90m → config returns school info when only school parameter provided[39m[90m                                     [39m [90m0.05s[39m  
  [32;1m✓[39;22m[90m [39m[37mconfig[39m[90m → config returns null school when school does not exist[39m[90m                                              [39m [90m0.04s[39m  
  [32;1m✓[39;22m[90m [39m[37mconfig[39m[90m → config returns configuration structure[39m[90m                                                             [39m [90m0.04s[39m  
  [32;1m✓[39;22m[90m [39m[37mconfig[39m[90m → config returns selectable schools[39m[90m                                                                  [39m [90m0.03s[39m  
  [32;1m✓[39;22m[90m [39m[37mconfig[39m[90m → config auto selects single school when no school parameter[39m[90m                                         [39m [90m0.03s[39m  
  [32;1m✓[39;22m[90m [39m[37mconfig[39m[90m → config auto selects single licence when school has one licence[39m[90m                                     [39m [90m0.03s[39m  
  [32;1m✓[39;22m[90m [39m[37mconfig[39m[90m → config returns school licences for valid school[39m[90m                                                    [39m [90m0.02s[39m  
  [32;1m✓[39;22m[90m [39m[37mconfig[39m[90m → config includes schooltool version and copyright[39m[90m                                                   [39m [90m0.04s[39m  
  [32;1m✓[39;22m[90m [39m[37mlogout[39m[90m → logout invalidates authenticated session[39m[90m                                                           [39m [90m0.03s[39m  
  [32;1m✓[39;22m[90m [39m[37mlogout[39m[90m → logout handles unauthenticated user gracefully[39m[90m                                                     [39m [90m0.04s[39m  
  [32;1m✓[39;22m[90m [39m[37mlogout[39m[90m → logout regenerates session token[39m[90m                                                                   [39m [90m0.04s[39m  

  [30;42;1m PASS [39;49;22m[39m Tests\Feature\LicenceControllerTest[39m
  [32;1m✓[39;22m[90m [39m[90mindex returns paginated licences for super admin[39m[90m                                                            [39m [90m0.05s[39m  
  [32;1m✓[39;22m[90m [39m[90mindex returns paginated licences for admin[39m[90m                                                                  [39m [90m0.04s[39m  
  [32;1m✓[39;22m[90m [39m[90mindex denies access for regular user[39m[90m                                                                        [39m [90m0.07s[39m  
  [32;1m✓[39;22m[90m [39m[90mindex requires authentication[39m[90m                                                                               [39m [90m0.05s[39m  
  [32;1m✓[39;22m[90m [39m[90mindex filters by search string[39m[90m                                                                              [39m [90m0.05s[39m  
  [32;1m✓[39;22m[90m [39m[90mindex searches in long_name field[39m[90m                                                                           [39m [90m0.05s[39m  
  [32;1m✓[39;22m[90m [39m[90mindex searches in long_name and name fields[39m[90m                                                                 [39m [90m0.03s[39m  
  [32;1m✓[39;22m[90m [39m[90mindex orders results by long_name[39m[90m                                                                           [39m [90m0.06s[39m  
  [32;1m✓[39;22m[90m [39m[90mindex returns empty data for no licences[39m[90m                                                                    [39m [90m0.07s[39m  
  [32;1m✓[39;22m[90m [39m[90mstore creates new licence for super admin[39m[90m                                                                   [39m [90m0.05s[39m  
  [32;1m✓[39;22m[90m [39m[90mstore denies access for admin user[39m[90m                                                                          [39m [90m0.06s[39m  
  [32;1m✓[39;22m[90m [39m[90mstore denies access for regular user[39m[90m                                                                        [39m [90m0.05s[39m  
  [32;1m✓[39;22m[90m [39m[90mstore requires authentication[39m[90m                                                                               [39m [90m0.04s[39m  
  [32;1m✓[39;22m[90m [39m[90mstore validates required name field[39m[90m                                                                         [39m [90m0.04s[39m  
  [32;1m✓[39;22m[90m [39m[90mstore validates unique name field[39m[90m                                                                           [39m [90m0.07s[39m  
  [32;1m✓[39;22m[90m [39m[90mstore accepts nullable fields[39m[90m                                                                               [39m [90m0.03s[39m  
  [32;1m✓[39;22m[90m [39m[90mupdate modifies existing licence for super admin[39m[90m                                                            [39m [90m0.05s[39m  
  [32;1m✓[39;22m[90m [39m[90mupdate denies access for admin user[39m[90m                                                                         [39m [90m0.05s[39m  
  [32;1m✓[39;22m[90m [39m[90mupdate denies access for regular user[39m[90m                                                                       [39m [90m0.03s[39m  
  [32;1m✓[39;22m[90m [39m[90mupdate requires authentication[39m[90m                                                                              [39m [90m0.03s[39m  
  [32;1m✓[39;22m[90m [39m[90mupdate validates required fields[39m[90m                                                                            [39m [90m0.06s[39m  
  [32;1m✓[39;22m[90m [39m[90mupdate allows same name for same licence[39m[90m                                                                    [39m [90m0.04s[39m  
  [32;1m✓[39;22m[90m [39m[90mupdate rejects duplicate name for different licence[39m[90m                                                         [39m [90m0.06s[39m  
  [32;1m✓[39;22m[90m [39m[90mload licences returns all licences for super admin[39m[90m                                                          [39m [90m0.05s[39m  
  [32;1m✓[39;22m[90m [39m[90mload licences returns all licences for admin[39m[90m                                                                [39m [90m0.05s[39m  
  [32;1m✓[39;22m[90m [39m[90mload licences denies access for regular user[39m[90m                                                                [39m [90m0.05s[39m  
  [32;1m✓[39;22m[90m [39m[90mload licences requires authentication[39m[90m                                                                       [39m [90m0.07s[39m  
  [32;1m✓[39;22m[90m [39m[90mload licences orders by long_name[39m[90m                                                                           [39m [90m0.04s[39m  
  [32;1m✓[39;22m[90m [39m[90mload licences returns empty array when no licences exist[39m[90m                                                    [39m [90m0.06s[39m  
  [32;1m✓[39;22m[90m [39m[90mdelete licences removes multiple licences for super admin[39m[90m                                                   [39m [90m0.05s[39m  
  [32;1m✓[39;22m[90m [39m[90mdelete licences denies access for admin user[39m[90m                                                                [39m [90m0.05s[39m  
  [32;1m✓[39;22m[90m [39m[90mdelete licences denies access for regular user[39m[90m                                                              [39m [90m0.06s[39m  
  [32;1m✓[39;22m[90m [39m[90mdelete licences requires authentication[39m[90m                                                                     [39m [90m0.05s[39m  
  [32;1m✓[39;22m[90m [39m[90mdelete licences prevents deletion if assigned to school[39m[90m                                                     [39m [90m0.05s[39m  
  [32;1m✓[39;22m[90m [39m[90mdelete licences validates licence ids exist[39m[90m                                                                 [39m [90m0.05s[39m  
  [32;1m✓[39;22m[90m [39m[90mdelete licences accepts empty array[39m[90m                                                                         [39m [90m0.05s[39m  
  [32;1m✓[39;22m[90m [39m[90mfull licence crud workflow works correctly[39m[90m                                                                  [39m [90m0.06s[39m  
  [32;1m✓[39;22m[90m [39m[90mpagination works correctly with multiple licences[39m[90m                                                           [39m [90m0.08s[39m  
  [32;1m✓[39;22m[90m [39m[90mlicence model attributes are correctly set[39m[90m                                                                  [39m [90m0.03s[39m  

  [30;42;1m PASS [39;49;22m[39m Tests\Feature\NavigationControllerTest[39m
  [32;1m✓[39;22m[90m [39m[90mprofile menu returns menu for admin[39m[90m                                                                         [39m [90m0.07s[39m  
  [32;1m✓[39;22m[90m [39m[90mprofile menu returns menu for register admin[39m[90m                                                                [39m [90m0.06s[39m  
  [32;1m✓[39;22m[90m [39m[90mprofile menu denies access for register user[39m[90m                                                                [39m [90m0.05s[39m  
  [32;1m✓[39;22m[90m [39m[90mprofile menu denies access for regular user[39m[90m                                                                 [39m [90m0.07s[39m  
  [32;1m✓[39;22m[90m [39m[90mprofile menu denies access for non-admin roles[39m[90m                                                              [39m [90m0.05s[39m  
  [32;1m✓[39;22m[90m [39m[90mprofile menu requires authentication[39m[90m                                                                        [39m [90m0.05s[39m  
  [32;1m✓[39;22m[90m [39m[90mprofile menu contains expected items[39m[90m                                                                        [39m [90m0.06s[39m  
  [32;1m✓[39;22m[90m [39m[90mprofile menu items have correct structure[39m[90m                                                                   [39m [90m0.06s[39m  
  [32;1m✓[39;22m[90m [39m[90muser menu returns menu and selection for admin[39m[90m                                                              [39m [90m0.05s[39m  
  [32;1m✓[39;22m[90m [39m[90muser menu returns menu and selection for register admin[39m[90m                                                     [39m [90m0.06s[39m  
  [32;1m✓[39;22m[90m [39m[90muser menu denies access for regular user[39m[90m                                                                    [39m [90m0.07s[39m  
  [32;1m✓[39;22m[90m [39m[90muser menu denies access for register user[39m[90m                                                                   [39m [90m0.05s[39m  
  [32;1m✓[39;22m[90m [39m[90muser menu requires authentication[39m[90m                                                                           [39m [90m0.04s[39m  
  [32;1m✓[39;22m[90m [39m[90muser menu contains home item[39m[90m                                                                                [39m [90m0.06s[39m  
  [32;1m✓[39;22m[90m [39m[90muser menu contains roles item for super admin[39m[90m                                                               [39m [90m0.05s[39m  
  [32;1m✓[39;22m[90m [39m[90muser menu does not contain roles item for admin[39m[90m                                                             [39m [90m0.06s[39m  
  [32;1m✓[39;22m[90m [39m[90muser menu selection contains all users for admin[39m[90m                                                            [39m [90m0.06s[39m  
  [32;1m✓[39;22m[90m [39m[90muser menu items have correct structure[39m[90m                                                                      [39m [90m0.05s[39m  
  [32;1m✓[39;22m[90m [39m[90mprofile menu and user menu work together[39m[90m                                                                    [39m [90m0.06s[39m  
  [32;1m✓[39;22m[90m [39m[90mdifferent roles get appropriate menu access[39m[90m                                                                 [39m [90m0.06s[39m  
  [32;1m✓[39;22m[90m [39m[90mmenu responses are json formatted correctly[39m[90m                                                                 [39m [90m0.05s[39m  
  [32;1m✓[39;22m[90m [39m[90mprofile menu returns empty for unauthenticated user attempting to bypass[39m[90m                                    [39m [90m0.05s[39m  
  [32;1m✓[39;22m[90m [39m[90muser menu selection structure is correct for admin[39m[90m                                                          [39m [90m0.06s[39m  
  [32;1m✓[39;22m[90m [39m[90mmultiple sequential requests maintain consistent responses[39m[90m                                                  [39m [90m0.06s[39m  
  [32;1m✓[39;22m[90m [39m[90muser with long name gets truncated display name in dashboard menu[39m[90m                                           [39m [90m0.06s[39m  
  [32;1m✓[39;22m[90m [39m[90mprofile menu color coding is consistent[39m[90m                                                                     [39m [90m0.04s[39m  
  [32;1m✓[39;22m[90m [39m[90muser menu color coding is consistent[39m[90m                                                                        [39m [90m0.05s[39m  

  [30;42;1m PASS [39;49;22m[39m Tests\Feature\RegisterControllerTest[39m
  [32;1m✓[39;22m[90m [39m[90mindex returns list of registers for current schoolyear for admin[39m[90m                                            [39m [90m0.08s[39m  
  [32;1m✓[39;22m[90m [39m[90mindex returns list of registers for register_admin[39m[90m                                                          [39m [90m0.05s[39m  
  [32;1m✓[39;22m[90m [39m[90mindex returns 403 for regular user[39m[90m                                                                          [39m [90m0.05s[39m  
  [32;1m✓[39;22m[90m [39m[90mindex returns 401 for unauthenticated user[39m[90m                                                                  [39m [90m0.05s[39m  
  [32;1m✓[39;22m[90m [39m[90mindex includes correct counts for bookings and dates[39m[90m                                                        [39m [90m0.06s[39m  
  [32;1m✓[39;22m[90m [39m[90mgetActiveRegisters returns only active registers across all schoolyears[39m[90m                                     [39m [90m0.06s[39m  
  [32;1m✓[39;22m[90m [39m[90mgetActiveRegisters orders by schoolyear desc then name[39m[90m                                                      [39m [90m0.05s[39m  
  [32;1m✓[39;22m[90m [39m[90mgetActiveRegisters returns 403 for regular user[39m[90m                                                             [39m [90m0.03s[39m  
  [32;1m✓[39;22m[90m [39m[90mstore creates new register for admin[39m[90m                                                                        [39m [90m0.03s[39m  
  [32;1m✓[39;22m[90m [39m[90mstore creates register with minimal required fields[39m[90m                                                         [39m [90m0.04s[39m  
  [32;1m✓[39;22m[90m [39m[90mstore validates required fields[39m[90m                                                                             [39m [90m0.04s[39m  
  [32;1m✓[39;22m[90m [39m[90mstore validates max_registrations is integer[39m[90m                                                                [39m [90m0.05s[39m  
  [32;1m✓[39;22m[90m [39m[90mstore validates max_registrations minimum value[39m[90m                                                             [39m [90m0.05s[39m  
  [32;1m✓[39;22m[90m [39m[90mstore returns 403 for regular user[39m[90m                                                                          [39m [90m0.04s[39m  
  [32;1m✓[39;22m[90m [39m[90mstore works for register_admin[39m[90m                                                                              [39m [90m0.05s[39m  
  [32;1m✓[39;22m[90m [39m[90mupdate modifies existing register[39m[90m                                                                           [39m [90m0.05s[39m  
  [32;1m✓[39;22m[90m [39m[90mupdate validates required fields[39m[90m                                                                            [39m [90m0.05s[39m  
  [32;1m✓[39;22m[90m [39m[90mupdate returns 403 for regular user[39m[90m                                                                         [39m [90m0.05s[39m  
  [32;1m✓[39;22m[90m [39m[90mdestroy deletes register without dependencies[39m[90m                                                               [39m [90m0.05s[39m  
  [32;1m✓[39;22m[90m [39m[90mdestroy clears user register_id before deleting[39m[90m                                                             [39m [90m0.05s[39m  
  [32;1m✓[39;22m[90m [39m[90mdestroy returns 403 for regular user[39m[90m                                                                        [39m [90m0.04s[39m  
  [32;1m✓[39;22m[90m [39m[90msetActiveRegister sets register for user[39m[90m                                                                    [39m [90m0.04s[39m  
  [32;1m✓[39;22m[90m [39m[90msetActiveRegister validates register_id exists[39m[90m                                                              [39m [90m0.03s[39m  
  [32;1m✓[39;22m[90m [39m[90msetActiveRegister requires register_id[39m[90m                                                                      [39m [90m0.04s[39m  
  [32;1m✓[39;22m[90m [39m[90msetActiveRegister returns 403 for regular user[39m[90m                                                              [39m [90m0.08s[39m  
  [32;1m✓[39;22m[90m [39m[90mtoggleRegister activates inactive register[39m[90m                                                                  [39m [90m0.05s[39m  
  [32;1m✓[39;22m[90m [39m[90mtoggleRegister deactivates active register[39m[90m                                                                  [39m [90m0.05s[39m  
  [32;1m✓[39;22m[90m [39m[90mtoggleRegister validates register_id[39m[90m                                                                        [39m [90m0.06s[39m  
  [32;1m✓[39;22m[90m [39m[90mtoggleRegister returns 403 for regular user[39m[90m                                                                 [39m [90m0.04s[39m  

  [30;42;1m PASS [39;49;22m[39m Tests\Feature\RegisterDateBookingControllerTest[39m
  [32;1m✓[39;22m[90m [39m[90mindex returns register dates with bookings for admin[39m[90m                                                        [39m [90m0.08s[39m  
  [32;1m✓[39;22m[90m [39m[90mindex returns register dates ordered by date, from, and supervisor[39m[90m                                          [39m [90m0.04s[39m  
  [32;1m✓[39;22m[90m [39m[90mindex requires dates parameter as array[39m[90m                                                                     [39m [90m0.05s[39m  
  [32;1m✓[39;22m[90m [39m[90mindex requires valid register date IDs[39m[90m                                                                      [39m [90m0.06s[39m  
  [32;1m✓[39;22m[90m [39m[90mstore creates new booking for admin[39m[90m                                                                         [39m [90m0.06s[39m  
  [32;1m✓[39;22m[90m [39m[90mstore creates booking and assigns register_user role[39m[90m                                                        [39m [90m0.08s[39m  
  [32;1m✓[39;22m[90m [39m[90mstore sends notification when is_notify is true[39m[90m                                                             [39m [90m0.04s[39m  
  [32;1m✓[39;22m[90m [39m[90mstore fails for register_admin user[39m[90m                                                                         [39m [90m0.04s[39m  
  [32;1m✓[39;22m[90m [39m[90mstore fails when user not found[39m[90m                                                                             [39m [90m0.06s[39m  
  [32;1m✓[39;22m[90m [39m[90mstore fails for unauthorized user[39m[90m                                                                           [39m [90m0.05s[39m  
  [32;1m✓[39;22m[90m [39m[90mstore requires valid register_date_id[39m[90m                                                                       [39m [90m0.05s[39m  
  [32;1m✓[39;22m[90m [39m[90mstore requires existing user email[39m[90m                                                                          [39m [90m0.09s[39m  
  [32;1m✓[39;22m[90m [39m[90mgetUserWithEmail returns user for admin[39m[90m                                                                     [39m [90m0.07s[39m  
  [32;1m✓[39;22m[90m [39m[90mgetUserWithEmail returns null for non-existent email[39m[90m                                                        [39m [90m0.07s[39m  
  [32;1m✓[39;22m[90m [39m[90mgetUserWithEmail works for register_admin[39m[90m                                                                   [39m [90m0.05s[39m  
  [32;1m✓[39;22m[90m [39m[90mgetUserWithEmail fails for unauthorized user[39m[90m                                                                [39m [90m0.04s[39m  
  [32;1m✓[39;22m[90m [39m[90mgetUserWithEmail requires valid email format[39m[90m                                                                [39m [90m0.07s[39m  
  [32;1m✓[39;22m[90m [39m[90mupdateOrCreateUser creates new user for admin[39m[90m                                                               [39m [90m0.05s[39m  
  [32;1m✓[39;22m[90m [39m[90mupdateOrCreateUser updates existing user[39m[90m                                                                    [39m [90m0.05s[39m  
  [32;1m✓[39;22m[90m [39m[90mupdateOrCreateUser verifies email if not already verified[39m[90m                                                   [39m [90m0.05s[39m  
  [32;1m✓[39;22m[90m [39m[90mupdateOrCreateUser works for register_admin[39m[90m                                                                 [39m [90m0.05s[39m  
  [32;1m✓[39;22m[90m [39m[90mupdateOrCreateUser fails for unauthorized user[39m[90m                                                              [39m [90m0.04s[39m  
  [32;1m✓[39;22m[90m [39m[90mupdateOrCreateUser requires valid email[39m[90m                                                                     [39m [90m0.08s[39m  
  [32;1m✓[39;22m[90m [39m[90mupdateOrCreateUser requires last_name[39m[90m                                                                       [39m [90m0.05s[39m  
  [32;1m✓[39;22m[90m [39m[90mdeleteBookings deletes bookings for admin[39m[90m                                                                   [39m [90m0.06s[39m  
  [32;1m✓[39;22m[90m [39m[90mdeleteBookings sends notifications when notify is true[39m[90m                                                      [39m [90m0.07s[39m  
  [32;1m✓[39;22m[90m [39m[90mdeleteBookings does not send notifications when notify is false[39m[90m                                             [39m [90m0.06s[39m  
  [32;1m✓[39;22m[90m [39m[90mdeleteBookings works for register_admin[39m[90m                                                                     [39m [90m0.06s[39m  
  [32;1m✓[39;22m[90m [39m[90mdeleteBookings fails for unauthorized user[39m[90m                                                                  [39m [90m0.04s[39m  
  [32;1m✓[39;22m[90m [39m[90mdeleteBookings requires bookings array[39m[90m                                                                      [39m [90m0.04s[39m  
  [32;1m✓[39;22m[90m [39m[90mdeleteBookings requires valid booking IDs[39m[90m                                                                   [39m [90m0.06s[39m  
  [32;1m✓[39;22m[90m [39m[90mdeleteBookings requires notify parameter[39m[90m                                                                    [39m [90m0.05s[39m  

  [30;42;1m PASS [39;49;22m[39m Tests\Feature\RegisterDateControllerTest[39m
  [32;1m✓[39;22m[90m [39m[90mindex returns register dates for specific date as admin[39m[90m                                                     [39m [90m0.08s[39m  
  [32;1m✓[39;22m[90m [39m[90mindex requires authentication[39m[90m                                                                               [39m [90m0.03s[39m  
  [32;1m✓[39;22m[90m [39m[90mindex requires admin or register_admin role[39m[90m                                                                 [39m [90m0.03s[39m  
  [32;1m✓[39;22m[90m [39m[90mindex returns empty array when no dates found[39m[90m                                                               [39m [90m0.05s[39m  
  [32;1m✓[39;22m[90m [39m[90mindex sorts dates by from time and supervisor[39m[90m                                                               [39m [90m0.06s[39m  
  [32;1m✓[39;22m[90m [39m[90mfilterRegisterDates searches by supervisor name[39m[90m                                                             [39m [90m0.05s[39m  
  [32;1m✓[39;22m[90m [39m[90mfilterRegisterDates searches by student first name in bookings[39m[90m                                              [39m [90m0.06s[39m  
  [32;1m✓[39;22m[90m [39m[90mfilterRegisterDates searches by student last name in bookings[39m[90m                                               [39m [90m0.06s[39m  
  [32;1m✓[39;22m[90m [39m[90mfilterRegisterDates searches by user first name[39m[90m                                                             [39m [90m0.07s[39m  
  [32;1m✓[39;22m[90m [39m[90mfilterRegisterDates searches by user email[39m[90m                                                                  [39m [90m0.06s[39m  
  [32;1m✓[39;22m[90m [39m[90mfilterRegisterDates requires search_string parameter[39m[90m                                                        [39m [90m0.05s[39m  
  [32;1m✓[39;22m[90m [39m[90mfilterRegisterDates escapes special characters in search[39m[90m                                                    [39m [90m0.05s[39m  
  [32;1m✓[39;22m[90m [39m[90mfilterRegisterDates requires admin or register_admin role[39m[90m                                                   [39m [90m0.05s[39m  
  [32;1m✓[39;22m[90m [39m[90mlockRegisterDates locks specified dates[39m[90m                                                                     [39m [90m0.06s[39m  
  [32;1m✓[39;22m[90m [39m[90mlockRegisterDates only locks dates in same school and register[39m[90m                                              [39m [90m0.05s[39m  
  [32;1m✓[39;22m[90m [39m[90mlockRegisterDates validates register date IDs exist[39m[90m                                                         [39m [90m0.05s[39m  
  [32;1m✓[39;22m[90m [39m[90mlockRegisterDates requires admin or register_admin role[39m[90m                                                     [39m [90m0.07s[39m  
  [32;1m✓[39;22m[90m [39m[90munlockRegisterDates unlocks specified dates[39m[90m                                                                 [39m [90m0.06s[39m  
  [32;1m✓[39;22m[90m [39m[90munlockRegisterDates requires admin or register_admin role[39m[90m                                                   [39m [90m0.05s[39m  
  [32;1m✓[39;22m[90m [39m[90mcreateDates generates dates for single day[39m[90m                                                                  [39m [90m0.05s[39m  
  [32;1m✓[39;22m[90m [39m[90mcreateDates generates dates with pause between slots[39m[90m                                                        [39m [90m0.05s[39m  
  [32;1m✓[39;22m[90m [39m[90mcreateDates generates multiple supervisors[39m[90m                                                                  [39m [90m0.05s[39m  
  [32;1m✓[39;22m[90m [39m[90mcreateDates generates dates for multiple days[39m[90m                                                               [39m [90m0.08s[39m  
  [32;1m✓[39;22m[90m [39m[90mcreateDates validates required fields[39m[90m                                                                       [39m [90m0.06s[39m  
  [32;1m✓[39;22m[90m [39m[90mcreateDates requires admin or register_admin role[39m[90m                                                           [39m [90m0.05s[39m  
  [32;1m✓[39;22m[90m [39m[90mloadDays returns dates grouped by day with booking counts[39m[90m                                                   [39m [90m0.07s[39m  
  [32;1m✓[39;22m[90m [39m[90mloadDays includes day name[39m[90m                                                                                  [39m [90m0.05s[39m  
  [32;1m✓[39;22m[90m [39m[90mloadDays returns empty array when no dates exist[39m[90m                                                            [39m [90m0.05s[39m  
  [32;1m✓[39;22m[90m [39m[90mloadDays requires admin or register_admin role[39m[90m                                                              [39m [90m0.05s[39m  
  [32;1m✓[39;22m[90m [39m[90mdeleteRegisterDates deletes dates without bookings[39m[90m                                                          [39m [90m0.04s[39m  
  [32;1m✓[39;22m[90m [39m[90mdeleteRegisterDates protects dates with bookings[39m[90m                                                            [39m [90m0.06s[39m  
  [32;1m✓[39;22m[90m [39m[90mdeleteRegisterDates only deletes dates in same school and register[39m[90m                                          [39m [90m0.05s[39m  
  [32;1m✓[39;22m[90m [39m[90mdeleteRegisterDates validates register date IDs exist[39m[90m                                                       [39m [90m0.06s[39m  
  [32;1m✓[39;22m[90m [39m[90mdeleteRegisterDates requires admin or register_admin role[39m[90m                                                   [39m [90m0.05s[39m  
  [32;1m✓[39;22m[90m [39m[90mdeleteRegisterDates handles empty array[39m[90m                                                                     [39m [90m0.05s[39m  
  [32;1m✓[39;22m[90m [39m[90mregister_admin can access all endpoints[39m[90m                                                                     [39m [90m0.05s[39m  
  [32;1m✓[39;22m[90m [39m[90mindex only returns dates for users register[39m[90m                                                                 [39m [90m0.06s[39m  
  [32;1m✓[39;22m[90m [39m[90mfilterRegisterDates only searches within users register[39m[90m                                                     [39m [90m0.05s[39m  

  [30;42;1m PASS [39;49;22m[39m Tests\Feature\RegisterPrintControllerTest[39m
  [32;1m✓[39;22m[90m [39m[90madmin can print Excel and job is dispatched[39m[90m                                                                 [39m [90m0.07s[39m  
  [32;1m✓[39;22m[90m [39m[90mregister_admin can print Excel and job is dispatched[39m[90m                                                        [39m [90m0.05s[39m  
  [32;1m✓[39;22m[90m [39m[90mregular user cannot print Excel[39m[90m                                                                             [39m [90m0.05s[39m  
  [32;1m✓[39;22m[90m [39m[90munauthenticated user cannot print Excel[39m[90m                                                                     [39m [90m0.04s[39m  
  [32;1m✓[39;22m[90m [39m[90mprint Excel requires register_id[39m[90m                                                                            [39m [90m0.04s[39m  
  [32;1m✓[39;22m[90m [39m[90mprint Excel requires valid register_id[39m[90m                                                                      [39m [90m0.07s[39m  
  [32;1m✓[39;22m[90m [39m[90mprint Excel requires integer register_id[39m[90m                                                                    [39m [90m0.05s[39m  
  [32;1m✓[39;22m[90m [39m[90madmin can print Supervisor and job is dispatched[39m[90m                                                            [39m [90m0.05s[39m  
  [32;1m✓[39;22m[90m [39m[90mregister_admin can print Supervisor and job is dispatched[39m[90m                                                   [39m [90m0.04s[39m  
  [32;1m✓[39;22m[90m [39m[90mregular user cannot print Supervisor[39m[90m                                                                        [39m [90m0.05s[39m  
  [32;1m✓[39;22m[90m [39m[90munauthenticated user cannot print Supervisor[39m[90m                                                                [39m [90m0.05s[39m  
  [32;1m✓[39;22m[90m [39m[90mprint Supervisor requires register_id[39m[90m                                                                       [39m [90m0.08s[39m  
  [32;1m✓[39;22m[90m [39m[90mprint Supervisor requires valid register_id[39m[90m                                                                 [39m [90m0.04s[39m  
  [32;1m✓[39;22m[90m [39m[90mprint Supervisor requires integer register_id[39m[90m                                                               [39m [90m0.07s[39m  
  [32;1m✓[39;22m[90m [39m[90madmin can print Date and job is dispatched[39m[90m                                                                  [39m [90m0.05s[39m  
  [32;1m✓[39;22m[90m [39m[90mregister_admin can print Date and job is dispatched[39m[90m                                                         [39m [90m0.04s[39m  
  [32;1m✓[39;22m[90m [39m[90mregular user cannot print Date[39m[90m                                                                              [39m [90m0.06s[39m  
  [32;1m✓[39;22m[90m [39m[90munauthenticated user cannot print Date[39m[90m                                                                      [39m [90m0.10s[39m  
  [32;1m✓[39;22m[90m [39m[90mprint Date requires register_id[39m[90m                                                                             [39m [90m0.05s[39m  
  [32;1m✓[39;22m[90m [39m[90mprint Date requires valid register_id[39m[90m                                                                       [39m [90m0.06s[39m  
  [32;1m✓[39;22m[90m [39m[90mprint Date requires integer register_id[39m[90m                                                                     [39m [90m0.04s[39m  
  [32;1m✓[39;22m[90m [39m[90mprint endpoints return no content on success[39m[90m                                                                [39m [90m0.05s[39m  
  [32;1m✓[39;22m[90m [39m[90mall print endpoints dispatch correct jobs with correct parameters[39m[90m                                           [39m [90m0.05s[39m  
  [32;1m✓[39;22m[90m [39m[90mmultiple users can print simultaneously[39m[90m                                                                     [39m [90m0.09s[39m  
  [32;1m✓[39;22m[90m [39m[90mprint endpoints work with inactive register[39m[90m                                                                 [39m [90m0.05s[39m  

  [30;42;1m PASS [39;49;22m[39m Tests\Feature\RegisterUserControllerTest[39m
  [32;1m✓[39;22m[90m [39m[90madmin can access index endpoint[39m[90m                                                                             [39m [90m0.07s[39m  
  [32;1m✓[39;22m[90m [39m[90muser can access index endpoint[39m[90m                                                                              [39m [90m0.05s[39m  
  [32;1m✓[39;22m[90m [39m[90munauthorized user cannot access index endpoint[39m[90m                                                              [39m [90m0.04s[39m  
  [32;1m✓[39;22m[90m [39m[90mguest cannot access index endpoint[39m[90m                                                                          [39m [90m0.07s[39m  
  [32;1m✓[39;22m[90m [39m[90mindex requires register_id[39m[90m                                                                                  [39m [90m0.05s[39m  
  [32;1m✓[39;22m[90m [39m[90mindex requires valid register_id[39m[90m                                                                            [39m [90m0.04s[39m  
  [32;1m✓[39;22m[90m [39m[90mindex accepts valid search_string[39m[90m                                                                           [39m [90m0.07s[39m  
  [32;1m✓[39;22m[90m [39m[90mindex accepts page parameter[39m[90m                                                                                [39m [90m0.04s[39m  
  [32;1m✓[39;22m[90m [39m[90mindex returns users attached to register[39m[90m                                                                    [39m [90m0.04s[39m  
  [32;1m✓[39;22m[90m [39m[90mindex returns users sorted by last_name and first_name[39m[90m                                                      [39m [90m0.09s[39m  
  [32;1m✓[39;22m[90m [39m[90mindex filters users by search_string on last_name[39m[90m                                                           [39m [90m0.04s[39m  
  [32;1m✓[39;22m[90m [39m[90mindex filters users by search_string on first_name[39m[90m                                                          [39m [90m0.06s[39m  
  [32;1m✓[39;22m[90m [39m[90mindex filters users by search_string on email[39m[90m                                                               [39m [90m0.06s[39m  
  [32;1m✓[39;22m[90m [39m[90mindex returns count_deletable_users correctly[39m[90m                                                               [39m [90m0.07s[39m  
  [32;1m✓[39;22m[90m [39m[90mindex excludes users with bookings from deletable count[39m[90m                                                     [39m [90m0.07s[39m  
  [32;1m✓[39;22m[90m [39m[90mindex excludes users with multiple roles from deletable count[39m[90m                                               [39m [90m0.09s[39m  
  [32;1m✓[39;22m[90m [39m[90madmin can delete register users[39m[90m                                                                             [39m [90m0.06s[39m  
  [32;1m✓[39;22m[90m [39m[90muser can delete register users[39m[90m                                                                              [39m [90m0.05s[39m  
  [32;1m✓[39;22m[90m [39m[90munauthorized user cannot delete register users[39m[90m                                                              [39m [90m0.06s[39m  
  [32;1m✓[39;22m[90m [39m[90mguest cannot delete register users[39m[90m                                                                          [39m [90m0.05s[39m  
  [32;1m✓[39;22m[90m [39m[90mdelete requires register_id[39m[90m                                                                                 [39m [90m0.05s[39m  
  [32;1m✓[39;22m[90m [39m[90mdelete requires valid register_id[39m[90m                                                                           [39m [90m0.07s[39m  
  [32;1m✓[39;22m[90m [39m[90mdelete removes users with only register_user role and no bookings[39m[90m                                           [39m [90m0.06s[39m  
  [32;1m✓[39;22m[90m [39m[90mdelete does not remove users with bookings[39m[90m                                                                  [39m [90m0.07s[39m  
  [32;1m✓[39;22m[90m [39m[90mdelete does not remove users with multiple roles[39m[90m                                                            [39m [90m0.07s[39m  
  [32;1m✓[39;22m[90m [39m[90mdelete only removes users from authenticated users school[39m[90m                                                   [39m [90m0.06s[39m  
  [32;1m✓[39;22m[90m [39m[90mdelete returns correct count of deleted users[39m[90m                                                               [39m [90m0.07s[39m  
  [32;1m✓[39;22m[90m [39m[90mdelete does not remove users without register_user role[39m[90m                                                     [39m [90m0.06s[39m  

  [30;42;1m PASS [39;49;22m[39m Tests\Feature\RoleControllerTest[39m
  [32;1m✓[39;22m[90m [39m[90msuper admin can load roles ordered alphabetically[39m[90m                                                           [39m [90m0.04s[39m  
  [32;1m✓[39;22m[90m [39m[90madmin without super admin role receives 403[39m[90m                                                                 [39m [90m0.03s[39m  
  [32;1m✓[39;22m[90m [39m[90mregister admin without super admin role receives 403[39m[90m                                                        [39m [90m0.03s[39m  
  [32;1m✓[39;22m[90m [39m[90muser without allowed roles is blocked by middleware[39m[90m                                                         [39m [90m0.05s[39m  
  [32;1m✓[39;22m[90m [39m[90mguest receives 401 when loading roles[39m[90m                                                                       [39m [90m0.06s[39m  

  [30;42;1m PASS [39;49;22m[39m Tests\Feature\RouteControllerTest[39m
  [32;1m✓[39;22m[90m [39m[90mis route allowed endpoint exists and accepts requests[39m[90m                                                       [39m [90m0.03s[39m  
  [32;1m✓[39;22m[90m [39m[90mis route allowed handles missing data field gracefully[39m[90m                                                      [39m [90m0.06s[39m  
  [32;1m✓[39;22m[90m [39m[90mis route allowed handles empty request[39m[90m                                                                      [39m [90m0.04s[39m  
  [32;1m✓[39;22m[90m [39m[90mis route allowed accepts valid request structure[39m[90m                                                            [39m [90m0.03s[39m  
  [32;1m✓[39;22m[90m [39m[90mis route allowed works for authenticated users[39m[90m                                                              [39m [90m0.03s[39m  
  [32;1m✓[39;22m[90m [39m[90mis route allowed handles unauthenticated requests[39m[90m                                                           [39m [90m0.03s[39m  

  [30;42;1m PASS [39;49;22m[39m Tests\Feature\SchoolControllerTest[39m
  [32;1m✓[39;22m[90m [39m[90msuper admin can list schools ordered by long_name and filter by search[39m[90m                                      [39m [90m0.07s[39m  
  [32;1m✓[39;22m[90m [39m[90mnon super admin receives 403 on listing schools[39m[90m                                                             [39m [90m0.03s[39m  
  [32;1m✓[39;22m[90m [39m[90mguest receives 401 on listing schools[39m[90m                                                                       [39m [90m0.03s[39m  
  [32;1m✓[39;22m[90m [39m[90msuper admin can store school via service[39m[90m                                                                    [39m [90m0.04s[39m  
  [32;1m✓[39;22m[90m [39m[90mstore requires super admin role[39m[90m                                                                             [39m [90m0.05s[39m  
  [32;1m✓[39;22m[90m [39m[90madmin can update school via service[39m[90m                                                                         [39m [90m0.05s[39m  
  [32;1m✓[39;22m[90m [39m[90mupdate requires valid payload[39m[90m                                                                               [39m [90m0.05s[39m  
  [32;1m✓[39;22m[90m [39m[90msuper admin cannot delete their own school[39m[90m                                                                  [39m [90m0.04s[39m  
  [32;1m✓[39;22m[90m [39m[90msuper admin can delete other schools via service[39m[90m                                                            [39m [90m0.05s[39m  
  [32;1m✓[39;22m[90m [39m[90msuper admin can load switchable schools sorted by name[39m[90m                                                      [39m [90m0.05s[39m  
  [32;1m✓[39;22m[90m [39m[90mnon super admin cannot load switchable schools[39m[90m                                                              [39m [90m0.03s[39m  
  [32;1m✓[39;22m[90m [39m[90msuper admin can switch school via service[39m[90m                                                                   [39m [90m0.05s[39m  
  [32;1m✓[39;22m[90m [39m[90mswitch school requires authentication[39m[90m                                                                       [39m [90m0.05s[39m  
  [32;1m✓[39;22m[90m [39m[90madmin can load school infos and queues background job[39m[90m                                                       [39m [90m0.07s[39m  
  [32;1m✓[39;22m[90m [39m[90mload school infos blocks unauthorized user[39m[90m                                                                  [39m [90m0.05s[39m  
  [32;1m✓[39;22m[90m [39m[90msuper admin can add licence to selected school[39m[90m                                                              [39m [90m0.05s[39m  
  [32;1m✓[39;22m[90m [39m[90msuper admin can delete school licence[39m[90m                                                                       [39m [90m0.05s[39m  
  [32;1m✓[39;22m[90m [39m[90msuper admin can add admin via service[39m[90m                                                                       [39m [90m0.05s[39m  
  [32;1m✓[39;22m[90m [39m[90msuper admin cannot delete themselves as admin[39m[90m                                                               [39m [90m0.04s[39m  
  [32;1m✓[39;22m[90m [39m[90msuper admin can delete admin via service[39m[90m                                                                    [39m [90m0.07s[39m  

  [30;42;1m PASS [39;49;22m[39m Tests\Feature\SchoolToolControllerTest[39m
  [32;1m✓[39;22m[90m [39m[37mloadConfig[39m[90m → admin can load school tool config[39m[90m                                                              [39m [90m0.05s[39m  
  [32;1m✓[39;22m[90m [39m[37mloadConfig[39m[90m → tutoring admin can load school tool config[39m[90m                                                     [39m [90m0.05s[39m  
  [32;1m✓[39;22m[90m [39m[37mloadConfig[39m[90m → register admin can load school tool config[39m[90m                                                     [39m [90m0.05s[39m  
  [32;1m✓[39;22m[90m [39m[37mloadConfig[39m[90m → load config returns correct data structure[39m[90m                                                     [39m [90m0.05s[39m  
  [32;1m✓[39;22m[90m [39m[37mloadConfig[39m[90m → load config denies access for regular user[39m[90m                                                     [39m [90m0.07s[39m  
  [32;1m✓[39;22m[90m [39m[37mloadConfig[39m[90m → load config requires authentication[39m[90m                                                            [39m [90m0.03s[39m  
  [32;1m✓[39;22m[90m [39m[37mloadConfig[39m[90m → load config returns 404 if school tool does not exist[39m[90m                                          [39m [90m0.05s[39m  
  [32;1m✓[39;22m[90m [39m[37msaveTutoringSettings[39m[90m → admin can save tutoring settings[39m[90m                                                     [39m [90m0.06s[39m  
  [32;1m✓[39;22m[90m [39m[37msaveTutoringSettings[39m[90m → tutoring admin can save tutoring settings[39m[90m                                            [39m [90m0.06s[39m  
  [32;1m✓[39;22m[90m [39m[37msaveTutoringSettings[39m[90m → save tutoring settings updates existing record[39m[90m                                       [39m [90m0.05s[39m  
  [32;1m✓[39;22m[90m [39m[37msaveTutoringSettings[39m[90m → save tutoring settings denies access for register admin[39m[90m                              [39m [90m0.08s[39m  
  [32;1m✓[39;22m[90m [39m[37msaveTutoringSettings[39m[90m → save tutoring settings denies access for regular user[39m[90m                                [39m [90m0.05s[39m  
  [32;1m✓[39;22m[90m [39m[37msaveTutoringSettings[39m[90m → save tutoring settings requires authentication[39m[90m                                       [39m [90m0.05s[39m  
  [32;1m✓[39;22m[90m [39m[37msaveTutoringSettings[39m[90m → save tutoring settings validates required data field[39m[90m                                 [39m [90m0.05s[39m  
  [32;1m✓[39;22m[90m [39m[37msaveTutoringSettings[39m[90m → save tutoring settings validates required id in data[39m[90m                                 [39m [90m0.05s[39m  
  [32;1m✓[39;22m[90m [39m[37msaveTutoringSettings[39m[90m → save tutoring settings returns 422 for non existent school tool[39m[90m                      [39m [90m0.05s[39m  
  [32;1m✓[39;22m[90m [39m[37msaveTutoringSettings[39m[90m → save tutoring settings validates email format[39m[90m                                        [39m [90m0.07s[39m  
  [32;1m✓[39;22m[90m [39m[37msaveTutoringSettings[39m[90m → save tutoring settings allows nullable email[39m[90m                                         [39m [90m0.05s[39m  

  [30;42;1m PASS [39;49;22m[39m Tests\Feature\SchoolyearControllerTest[39m
  [32;1m✓[39;22m[90m [39m[90madmin can list schoolyears sorted by name[39m[90m                                                                   [39m [90m0.04s[39m  
  [32;1m✓[39;22m[90m [39m[90mregister admin can list schoolyears[39m[90m                                                                         [39m [90m0.06s[39m  
  [32;1m✓[39;22m[90m [39m[90mguest cannot list schoolyears[39m[90m                                                                               [39m [90m0.03s[39m  
  [32;1m✓[39;22m[90m [39m[90madmin can create schoolyear and triggers user service update[39m[90m                                                [39m [90m0.07s[39m  
  [32;1m✓[39;22m[90m [39m[90mregister admin cannot create schoolyear[39m[90m                                                                     [39m [90m0.03s[39m  
  [32;1m✓[39;22m[90m [39m[90madmin can update schoolyear[39m[90m                                                                                 [39m [90m0.05s[39m  
  [32;1m✓[39;22m[90m [39m[90mupdate requires valid payload[39m[90m                                                                               [39m [90m0.05s[39m  
  [32;1m✓[39;22m[90m [39m[90mregister admin cannot update schoolyear[39m[90m                                                                     [39m [90m0.05s[39m  
  [32;1m✓[39;22m[90m [39m[90madmin can delete schoolyear without dependencies[39m[90m                                                            [39m [90m0.03s[39m  
  [32;1m✓[39;22m[90m [39m[90mdestroy is blocked when dependencies exist[39m[90m                                                                  [39m [90m0.05s[39m  
  [32;1m✓[39;22m[90m [39m[90mregister admin cannot delete schoolyear[39m[90m                                                                     [39m [90m0.05s[39m  
  [32;1m✓[39;22m[90m [39m[90mguest cannot delete schoolyear[39m[90m                                                                              [39m [90m0.07s[39m  
  [32;1m✓[39;22m[90m [39m[90madmin can set active schoolyear via service[39m[90m                                                                 [39m [90m0.05s[39m  
  [32;1m✓[39;22m[90m [39m[90mregister admin can set active schoolyear[39m[90m                                                                    [39m [90m0.05s[39m  
  [32;1m✓[39;22m[90m [39m[90mset active schoolyear requires authentication and valid payload[39m[90m                                             [39m [90m0.07s[39m  

  [30;42;1m PASS [39;49;22m[39m Tests\Feature\Services\SchoolServiceTest[39m
  [32;1m✓[39;22m[90m [39m[37mcreate[39m[90m → it creates a school with super admin and default schoolyear[39m[90m                                        [39m [90m0.06s[39m  
  [32;1m✓[39;22m[90m [39m[37mcreate[39m[90m → it creates a school and moves logo when upload_file is provided[39m[90m                                    [39m [90m0.05s[39m  
  [32;1m✓[39;22m[90m [39m[37mupdate[39m[90m → it updates school data[39m[90m                                                                             [39m [90m0.08s[39m  
  [32;1m✓[39;22m[90m [39m[37mupdate[39m[90m → it updates school and moves logo when upload_file is provided[39m[90m                                      [39m [90m0.04s[39m  
  [32;1m✓[39;22m[90m [39m[37mdeleteSchools[39m[90m → it skips deletion of school with ID 1[39m[90m                                                       [39m [90m0.03s[39m  
  [32;1m✓[39;22m[90m [39m[37mdeleteSchools[39m[90m → it skips deletion of school with registers[39m[90m                                                  [39m [90m0.05s[39m  
  [32;1m✓[39;22m[90m [39m[37mdeleteSchools[39m[90m → it skips deletion of school with multiple users[39m[90m                                             [39m [90m0.05s[39m  
  [32;1m✓[39;22m[90m [39m[37mdeleteSchools[39m[90m → it successfully deletes school with only super admin[39m[90m                                        [39m [90m0.04s[39m  
  [32;1m✓[39;22m[90m [39m[37mdeleteSchools[39m[90m → it detaches all licences when deleting school[39m[90m                                               [39m [90m0.05s[39m  
  [32;1m✓[39;22m[90m [39m[37mdeleteSchools[39m[90m → it deletes school logo when deleting school[39m[90m                                                 [39m [90m0.05s[39m  
  [32;1m✓[39;22m[90m [39m[37mdeleteSchools[39m[90m → it deletes school storage directory when deleting school[39m[90m                                    [39m [90m0.07s[39m  
  [32;1m✓[39;22m[90m [39m[37mdeleteSchools[39m[90m → it deletes schoolyears when deleting school[39m[90m                                                 [39m [90m0.04s[39m  
  [32;1m✓[39;22m[90m [39m[37mdeleteSchools[39m[90m → it removes all roles from super admin when deleting school[39m[90m                                  [39m [90m0.04s[39m  
  [32;1m✓[39;22m[90m [39m[37mdeleteSchools[39m[90m → it handles multiple schools in deleteSchools array[39m[90m                                          [39m [90m0.05s[39m  
  [32;1m✓[39;22m[90m [39m[37mdeleteSchools[39m[90m → it skips some schools and deletes others based on validation[39m[90m                                [39m [90m0.05s[39m  
  [32;1m✓[39;22m[90m [39m[37mschoolInfos[39m[90m → it returns licences and admins for a school[39m[90m                                                   [39m [90m0.04s[39m  
  [32;1m✓[39;22m[90m [39m[37mloadSwitchableSchools[39m[90m → it returns all schools where user has accounts[39m[90m                                      [39m [90m0.03s[39m  
  [32;1m✓[39;22m[90m [39m[37mloadSwitchableSchools[39m[90m → it returns unique schools sorted by long_name[39m[90m                                       [39m [90m0.03s[39m  
  [32;1m✓[39;22m[90m [39m[37mswitchSchool[39m[90m → it switches user to different school[39m[90m                                                         [39m [90m0.06s[39m  
  [32;1m✓[39;22m[90m [39m[37mswitchSchool[39m[90m → it throws exception when user does not exist in target school[39m[90m                                [39m [90m0.04s[39m  
  [32;1m✓[39;22m[90m [39m[37maddAdmin[39m[90m → it creates a new admin user[39m[90m                                                                      [39m [90m0.05s[39m  
  [32;1m✓[39;22m[90m [39m[37maddAdmin[39m[90m → it prevents creating admin with duplicate email in same school[39m[90m                                   [39m [90m0.03s[39m  
  [32;1m✓[39;22m[90m [39m[37maddAdmin[39m[90m → it prevents creating second super_admin for a school[39m[90m                                             [39m [90m0.05s[39m  
  [32;1m✓[39;22m[90m [39m[37maddAdmin[39m[90m → it assigns multiple roles to user[39m[90m                                                                [39m [90m0.04s[39m  
  [32;1m✓[39;22m[90m [39m[37mdeleteAdmin[39m[90m → it prevents deletion of user with ID 1[39m[90m                                                        [39m [90m0.04s[39m  
  [32;1m✓[39;22m[90m [39m[37mdeleteAdmin[39m[90m → it removes admin roles from user without complete deletion[39m[90m                                    [39m [90m0.06s[39m  
  [32;1m✓[39;22m[90m [39m[37mdeleteAdmin[39m[90m → it completely deletes user when no bookings exist[39m[90m                                             [39m [90m0.03s[39m  

  [30;42;1m PASS [39;49;22m[39m Tests\Feature\Services\SchoolyearServiceTest[39m
  [32;1m✓[39;22m[90m [39m[37msetToUser[39m[90m → it sets schoolyear to user successfully[39m[90m                                                         [39m [90m0.08s[39m  
  [32;1m✓[39;22m[90m [39m[37msetToUser[39m[90m → it updates existing schoolyear of user[39m[90m                                                          [39m [90m0.05s[39m  
  [32;1m✓[39;22m[90m [39m[37msetToUser[39m[90m → it persists user schoolyear in database[39m[90m                                                         [39m [90m0.05s[39m  
  [32;1m✓[39;22m[90m [39m[37msetToUser[39m[90m → it returns the correct schoolyear instance[39m[90m                                                      [39m [90m0.05s[39m  
  [32;1m✓[39;22m[90m [39m[37msetToUser[39m[90m → it throws exception when schoolyear does not exist[39m[90m                                              [39m [90m0.06s[39m  
  [32;1m✓[39;22m[90m [39m[37msetToUser[39m[90m → it handles multiple users with same schoolyear[39m[90m                                                  [39m [90m0.05s[39m  
  [32;1m✓[39;22m[90m [39m[37msetToUser[39m[90m → it can switch between different schoolyears[39m[90m                                                     [39m [90m0.04s[39m  
  [32;1m✓[39;22m[90m [39m[37msetToUser[39m[90m → it works with user that has roles assigned[39m[90m                                                      [39m [90m0.03s[39m  
  [32;1m✓[39;22m[90m [39m[37msetToUser[39m[90m → it maintains other user attributes when setting schoolyear[39m[90m                                      [39m [90m0.07s[39m  
  [32;1m✓[39;22m[90m [39m[37msetToUser[39m[90m → it handles inactive schoolyear[39m[90m                                                                  [39m [90m0.04s[39m  

  [30;42;1m PASS [39;49;22m[39m Tests\Feature\Services\UserServiceTest[39m
  [32;1m✓[39;22m[90m [39m[37mstore[39m[90m → it creates a user with defaults and assigns only checked non super_admin roles[39m[90m                      [39m [90m0.03s[39m  
  [32;1m✓[39;22m[90m [39m[37mstore[39m[90m → it throws an exception when the email already exists for the school[39m[90m                                 [39m [90m0.03s[39m  
  [32;1m✓[39;22m[90m [39m[37mupdate[39m[90m → it updates a user and synchronizes roles[39m[90m                                                           [39m [90m0.06s[39m  
  [32;1m✓[39;22m[90m [39m[37mupdate[39m[90m → it does not remove register_user role when bookings exist[39m[90m                                          [39m [90m0.03s[39m  
  [32;1m✓[39;22m[90m [39m[37mupdate[39m[90m → it throws an exception when updating to an email already used in the school[39m[90m                        [39m [90m0.03s[39m  
  [32;1m✓[39;22m[90m [39m[37mdelete[39m[90m → it deletes users without dependencies and not matching the current user[39m[90m                            [39m [90m0.03s[39m  
  [32;1m✓[39;22m[90m [39m[37mdelete[39m[90m → it does not delete users with dependencies[39m[90m                                                         [39m [90m0.07s[39m  
  [32;1m✓[39;22m[90m [39m[37mdelete[39m[90m → it does not delete the current user[39m[90m                                                                [39m [90m0.05s[39m  
  [32;1m✓[39;22m[90m [39m[37msetSchoolyearToNull[39m[90m → it sets schoolyear_id and register_id to null for users in the given schoolyear[39m[90m       [39m [90m0.03s[39m  
  [32;1m✓[39;22m[90m [39m[37msetSchoolyearToNull[39m[90m → it does not affect users from other schoolyears[39m[90m                                       [39m [90m0.05s[39m  
  [32;1m✓[39;22m[90m [39m[37msetNewSchoolyear[39m[90m → it sets new schoolyear and clears register[39m[90m                                               [39m [90m0.05s[39m  
  [32;1m✓[39;22m[90m [39m[37msetNewSchoolyear[39m[90m → it updates user with null schoolyear[39m[90m                                                     [39m [90m0.05s[39m  
  [32;1m✓[39;22m[90m [39m[37mallUsersInfos[39m[90m → it returns correct user statistics[39m[90m                                                          [39m [90m0.05s[39m  
  [32;1m✓[39;22m[90m [39m[37mallUsersInfos[39m[90m → it returns zero counts when no users exist except dummy[39m[90m                                     [39m [90m0.05s[39m  
  [32;1m✓[39;22m[90m [39m[37msendVerificationEmail[39m[90m → it sends verification email to a single user[39m[90m                                        [39m [90m0.06s[39m  
  [32;1m✓[39;22m[90m [39m[37msendVerificationEmail[39m[90m → it sends verification emails to multiple users[39m[90m                                      [39m [90m0.03s[39m  
  [32;1m✓[39;22m[90m [39m[37mconfirm[39m[90m → it confirms unconfirmed users and sends verification emails[39m[90m                                       [39m [90m0.05s[39m  
  [32;1m✓[39;22m[90m [39m[37mconfirm[39m[90m → it throws exception when all users are already confirmed[39m[90m                                          [39m [90m0.03s[39m  
  [32;1m✓[39;22m[90m [39m[37mconfirm[39m[90m → it processes multiple users for confirmation[39m[90m                                                      [39m [90m0.03s[39m  
  [32;1m✓[39;22m[90m [39m[37msetNewUserRoles[39m[90m → it assigns roles to users[39m[90m                                                                 [39m [90m0.05s[39m  
  [32;1m✓[39;22m[90m [39m[37msetNewUserRoles[39m[90m → it removes roles from users[39m[90m                                                               [39m [90m0.03s[39m  
  [32;1m✓[39;22m[90m [39m[37msetNewUserRoles[39m[90m → it assigns and removes multiple roles for multiple users[39m[90m                                  [39m [90m0.04s[39m  
  [32;1m✓[39;22m[90m [39m[37msetNewUserRoles[39m[90m → it ignores roles with role_check not 1 or 2[39m[90m                                               [39m [90m0.05s[39m  
  [32;1m✓[39;22m[90m [39m[37mcheck2Fa[39m[90m → it returns TWO_FA_DELETE when 2FA is not wanted[39m[90m                                                  [39m [90m0.05s[39m  
  [32;1m✓[39;22m[90m [39m[37mcheck2Fa[39m[90m → it returns error when 2FA email equals user email[39m[90m                                                [39m [90m0.05s[39m  
  [32;1m✓[39;22m[90m [39m[37mcheck2Fa[39m[90m → it returns TWO_FA_OK when 2FA email matches and is verified[39m[90m                                      [39m [90m0.05s[39m  
  [32;1m✓[39;22m[90m [39m[37mcheck2Fa[39m[90m → it returns TWO_FA_EMAIL_MUST_BE_VERIFIED when 2FA email matches but not verified[39m[90m                 [39m [90m0.05s[39m  
  [32;1m✓[39;22m[90m [39m[37mcheck2Fa[39m[90m → it returns TWO_FA_ERROR when 2FA email is null[39m[90m                                                   [39m [90m0.05s[39m  
  [32;1m✓[39;22m[90m [39m[37mcheck2Fa[39m[90m → it returns TWO_FA_EMAIL_IS_NEW when 2FA email is new[39m[90m                                             [39m [90m0.03s[39m  
  [32;1m✓[39;22m[90m [39m[37mcheck2FaStep2[39m[90m → it deletes 2FA when result is TWO_FA_DELETE[39m[90m                                                 [39m [90m0.04s[39m  
  [32;1m✓[39;22m[90m [39m[37mcheck2FaStep2[39m[90m → it sets 2FA when result is TWO_FA_OK[39m[90m                                                        [39m [90m0.05s[39m  
  [32;1m✓[39;22m[90m [39m[37mcheck2FaStep2[39m[90m → it sends 2FA code when email must be verified[39m[90m                                               [39m [90m0.05s[39m  
  [32;1m✓[39;22m[90m [39m[37mcheck2FaStep2[39m[90m → it sends 2FA code when email is new[39m[90m                                                         [39m [90m0.07s[39m  
  [32;1m✓[39;22m[90m [39m[37mupdate2Fa[39m[90m → it updates 2FA settings and returns TWO_FA_SET[39m[90m                                                  [39m [90m0.05s[39m  
  [32;1m✓[39;22m[90m [39m[37mupdate2Fa[39m[90m → it updates existing 2FA email[39m[90m                                                                   [39m [90m0.05s[39m  
  [32;1m✓[39;22m[90m [39m[37misEmailInSchoolAvailable[39m[90m → it returns true when email is available in school[39m[90m                                [39m [90m0.05s[39m  
  [32;1m✓[39;22m[90m [39m[37misEmailInSchoolAvailable[39m[90m → it returns false when email exists in school[39m[90m                                     [39m [90m0.05s[39m  
  [32;1m✓[39;22m[90m [39m[37misEmailInSchoolAvailable[39m[90m → it returns true when email exists in different school[39m[90m                            [39m [90m0.04s[39m  
  [32;1m✓[39;22m[90m [39m[37msendEmailVerification[39m[90m → it sends verification code to specified email[39m[90m                                       [39m [90m0.05s[39m  
  [32;1m✓[39;22m[90m [39m[37msendEmailVerification[39m[90m → it generates 6-digit token[39m[90m                                                          [39m [90m0.03s[39m  
  [32;1m✓[39;22m[90m [39m[37mcheckEmailVerification[39m[90m → it returns true when token is valid and not expired[39m[90m                                [39m [90m0.05s[39m  
  [32;1m✓[39;22m[90m [39m[37mcheckEmailVerification[39m[90m → it returns false when token is invalid[39m[90m                                             [39m [90m0.07s[39m  
  [32;1m✓[39;22m[90m [39m[37mcheckEmailVerification[39m[90m → it returns false when token is expired[39m[90m                                             [39m [90m0.04s[39m  
  [32;1m✓[39;22m[90m [39m[37mcheckEmailVerification[39m[90m → it returns false when token_2fa_expires_at is null[39m[90m                                 [39m [90m0.05s[39m  
  [32;1m✓[39;22m[90m [39m[37msetPasswordOrSendCode[39m[90m → it sends code when no status provided[39m[90m                                               [39m [90m0.03s[39m  
  [32;1m✓[39;22m[90m [39m[37msetPasswordOrSendCode[39m[90m → it sets password when token is valid and status is CONFIRM_PASSWORD[39m[90m                 [39m [90m0.03s[39m  
  [32;1m✓[39;22m[90m [39m[37msetPasswordOrSendCode[39m[90m → it sets password when token is valid and status is RE_CONFIRM_PASSWORD[39m[90m              [39m [90m0.03s[39m  
  [32;1m✓[39;22m[90m [39m[37msetPasswordOrSendCode[39m[90m → it resends code when token is invalid[39m[90m                                               [39m [90m0.04s[39m  
  [32;1m✓[39;22m[90m [39m[37msetPasswordOrSendCode[39m[90m → it resends code when token is expired[39m[90m                                               [39m [90m0.03s[39m  
  [32;1m✓[39;22m[90m [39m[37msetPasswordOrSendCode[39m[90m → it logs in user after successful password change[39m[90m                                    [39m [90m0.07s[39m  

  [30;42;1m PASS [39;49;22m[39m Tests\Feature\SpaRoleControllerTest[39m
  [32;1m✓[39;22m[90m [39m[37mindex[39m[90m → super admin can list roles[39m[90m                                                                          [39m [90m0.07s[39m  
  [32;1m✓[39;22m[90m [39m[37mindex[39m[90m → index excludes super_admin role from list[39m[90m                                                           [39m [90m0.05s[39m  
  [32;1m✓[39;22m[90m [39m[37mindex[39m[90m → index filters by search string[39m[90m                                                                      [39m [90m0.05s[39m  
  [32;1m✓[39;22m[90m [39m[37mindex[39m[90m → index orders roles by name[39m[90m                                                                          [39m [90m0.07s[39m  
  [32;1m✓[39;22m[90m [39m[37mindex[39m[90m → index denies access for admin user[39m[90m                                                                  [39m [90m0.05s[39m  
  [32;1m✓[39;22m[90m [39m[37mindex[39m[90m → index denies access for regular user[39m[90m                                                                [39m [90m0.05s[39m  
  [32;1m✓[39;22m[90m [39m[37mindex[39m[90m → index requires authentication[39m[90m                                                                       [39m [90m0.05s[39m  
  [32;1m✓[39;22m[90m [39m[37mindex[39m[90m → index returns paginated results[39m[90m                                                                     [39m [90m0.04s[39m  
  [32;1m✓[39;22m[90m [39m[37mstore[39m[90m → super admin can create new role[39m[90m                                                                     [39m [90m0.05s[39m  
  [32;1m✓[39;22m[90m [39m[37mstore[39m[90m → store sets guard_name to web automatically[39m[90m                                                          [39m [90m0.09s[39m  
  [32;1m✓[39;22m[90m [39m[37mstore[39m[90m → store denies access for admin user[39m[90m                                                                  [39m [90m0.05s[39m  
  [32;1m✓[39;22m[90m [39m[37mstore[39m[90m → store denies access for regular user[39m[90m                                                                [39m [90m0.05s[39m  
  [32;1m✓[39;22m[90m [39m[37mstore[39m[90m → store requires authentication[39m[90m                                                                       [39m [90m0.04s[39m  
  [32;1m✓[39;22m[90m [39m[37mstore[39m[90m → store validates required name field[39m[90m                                                                 [39m [90m0.05s[39m  
  [32;1m✓[39;22m[90m [39m[37mstore[39m[90m → store validates unique name[39m[90m                                                                         [39m [90m0.05s[39m  
  [32;1m✓[39;22m[90m [39m[37mshow[39m[90m → super admin can view single role[39m[90m                                                                     [39m [90m0.06s[39m  
  [32;1m✓[39;22m[90m [39m[37mshow[39m[90m → show denies access for admin user[39m[90m                                                                    [39m [90m0.05s[39m  
  [32;1m✓[39;22m[90m [39m[37mshow[39m[90m → show denies access for regular user[39m[90m                                                                  [39m [90m0.05s[39m  
  [32;1m✓[39;22m[90m [39m[37mshow[39m[90m → show requires authentication[39m[90m                                                                         [39m [90m0.05s[39m  
  [32;1m✓[39;22m[90m [39m[37mshow[39m[90m → show returns 404 for non existent role[39m[90m                                                               [39m [90m0.05s[39m  
  [32;1m✓[39;22m[90m [39m[37mupdate[39m[90m → super admin can update role[39m[90m                                                                        [39m [90m0.08s[39m  
  [32;1m✓[39;22m[90m [39m[37mupdate[39m[90m → update allows super_admin to modify super_admin role name[39m[90m                                          [39m [90m0.04s[39m  
  [32;1m✓[39;22m[90m [39m[37mupdate[39m[90m → update denies access for admin user[39m[90m                                                                [39m [90m0.05s[39m  
  [32;1m✓[39;22m[90m [39m[37mupdate[39m[90m → update denies access for regular user[39m[90m                                                              [39m [90m0.04s[39m  
  [32;1m✓[39;22m[90m [39m[37mupdate[39m[90m → update requires authentication[39m[90m                                                                     [39m [90m0.04s[39m  
  [32;1m✓[39;22m[90m [39m[37mupdate[39m[90m → update validates required name field[39m[90m                                                               [39m [90m0.05s[39m  
  [32;1m✓[39;22m[90m [39m[37mupdate[39m[90m → update validates unique name[39m[90m                                                                       [39m [90m0.03s[39m  
  [32;1m✓[39;22m[90m [39m[37mdestroy[39m[90m → super admin can delete role without dependencies[39m[90m                                                  [39m [90m0.08s[39m  
  [32;1m✓[39;22m[90m [39m[37mdestroy[39m[90m → destroy prevents deletion of role with dependencies[39m[90m                                               [39m [90m0.03s[39m  
  [32;1m✓[39;22m[90m [39m[37mdestroy[39m[90m → destroy denies access for admin user[39m[90m                                                              [39m [90m0.05s[39m  
  [32;1m✓[39;22m[90m [39m[37mdestroy[39m[90m → destroy denies access for regular user[39m[90m                                                            [39m [90m0.05s[39m  
  [32;1m✓[39;22m[90m [39m[37mdestroy[39m[90m → destroy requires authentication[39m[90m                                                                   [39m [90m0.05s[39m  
  [32;1m✓[39;22m[90m [39m[37mdestroyMultiple[39m[90m → super admin can delete multiple roles without dependencies[39m[90m                                [39m [90m0.04s[39m  
  [32;1m✓[39;22m[90m [39m[37mdestroyMultiple[39m[90m → destroy multiple prevents deletion when any role has dependencies[39m[90m                         [39m [90m0.06s[39m  
  [32;1m✓[39;22m[90m [39m[37mdestroyMultiple[39m[90m → destroy multiple denies access for admin user[39m[90m                                             [39m [90m0.05s[39m  
  [32;1m✓[39;22m[90m [39m[37mdestroyMultiple[39m[90m → destroy multiple denies access for regular user[39m[90m                                           [39m [90m0.05s[39m  
  [32;1m✓[39;22m[90m [39m[37mdestroyMultiple[39m[90m → destroy multiple requires authentication[39m[90m                                                  [39m [90m0.05s[39m  
  [32;1m✓[39;22m[90m [39m[37mdestroyMultiple[39m[90m → destroy multiple handles empty array[39m[90m                                                      [39m [90m0.04s[39m  

  [30;42;1m PASS [39;49;22m[39m Tests\Feature\TeacherControllerTest[39m
  [32;1m✓[39;22m[90m [39m[90madmin can access index endpoint[39m[90m                                                                             [39m [90m0.08s[39m  
  [32;1m✓[39;22m[90m [39m[90mnon-admin cannot access index endpoint[39m[90m                                                                      [39m [90m0.05s[39m  
  [32;1m✓[39;22m[90m [39m[90mguest cannot access index endpoint[39m[90m                                                                          [39m [90m0.05s[39m  
  [32;1m✓[39;22m[90m [39m[90mindex returns paginated teachers[39m[90m                                                                            [39m [90m0.04s[39m  
  [32;1m✓[39;22m[90m [39m[90mindex filters teachers by school_id[39m[90m                                                                         [39m [90m0.05s[39m  
  [32;1m✓[39;22m[90m [39m[90mindex searches by short[39m[90m                                                                                     [39m [90m0.04s[39m  
  [32;1m✓[39;22m[90m [39m[90mindex searches by last_name[39m[90m                                                                                 [39m [90m0.04s[39m  
  [32;1m✓[39;22m[90m [39m[90mindex orders by short and last_name[39m[90m                                                                         [39m [90m0.09s[39m  
  [32;1m✓[39;22m[90m [39m[90madmin can create teacher[39m[90m                                                                                    [39m [90m0.05s[39m  
  [32;1m✓[39;22m[90m [39m[90mnon-admin cannot create teacher[39m[90m                                                                             [39m [90m0.05s[39m  
  [32;1m✓[39;22m[90m [39m[90mstore validates required fields[39m[90m                                                                             [39m [90m0.05s[39m  
  [32;1m✓[39;22m[90m [39m[90mstore validates email format[39m[90m                                                                                [39m [90m0.07s[39m  
  [32;1m✓[39;22m[90m [39m[90mnon-admin cannot update teacher[39m[90m                                                                             [39m [90m0.05s[39m  
  [32;1m✓[39;22m[90m [39m[90madmin can delete teachers[39m[90m                                                                                   [39m [90m0.06s[39m  
  [32;1m✓[39;22m[90m [39m[90mnon-admin cannot delete teachers[39m[90m                                                                            [39m [90m0.08s[39m  
  [32;1m✓[39;22m[90m [39m[90mdeleteTeachers calls service with correct parameters[39m[90m                                                        [39m [90m0.04s[39m  

  [30;42;1m PASS [39;49;22m[39m Tests\Feature\TeachersListControllerTest[39m
  [32;1m✓[39;22m[90m [39m[90madmin can access index endpoint[39m[90m                                                                             [39m [90m0.06s[39m  
  [32;1m✓[39;22m[90m [39m[90mnon-admin cannot access index endpoint[39m[90m                                                                      [39m [90m0.03s[39m  
  [32;1m✓[39;22m[90m [39m[90mguest cannot access index endpoint[39m[90m                                                                          [39m [90m0.03s[39m  
  [32;1m✓[39;22m[90m [39m[90mindex returns teachers from Teacher model[39m[90m                                                                   [39m [90m0.04s[39m  
  [32;1m✓[39;22m[90m [39m[90mindex filters by school_id[39m[90m                                                                                  [39m [90m0.07s[39m  
  [32;1m✓[39;22m[90m [39m[90mindex orders by short and last_name[39m[90m                                                                         [39m [90m0.05s[39m  

  [30;42;1m PASS [39;49;22m[39m Tests\Feature\TutoringControllerTest[39m
  [32;1m✓[39;22m[90m [39m[37mconfig[39m[90m → config returns schools with valid tutoring licence[39m[90m                                                 [39m [90m0.04s[39m  
  [32;1m✓[39;22m[90m [39m[37mconfig[39m[90m → config excludes schools without tutoring licence[39m[90m                                                   [39m [90m0.05s[39m  
  [32;1m✓[39;22m[90m [39m[37mconfig[39m[90m → config excludes schools with expired licence[39m[90m                                                       [39m [90m0.06s[39m  
  [32;1m✓[39;22m[90m [39m[37mconfig[39m[90m → config excludes non selectable schools[39m[90m                                                             [39m [90m0.05s[39m  
  [32;1m✓[39;22m[90m [39m[37mloadAuth[39m[90m → load auth returns user data for authenticated tutoring user[39m[90m                                      [39m [90m0.07s[39m  
  [32;1m✓[39;22m[90m [39m[37mloadAuth[39m[90m → load auth denies access for non tutoring user[39m[90m                                                    [39m [90m0.04s[39m  
  [32;1m✓[39;22m[90m [39m[37mloadAuth[39m[90m → load auth requires authentication[39m[90m                                                                [39m [90m0.04s[39m  
  [32;1m✓[39;22m[90m [39m[37mcheckEmail[39m[90m → check email returns USER_FOUND for existing user[39m[90m                                               [39m [90m0.06s[39m  
  [32;1m✓[39;22m[90m [39m[37mcheckEmail[39m[90m → check email returns NEW_USER for non existent user[39m[90m                                             [39m [90m0.05s[39m  
  [32;1m✓[39;22m[90m [39m[37mcheckEmail[39m[90m → check email validates required email[39m[90m                                                           [39m [90m0.05s[39m  
  [32;1m✓[39;22m[90m [39m[37mcreateUser[39m[90m → create user successfully creates new tutoring user[39m[90m                                             [39m [90m0.03s[39m  
  [32;1m✓[39;22m[90m [39m[37mcreateUser[39m[90m → create user validates required fields[39m[90m                                                          [39m [90m0.07s[39m  
  [32;1m✓[39;22m[90m [39m[37mconfirmEmail[39m[90m → confirm email with valid token updates status[39m[90m                                                [39m [90m0.05s[39m  
  [32;1m✓[39;22m[90m [39m[37mconfirmUser[39m[90m → confirm user with valid UUID returns success message[39m[90m                                          [39m [90m0.05s[39m  
  [32;1m✓[39;22m[90m [39m[37mconfirmUser[39m[90m → confirm user with invalid UUID returns failure message[39m[90m                                        [39m [90m0.05s[39m  
  [32;1m✓[39;22m[90m [39m[37mloginWithPassword[39m[90m → login with password succeeds with correct credentials[39m[90m                                   [39m [90m0.04s[39m  
  [32;1m✓[39;22m[90m [39m[37mloginWithPassword[39m[90m → login with password fails with incorrect password[39m[90m                                       [39m [90m0.20s[39m  
  [32;1m✓[39;22m[90m [39m[37munknownPassword[39m[90m → unknown password sends login token[39m[90m                                                        [39m [90m0.05s[39m  
  [32;1m✓[39;22m[90m [39m[37mloginWithToken[39m[90m → login with token succeeds with valid token[39m[90m                                                 [39m [90m0.07s[39m  
  [32;1m✓[39;22m[90m [39m[37mloginWithToken[39m[90m → login with token fails with invalid token[39m[90m                                                  [39m [90m0.05s[39m  

  [30;42;1m PASS [39;49;22m[39m Tests\Feature\TutoringUserControllerTest[39m
  [32;1m✓[39;22m[90m [39m[37mupdate[39m[90m → tutoring user can update their profile without email change[39m[90m                                        [39m [90m0.05s[39m  
  [32;1m✓[39;22m[90m [39m[37mupdate[39m[90m → update triggers email verification when email changes[39m[90m                                              [39m [90m0.05s[39m  
  [32;1m✓[39;22m[90m [39m[37mupdate[39m[90m → update confirms email with valid token[39m[90m                                                             [39m [90m0.03s[39m  
  [32;1m✓[39;22m[90m [39m[37mupdate[39m[90m → update resends code when email verification fails[39m[90m                                                  [39m [90m0.05s[39m  
  [32;1m✓[39;22m[90m [39m[37mupdate[39m[90m → update rejects duplicate email in same school[39m[90m                                                      [39m [90m0.07s[39m  
  [32;1m✓[39;22m[90m [39m[37mupdate[39m[90m → update denies access for non tutoring user[39m[90m                                                         [39m [90m0.05s[39m  
  [32;1m✓[39;22m[90m [39m[37mupdate[39m[90m → update requires authentication[39m[90m                                                                     [39m [90m0.03s[39m  
  [32;1m✓[39;22m[90m [39m[37mupdate[39m[90m → update validates required data fields[39m[90m                                                              [39m [90m0.04s[39m  
  [32;1m✓[39;22m[90m [39m[37mupdatePassword[39m[90m → update password sends code on first request[39m[90m                                                [39m [90m0.05s[39m  
  [32;1m✓[39;22m[90m [39m[37mupdatePassword[39m[90m → update password sets password with valid token[39m[90m                                             [39m [90m0.05s[39m  
  [32;1m✓[39;22m[90m [39m[37mupdatePassword[39m[90m → update password resends code when token is invalid[39m[90m                                         [39m [90m0.06s[39m  
  [32;1m✓[39;22m[90m [39m[37mupdatePassword[39m[90m → update password denies when user IDs do not match[39m[90m                                          [39m [90m0.04s[39m  
  [32;1m✓[39;22m[90m [39m[37mupdatePassword[39m[90m → update password denies access for non tutoring user[39m[90m                                        [39m [90m0.05s[39m  
  [32;1m✓[39;22m[90m [39m[37mupdatePassword[39m[90m → update password requires authentication[39m[90m                                                    [39m [90m0.05s[39m  
  [32;1m✓[39;22m[90m [39m[37mupdatePassword[39m[90m → update password validates required password field[39m[90m                                          [39m [90m0.04s[39m  
  [32;1m✓[39;22m[90m [39m[37mlogout[39m[90m → logout logs out authenticated tutoring user[39m[90m                                                        [39m [90m0.06s[39m  
  [32;1m✓[39;22m[90m [39m[37mlogout[39m[90m → logout denies access for non tutoring user[39m[90m                                                         [39m [90m0.04s[39m  
  [32;1m✓[39;22m[90m [39m[37mlogout[39m[90m → logout requires authentication[39m[90m                                                                     [39m [90m0.07s[39m  
  [32;1m✓[39;22m[90m [39m[37mlogout[39m[90m → logout calls Auth logout and invalidates session[39m[90m                                                   [39m [90m0.05s[39m  

  [30;42;1m PASS [39;49;22m[39m Tests\Feature\UserControllerTest[39m
  [32;1m✓[39;22m[90m [39m[90msuper admin can store user via UserService[39m[90m                                                                  [39m [90m0.05s[39m  
  [32;1m✓[39;22m[90m [39m[90mnon super admin cannot store user[39m[90m                                                                           [39m [90m0.05s[39m  
  [32;1m✓[39;22m[90m [39m[90msuper admin can delete users through service[39m[90m                                                                [39m [90m0.05s[39m  
  [32;1m✓[39;22m[90m [39m[90mdeleteUsers is forbidden for non super admin[39m[90m                                                                [39m [90m0.05s[39m  
  [32;1m✓[39;22m[90m [39m[90mregister admin can show a user[39m[90m                                                                              [39m [90m0.09s[39m  
  [32;1m✓[39;22m[90m [39m[90madmin can destroy another user[39m[90m                                                                              [39m [90m0.05s[39m  
  [32;1m✓[39;22m[90m [39m[90madmin cannot destroy themselves[39m[90m                                                                             [39m [90m0.03s[39m  
  [32;1m✓[39;22m[90m [39m[90madmin can destroy multiple users and not self[39m[90m                                                               [39m [90m0.04s[39m  
  [32;1m✓[39;22m[90m [39m[90madmin can trigger verification email for ids[39m[90m                                                                [39m [90m0.04s[39m  
  [32;1m✓[39;22m[90m [39m[90madmin can confirm users[39m[90m                                                                                     [39m [90m0.05s[39m  
  [32;1m✓[39;22m[90m [39m[90msuper admin can load users for their school with pagination and sorting[39m[90m                                     [39m [90m0.07s[39m  
  [32;1m✓[39;22m[90m [39m[90mnon super admin is forbidden from loading users[39m[90m                                                             [39m [90m0.06s[39m  
  [32;1m✓[39;22m[90m [39m[90mguest is unauthorized from loading users[39m[90m                                                                    [39m [90m0.04s[39m  
  [32;1m✓[39;22m[90m [39m[90msuper admin updates user through service[39m[90m                                                                    [39m [90m0.05s[39m  
  [32;1m✓[39;22m[90m [39m[90mupdateUser is forbidden for non super admin[39m[90m                                                                 [39m [90m0.03s[39m  
  [32;1m✓[39;22m[90m [39m[90madmin can filter users by active flag[39m[90m                                                                       [39m [90m0.05s[39m  
  [32;1m✓[39;22m[90m [39m[90mstandard user can access index endpoint[39m[90m                                                                     [39m [90m0.05s[39m  
  [32;1m✓[39;22m[90m [39m[90madmin can save user roles[39m[90m                                                                                   [39m [90m0.08s[39m  
  [32;1m✓[39;22m[90m [39m[90msave user roles requires admin role[39m[90m                                                                         [39m [90m0.05s[39m  
  [32;1m✓[39;22m[90m [39m[90muser can request verification email without authentication[39m[90m                                                  [39m [90m0.03s[39m  
  [32;1m✓[39;22m[90m [39m[90memail verification succeeds with valid uuid[39m[90m                                                                 [39m [90m0.03s[39m  
  [32;1m✓[39;22m[90m [39m[90madmin can start 2FA setup and receive result[39m[90m                                                                [39m [90m0.06s[39m  
  [32;1m✓[39;22m[90m [39m[90madmin can complete 2FA with code[39m[90m                                                                            [39m [90m0.05s[39m  

  [30;42;1m PASS [39;49;22m[39m Tests\Feature\UserWithRoleControllerTest[39m
  [32;1m✓[39;22m[90m [39m[90madmin can load roles excluding super_admin[39m[90m                                                                  [39m [90m0.08s[39m  
  [32;1m✓[39;22m[90m [39m[90mnon admin receives empty roles list[39m[90m                                                                         [39m [90m0.06s[39m  
  [32;1m✓[39;22m[90m [39m[90msuper admin can sync user roles and keeps super_admin intact[39m[90m                                                [39m [90m0.05s[39m  
  [32;1m✓[39;22m[90m [39m[90mnon super admin cannot sync user roles[39m[90m                                                                      [39m [90m0.03s[39m  
  [32;1m✓[39;22m[90m [39m[90madmin can list users filtered by role[39m[90m                                                                       [39m [90m0.04s[39m  
  [32;1m✓[39;22m[90m [39m[90muser without admin role cannot list users with roles[39m[90m                                                        [39m [90m0.04s[39m  
  [32;1m✓[39;22m[90m [39m[90madmin can create user and flags are set[39m[90m                                                                     [39m [90m0.07s[39m  
  [32;1m✓[39;22m[90m [39m[90mstore requires admin role[39m[90m                                                                                   [39m [90m0.04s[39m  
  [32;1m✓[39;22m[90m [39m[90madmin can update user details[39m[90m                                                                               [39m [90m0.06s[39m  
  [32;1m✓[39;22m[90m [39m[90msuper admin can show user; admin cannot[39m[90m                                                                     [39m [90m0.05s[39m  

  [90mTests:[39m    [33;1m5 skipped[39;22m[90m,[39m[39m [39m[32;1m1511 passed[39;22m[90m (6302 assertions)[39m
  [90mDuration:[39m [39m87.72s[39m

